Archive member included to satisfy reference by file (symbol)

d:/stm32cubeide/stm32cubeide_1.4.0/stm32cubeide/plugins/com.st.stm32cube.ide.mcu.externaltools.gnu-tools-for-stm32.7-2018-q2-update.win32_1.5.0.202011040924/tools/bin/../lib/gcc/arm-none-eabi/7.3.1/../../../../arm-none-eabi/lib/thumb/v7-m\libc_nano.a(lib_a-errno.o)
                              Core/Src/syscalls.o (__errno)
d:/stm32cubeide/stm32cubeide_1.4.0/stm32cubeide/plugins/com.st.stm32cube.ide.mcu.externaltools.gnu-tools-for-stm32.7-2018-q2-update.win32_1.5.0.202011040924/tools/bin/../lib/gcc/arm-none-eabi/7.3.1/../../../../arm-none-eabi/lib/thumb/v7-m\libc_nano.a(lib_a-exit.o)
                              d:/stm32cubeide/stm32cubeide_1.4.0/stm32cubeide/plugins/com.st.stm32cube.ide.mcu.externaltools.gnu-tools-for-stm32.7-2018-q2-update.win32_1.5.0.202011040924/tools/bin/../lib/gcc/arm-none-eabi/7.3.1/../../../../arm-none-eabi/lib/thumb/v7-m/crt0.o (exit)
d:/stm32cubeide/stm32cubeide_1.4.0/stm32cubeide/plugins/com.st.stm32cube.ide.mcu.externaltools.gnu-tools-for-stm32.7-2018-q2-update.win32_1.5.0.202011040924/tools/bin/../lib/gcc/arm-none-eabi/7.3.1/../../../../arm-none-eabi/lib/thumb/v7-m\libc_nano.a(lib_a-impure.o)
                              d:/stm32cubeide/stm32cubeide_1.4.0/stm32cubeide/plugins/com.st.stm32cube.ide.mcu.externaltools.gnu-tools-for-stm32.7-2018-q2-update.win32_1.5.0.202011040924/tools/bin/../lib/gcc/arm-none-eabi/7.3.1/../../../../arm-none-eabi/lib/thumb/v7-m\libc_nano.a(lib_a-exit.o) (_global_impure_ptr)
d:/stm32cubeide/stm32cubeide_1.4.0/stm32cubeide/plugins/com.st.stm32cube.ide.mcu.externaltools.gnu-tools-for-stm32.7-2018-q2-update.win32_1.5.0.202011040924/tools/bin/../lib/gcc/arm-none-eabi/7.3.1/../../../../arm-none-eabi/lib/thumb/v7-m\libc_nano.a(lib_a-init.o)
                              d:/stm32cubeide/stm32cubeide_1.4.0/stm32cubeide/plugins/com.st.stm32cube.ide.mcu.externaltools.gnu-tools-for-stm32.7-2018-q2-update.win32_1.5.0.202011040924/tools/bin/../lib/gcc/arm-none-eabi/7.3.1/../../../../arm-none-eabi/lib/thumb/v7-m/crt0.o (__libc_init_array)
d:/stm32cubeide/stm32cubeide_1.4.0/stm32cubeide/plugins/com.st.stm32cube.ide.mcu.externaltools.gnu-tools-for-stm32.7-2018-q2-update.win32_1.5.0.202011040924/tools/bin/../lib/gcc/arm-none-eabi/7.3.1/../../../../arm-none-eabi/lib/thumb/v7-m\libc_nano.a(lib_a-memcpy-stub.o)
                              Core/Src/main.o (memcpy)
d:/stm32cubeide/stm32cubeide_1.4.0/stm32cubeide/plugins/com.st.stm32cube.ide.mcu.externaltools.gnu-tools-for-stm32.7-2018-q2-update.win32_1.5.0.202011040924/tools/bin/../lib/gcc/arm-none-eabi/7.3.1/../../../../arm-none-eabi/lib/thumb/v7-m\libc_nano.a(lib_a-memset.o)
                              d:/stm32cubeide/stm32cubeide_1.4.0/stm32cubeide/plugins/com.st.stm32cube.ide.mcu.externaltools.gnu-tools-for-stm32.7-2018-q2-update.win32_1.5.0.202011040924/tools/bin/../lib/gcc/arm-none-eabi/7.3.1/../../../../arm-none-eabi/lib/thumb/v7-m/crt0.o (memset)
d:/stm32cubeide/stm32cubeide_1.4.0/stm32cubeide/plugins/com.st.stm32cube.ide.mcu.externaltools.gnu-tools-for-stm32.7-2018-q2-update.win32_1.5.0.202011040924/tools/bin/../lib/gcc/arm-none-eabi/7.3.1/../../../../arm-none-eabi/lib/thumb/v7-m\libc_nano.a(lib_a-printf.o)
                              Core/Src/as608.o (printf)
d:/stm32cubeide/stm32cubeide_1.4.0/stm32cubeide/plugins/com.st.stm32cube.ide.mcu.externaltools.gnu-tools-for-stm32.7-2018-q2-update.win32_1.5.0.202011040924/tools/bin/../lib/gcc/arm-none-eabi/7.3.1/../../../../arm-none-eabi/lib/thumb/v7-m\libc_nano.a(lib_a-puts.o)
                              Core/Src/as608.o (puts)
d:/stm32cubeide/stm32cubeide_1.4.0/stm32cubeide/plugins/com.st.stm32cube.ide.mcu.externaltools.gnu-tools-for-stm32.7-2018-q2-update.win32_1.5.0.202011040924/tools/bin/../lib/gcc/arm-none-eabi/7.3.1/../../../../arm-none-eabi/lib/thumb/v7-m\libc_nano.a(lib_a-wbuf.o)
                              d:/stm32cubeide/stm32cubeide_1.4.0/stm32cubeide/plugins/com.st.stm32cube.ide.mcu.externaltools.gnu-tools-for-stm32.7-2018-q2-update.win32_1.5.0.202011040924/tools/bin/../lib/gcc/arm-none-eabi/7.3.1/../../../../arm-none-eabi/lib/thumb/v7-m\libc_nano.a(lib_a-puts.o) (__swbuf_r)
d:/stm32cubeide/stm32cubeide_1.4.0/stm32cubeide/plugins/com.st.stm32cube.ide.mcu.externaltools.gnu-tools-for-stm32.7-2018-q2-update.win32_1.5.0.202011040924/tools/bin/../lib/gcc/arm-none-eabi/7.3.1/../../../../arm-none-eabi/lib/thumb/v7-m\libc_nano.a(lib_a-wsetup.o)
                              d:/stm32cubeide/stm32cubeide_1.4.0/stm32cubeide/plugins/com.st.stm32cube.ide.mcu.externaltools.gnu-tools-for-stm32.7-2018-q2-update.win32_1.5.0.202011040924/tools/bin/../lib/gcc/arm-none-eabi/7.3.1/../../../../arm-none-eabi/lib/thumb/v7-m\libc_nano.a(lib_a-puts.o) (__swsetup_r)
[...]
Memory Configuration

Name             Origin             Length             Attributes
RAM              0x0000000020000000 0x0000000000005000 xrw
FLASH            0x0000000008000000 0x0000000000010000 xr
*default*        0x0000000000000000 0xffffffffffffffff

Linker script and memory map

LOAD d:/stm32cubeide/stm32cubeide_1.4.0/stm32cubeide/plugins/com.st.stm32cube.ide.mcu.externaltools.gnu-tools-for-stm32.7-2018-q2-update.win32_1.5.0.202011040924/tools/bin/../lib/gcc/arm-none-eabi/7.3.1/thumb/v7-m/crti.o
LOAD d:/stm32cubeide/stm32cubeide_1.4.0/stm32cubeide/plugins/com.st.stm32cube.ide.mcu.externaltools.gnu-tools-for-stm32.7-2018-q2-update.win32_1.5.0.202011040924/tools/bin/../lib/gcc/arm-none-eabi/7.3.1/thumb/v7-m/crtbegin.o
LOAD d:/stm32cubeide/stm32cubeide_1.4.0/stm32cubeide/plugins/com.st.stm32cube.ide.mcu.externaltools.gnu-tools-for-stm32.7-2018-q2-update.win32_1.5.0.202011040924/tools/bin/../lib/gcc/arm-none-eabi/7.3.1/../../../../arm-none-eabi/lib/thumb/v7-m/crt0.o
LOAD Core/McuLib/commonlib/src/mylibs/drv/commDrv/select/Re_commDrv_stm32f1_hal.o
LOAD Core/McuLib/commonlib/src/mylibs/drv/iicDrv/select/Re_iicDrv_stm32f1_hal.o
LOAD Core/McuLib/commonlib/src/mylibs/service/input/keypad/Re_keypad.o
LOAD Core/McuLib/commonlib/src/mylibs/service/input/keypad/select/Re_keypad_stm32_hal.o
LOAD Core/Src/as608.o
LOAD Core/Src/gpio.o
LOAD Core/Src/i2c.o
LOAD Core/Src/main.o
LOAD Core/Src/oled.o
LOAD Core/Src/rtc.o
LOAD Core/Src/stm32f1xx_hal_msp.o
LOAD Core/Src/stm32f1xx_it.o
LOAD Core/Src/syscalls.o
LOAD Core/Src/sysmem.o
LOAD Core/Src/system_stm32f1xx.o
LOAD Core/Src/tim.o
LOAD Core/Src/usart.o
LOAD Core/Startup/startup_stm32f103c8tx.o
LOAD Drivers/STM32F1xx_HAL_Driver/Src/stm32f1xx_hal.o
LOAD Drivers/STM32F1xx_HAL_Driver/Src/stm32f1xx_hal_cortex.o
LOAD Drivers/STM32F1xx_HAL_Driver/Src/stm32f1xx_hal_dma.o
LOAD Drivers/STM32F1xx_HAL_Driver/Src/stm32f1xx_hal_exti.o
LOAD Drivers/STM32F1xx_HAL_Driver/Src/stm32f1xx_hal_flash.o
LOAD Drivers/STM32F1xx_HAL_Driver/Src/stm32f1xx_hal_flash_ex.o
LOAD Drivers/STM32F1xx_HAL_Driver/Src/stm32f1xx_hal_gpio.o
LOAD Drivers/STM32F1xx_HAL_Driver/Src/stm32f1xx_hal_gpio_ex.o
LOAD Drivers/STM32F1xx_HAL_Driver/Src/stm32f1xx_hal_i2c.o
LOAD Drivers/STM32F1xx_HAL_Driver/Src/stm32f1xx_hal_pwr.o
LOAD Drivers/STM32F1xx_HAL_Driver/Src/stm32f1xx_hal_rcc.o
LOAD Drivers/STM32F1xx_HAL_Driver/Src/stm32f1xx_hal_rcc_ex.o
LOAD Drivers/STM32F1xx_HAL_Driver/Src/stm32f1xx_hal_rtc.o
LOAD Drivers/STM32F1xx_HAL_Driver/Src/stm32f1xx_hal_rtc_ex.o
LOAD Drivers/STM32F1xx_HAL_Driver/Src/stm32f1xx_hal_tim.o
LOAD Drivers/STM32F1xx_HAL_Driver/Src/stm32f1xx_hal_tim_ex.o
LOAD Drivers/STM32F1xx_HAL_Driver/Src/stm32f1xx_hal_uart.o
START GROUP
LOAD d:/stm32cubeide/stm32cubeide_1.4.0/stm32cubeide/plugins/com.st.stm32cube.ide.mcu.externaltools.gnu-tools-for-stm32.7-2018-q2-update.win32_1.5.0.202011040924/tools/bin/../lib/gcc/arm-none-eabi/7.3.1/../../../../arm-none-eabi/lib/thumb/v7-m\libc_nano.a
LOAD d:/stm32cubeide/stm32cubeide_1.4.0/stm32cubeide/plugins/com.st.stm32cube.ide.mcu.externaltools.gnu-tools-for-stm32.7-2018-q2-update.win32_1.5.0.202011040924/tools/bin/../lib/gcc/arm-none-eabi/7.3.1/../../../../arm-none-eabi/lib/thumb/v7-m\libm.a
END GROUP
START GROUP
LOAD d:/stm32cubeide/stm32cubeide_1.4.0/stm32cubeide/plugins/com.st.stm32cube.ide.mcu.externaltools.gnu-tools-for-stm32.7-2018-q2-update.win32_1.5.0.202011040924/tools/bin/../lib/gcc/arm-none-eabi/7.3.1/thumb/v7-m\libgcc.a
LOAD d:/stm32cubeide/stm32cubeide_1.4.0/stm32cubeide/plugins/com.st.stm32cube.ide.mcu.externaltools.gnu-tools-for-stm32.7-2018-q2-update.win32_1.5.0.202011040924/tools/bin/../lib/gcc/arm-none-eabi/7.3.1/../../../../arm-none-eabi/lib/thumb/v7-m\libc_nano.a
END GROUP
START GROUP
LOAD d:/stm32cubeide/stm32cubeide_1.4.0/stm32cubeide/plugins/com.st.stm32cube.ide.mcu.externaltools.gnu-tools-for-stm32.7-2018-q2-update.win32_1.5.0.202011040924/tools/bin/../lib/gcc/arm-none-eabi/7.3.1/thumb/v7-m\libgcc.a
LOAD d:/stm32cubeide/stm32cubeide_1.4.0/stm32cubeide/plugins/com.st.stm32cube.ide.mcu.externaltools.gnu-tools-for-stm32.7-2018-q2-update.win32_1.5.0.202011040924/tools/bin/../lib/gcc/arm-none-eabi/7.3.1/../../../../arm-none-eabi/lib/thumb/v7-m\libc_nano.a
LOAD d:/stm32cubeide/stm32cubeide_1.4.0/stm32cubeide/plugins/com.st.stm32cube.ide.mcu.externaltools.gnu-tools-for-stm32.7-2018-q2-update.win32_1.5.0.202011040924/tools/bin/../lib/gcc/arm-none-eabi/7.3.1/../../../../arm-none-eabi/lib/thumb/v7-m\libnosys.a
END GROUP
START GROUP
LOAD d:/stm32cubeide/stm32cubeide_1.4.0/stm32cubeide/plugins/com.st.stm32cube.ide.mcu.externaltools.gnu-tools-for-stm32.7-2018-q2-update.win32_1.5.0.202011040924/tools/bin/../lib/gcc/arm-none-eabi/7.3.1/thumb/v7-m\libgcc.a
LOAD d:/stm32cubeide/stm32cubeide_1.4.0/stm32cubeide/plugins/com.st.stm32cube.ide.mcu.externaltools.gnu-tools-for-stm32.7-2018-q2-update.win32_1.5.0.202011040924/tools/bin/../lib/gcc/arm-none-eabi/7.3.1/../../../../arm-none-eabi/lib/thumb/v7-m\libc_nano.a
LOAD d:/stm32cubeide/stm32cubeide_1.4.0/stm32cubeide/plugins/com.st.stm32cube.ide.mcu.externaltools.gnu-tools-for-stm32.7-2018-q2-update.win32_1.5.0.202011040924/tools/bin/../lib/gcc/arm-none-eabi/7.3.1/../../../../arm-none-eabi/lib/thumb/v7-m\libnosys.a
END GROUP
LOAD d:/stm32cubeide/stm32cubeide_1.4.0/stm32cubeide/plugins/com.st.stm32cube.ide.mcu.externaltools.gnu-tools-for-stm32.7-2018-q2-update.win32_1.5.0.202011040924/tools/bin/../lib/gcc/arm-none-eabi/7.3.1/thumb/v7-m/crtend.o
LOAD d:/stm32cubeide/stm32cubeide_1.4.0/stm32cubeide/plugins/com.st.stm32cube.ide.mcu.externaltools.gnu-tools-for-stm32.7-2018-q2-update.win32_1.5.0.202011040924/tools/bin/../lib/gcc/arm-none-eabi/7.3.1/thumb/v7-m/crtn.o
                0x0000000020005000                _estack = (ORIGIN (RAM) + LENGTH (RAM))
                0x0000000000000200                _Min_Heap_Size = 0x200
                0x0000000000000400                _Min_Stack_Size = 0x400

.isr_vector     0x0000000008000000      0x10c
                0x0000000008000000                . = ALIGN (0x4)
 *(.isr_vector)
 .isr_vector    0x0000000008000000      0x10c Core/Startup/startup_stm32f103c8tx.o
                0x0000000008000000                g_pfnVectors
                0x000000000800010c                . = ALIGN (0x4)

.text           0x000000000800010c     0x5c50
                0x000000000800010c                . = ALIGN (0x4)
 *(.text)
 .text          0x000000000800010c       0x40 d:/stm32cubeide/stm32cubeide_1.4.0/stm32cubeide/plugins/com.st.stm32cube.ide.mcu.externaltools.gnu-tools-for-stm32.7-2018-q2-update.win32_1.5.0.202011040924/tools/bin/../lib/gcc/arm-none-eabi/7.3.1/thumb/v7-m/crtbegin.o
 *(.text*)
 .text.myDelayUS
                0x000000000800014c       0x84 Core/McuLib/commonlib/src/mylibs/drv/commDrv/select/Re_commDrv_stm32f1_hal.o
                0x000000000800014c                myDelayUS
 .text.myDelayMS
                0x00000000080001d0       0x3e Core/McuLib/commonlib/src/mylibs/drv/commDrv/select/Re_commDrv_stm32f1_hal.o
                0x00000000080001d0                myDelayMS
 *fill*         0x000000000800020e        0x2 
 .text.keypad_init
                0x0000000008000210       0x80 Core/McuLib/commonlib/src/mylibs/service/input/keypad/Re_keypad.o
                0x0000000008000210                keypad_init
 .text.keypad_init_hardware
                0x0000000008000290       0x84 Core/McuLib/commonlib/src/mylibs/service/input/keypad/select/Re_keypad_stm32_hal.o
                0x0000000008000290                keypad_init_hardware
 .text.keypad_writecol
                0x0000000008000314       0x78 Core/McuLib/commonlib/src/mylibs/service/input/keypad/select/Re_keypad_stm32_hal.o
                0x0000000008000314                keypad_writecol
 .text.setFrame
                0x000000000800038c       0x70 Core/Src/as608.o
                0x000000000800038c                setFrame
 .text.PS_GetImage
                0x00000000080003fc       0xe8 Core/Src/as608.o
                0x00000000080003fc                PS_GetImage
 .text.PS_GenChar
                0x00000000080004e4      0x144 Core/Src/as608.o
                0x00000000080004e4                PS_GenChar
 .text.PS_Search
                0x0000000008000628      0x214 Core/Src/as608.o
                0x0000000008000628                PS_Search
 .text.MX_GPIO_Init
                0x000000000800083c       0x9c Core/Src/gpio.o
                0x000000000800083c                MX_GPIO_Init
 .text.MX_I2C1_Init
                0x00000000080008d8       0x5c Core/Src/i2c.o
                0x00000000080008d8                MX_I2C1_Init
 .text.HAL_I2C_MspInit
                0x0000000008000934       0x7c Core/Src/i2c.o
                0x0000000008000934                HAL_I2C_MspInit
 .text.callback
                0x00000000080009b0      0x228 Core/Src/main.o
                0x00000000080009b0                callback
 .text.main     0x0000000008000bd8      0x160 Core/Src/main.o
                0x0000000008000bd8                main
 .text.SystemClock_Config
                0x0000000008000d38       0xba Core/Src/main.o
                0x0000000008000d38                SystemClock_Config
 *fill*         0x0000000008000df2        0x2 
 .text.HAL_TIM_PeriodElapsedCallback
                0x0000000008000df4       0x34 Core/Src/main.o
                0x0000000008000df4                HAL_TIM_PeriodElapsedCallback
 .text.wrongdoing
                0x0000000008000e28       0x96 Core/Src/main.o
                0x0000000008000e28                wrongdoing
 .text.rightdoing
                0x0000000008000ebe       0x96 Core/Src/main.o
                0x0000000008000ebe                rightdoing
 .text.verification
                0x0000000008000f54       0xec Core/Src/main.o
                0x0000000008000f54                verification
 .text._write   0x0000000008001040       0x2c Core/Src/main.o
                0x0000000008001040                _write
 .text.Error_Handler
                0x000000000800106c        0x8 Core/Src/main.o
                0x000000000800106c                Error_Handler
 .text.OLED_Write_Cmd
                0x0000000008001074       0x34 Core/Src/oled.o
 .text.OLED_Write_Dat
                0x00000000080010a8       0x34 Core/Src/oled.o
 .text.OLED_Set_Pos
                0x00000000080010dc       0x4e Core/Src/oled.o
                0x00000000080010dc                OLED_Set_Pos
 .text.OLED_Clear
                0x000000000800112a       0x52 Core/Src/oled.o
                0x000000000800112a                OLED_Clear
 .text.OLED_ShowCHinese
                0x000000000800117c       0x9c Core/Src/oled.o
                0x000000000800117c                OLED_ShowCHinese
 .text.OLED_Init
                0x0000000008001218       0xc4 Core/Src/oled.o
                0x0000000008001218                OLED_Init
 .text.MX_RTC_Init
                0x00000000080012dc       0x94 Core/Src/rtc.o
                0x00000000080012dc                MX_RTC_Init
 .text.HAL_RTC_MspInit
                0x0000000008001370       0x48 Core/Src/rtc.o
                0x0000000008001370                HAL_RTC_MspInit
 .text.HAL_MspInit
                0x00000000080013b8       0x64 Core/Src/stm32f1xx_hal_msp.o
                0x00000000080013b8                HAL_MspInit
 .text.NMI_Handler
                0x000000000800141c        0x6 Core/Src/stm32f1xx_it.o
                0x000000000800141c                NMI_Handler
 .text.HardFault_Handler
                0x0000000008001422        0x6 Core/Src/stm32f1xx_it.o
                0x0000000008001422                HardFault_Handler
 .text.MemManage_Handler
                0x0000000008001428        0x6 Core/Src/stm32f1xx_it.o
                0x0000000008001428                MemManage_Handler
 .text.BusFault_Handler
                0x000000000800142e        0x6 Core/Src/stm32f1xx_it.o
                0x000000000800142e                BusFault_Handler
 .text.UsageFault_Handler
                0x0000000008001434        0x6 Core/Src/stm32f1xx_it.o
                0x0000000008001434                UsageFault_Handler
 .text.SVC_Handler
                0x000000000800143a        0xc Core/Src/stm32f1xx_it.o
                0x000000000800143a                SVC_Handler
 .text.DebugMon_Handler
                0x0000000008001446        0xc Core/Src/stm32f1xx_it.o
                0x0000000008001446                DebugMon_Handler
 .text.PendSV_Handler
                0x0000000008001452        0xc Core/Src/stm32f1xx_it.o
                0x0000000008001452                PendSV_Handler
 .text.SysTick_Handler
                0x000000000800145e        0xc Core/Src/stm32f1xx_it.o
                0x000000000800145e                SysTick_Handler
 *fill*         0x000000000800146a        0x2 
 .text.TIM2_IRQHandler
                0x000000000800146c       0x14 Core/Src/stm32f1xx_it.o
                0x000000000800146c                TIM2_IRQHandler
 .text.TIM4_IRQHandler
                0x0000000008001480       0x14 Core/Src/stm32f1xx_it.o
                0x0000000008001480                TIM4_IRQHandler
 .text.USART1_IRQHandler
                0x0000000008001494       0x14 Core/Src/stm32f1xx_it.o
                0x0000000008001494                USART1_IRQHandler
 .text.USART2_IRQHandler
                0x00000000080014a8       0x14 Core/Src/stm32f1xx_it.o
                0x00000000080014a8                USART2_IRQHandler
 .text._read    0x00000000080014bc       0x3a Core/Src/syscalls.o
                0x00000000080014bc                _read
 .text._close   0x00000000080014f6       0x16 Core/Src/syscalls.o
                0x00000000080014f6                _close
 .text._fstat   0x000000000800150c       0x1e Core/Src/syscalls.o
                0x000000000800150c                _fstat
 .text._isatty  0x000000000800152a       0x14 Core/Src/syscalls.o
                0x000000000800152a                _isatty
 .text._lseek   0x000000000800153e       0x18 Core/Src/syscalls.o
                0x000000000800153e                _lseek
 *fill*         0x0000000008001556        0x2 
 .text._sbrk    0x0000000008001558       0x6c Core/Src/sysmem.o
                0x0000000008001558                _sbrk
 .text.SystemInit
                0x00000000080015c4        0xc Core/Src/system_stm32f1xx.o
                0x00000000080015c4                SystemInit
 .text.MX_TIM2_Init
                0x00000000080015d0       0xec Core/Src/tim.o
                0x00000000080015d0                MX_TIM2_Init
 .text.MX_TIM4_Init
                0x00000000080016bc       0x9c Core/Src/tim.o
                0x00000000080016bc                MX_TIM4_Init
 .text.HAL_TIM_Base_MspInit
                0x0000000008001758       0x80 Core/Src/tim.o
                0x0000000008001758                HAL_TIM_Base_MspInit
 .text.HAL_TIM_MspPostInit
                0x00000000080017d8       0x60 Core/Src/tim.o
                0x00000000080017d8                HAL_TIM_MspPostInit
 .text.MX_USART1_UART_Init
                0x0000000008001838       0x54 Core/Src/usart.o
                0x0000000008001838                MX_USART1_UART_Init
 .text.MX_USART2_UART_Init
                0x000000000800188c       0x54 Core/Src/usart.o
                0x000000000800188c                MX_USART2_UART_Init
 .text.HAL_UART_MspInit
                0x00000000080018e0      0x128 Core/Src/usart.o
                0x00000000080018e0                HAL_UART_MspInit
 .text.Reset_Handler
                0x0000000008001a08       0x48 Core/Startup/startup_stm32f103c8tx.o
                0x0000000008001a08                Reset_Handler
 .text.Default_Handler
                0x0000000008001a50        0x2 Core/Startup/startup_stm32f103c8tx.o
                0x0000000008001a50                RTC_Alarm_IRQHandler
                0x0000000008001a50                EXTI2_IRQHandler
                0x0000000008001a50                TIM1_CC_IRQHandler
                0x0000000008001a50                PVD_IRQHandler
                0x0000000008001a50                EXTI3_IRQHandler
                0x0000000008001a50                EXTI0_IRQHandler
                0x0000000008001a50                I2C2_EV_IRQHandler
                0x0000000008001a50                ADC1_2_IRQHandler
                0x0000000008001a50                SPI1_IRQHandler
                0x0000000008001a50                TAMPER_IRQHandler
                0x0000000008001a50                DMA1_Channel4_IRQHandler
                0x0000000008001a50                USART3_IRQHandler
                0x0000000008001a50                RTC_IRQHandler
                0x0000000008001a50                DMA1_Channel7_IRQHandler
                0x0000000008001a50                CAN1_RX1_IRQHandler
                0x0000000008001a50                I2C1_EV_IRQHandler
                0x0000000008001a50                DMA1_Channel6_IRQHandler
                0x0000000008001a50                TIM3_IRQHandler
                0x0000000008001a50                RCC_IRQHandler
                0x0000000008001a50                TIM1_TRG_COM_IRQHandler
                0x0000000008001a50                DMA1_Channel1_IRQHandler
                0x0000000008001a50                Default_Handler
                0x0000000008001a50                EXTI15_10_IRQHandler
                0x0000000008001a50                EXTI9_5_IRQHandler
                0x0000000008001a50                SPI2_IRQHandler
                0x0000000008001a50                DMA1_Channel5_IRQHandler
                0x0000000008001a50                EXTI4_IRQHandler
                0x0000000008001a50                USB_LP_CAN1_RX0_IRQHandler
                0x0000000008001a50                USB_HP_CAN1_TX_IRQHandler
                0x0000000008001a50                DMA1_Channel3_IRQHandler
                0x0000000008001a50                TIM1_UP_IRQHandler
                0x0000000008001a50                WWDG_IRQHandler
                0x0000000008001a50                TIM1_BRK_IRQHandler
                0x0000000008001a50                EXTI1_IRQHandler
                0x0000000008001a50                I2C2_ER_IRQHandler
                0x0000000008001a50                DMA1_Channel2_IRQHandler
                0x0000000008001a50                CAN1_SCE_IRQHandler
                0x0000000008001a50                FLASH_IRQHandler
                0x0000000008001a50                I2C1_ER_IRQHandler
                0x0000000008001a50                USBWakeUp_IRQHandler
 *fill*         0x0000000008001a52        0x2 
 .text.HAL_Init
                0x0000000008001a54       0x2c Drivers/STM32F1xx_HAL_Driver/Src/stm32f1xx_hal.o
                0x0000000008001a54                HAL_Init
 .text.HAL_InitTick
                0x0000000008001a80       0x60 Drivers/STM32F1xx_HAL_Driver/Src/stm32f1xx_hal.o
                0x0000000008001a80                HAL_InitTick
 .text.HAL_IncTick
                0x0000000008001ae0       0x24 Drivers/STM32F1xx_HAL_Driver/Src/stm32f1xx_hal.o
                0x0000000008001ae0                HAL_IncTick
 .text.HAL_GetTick
                0x0000000008001b04       0x14 Drivers/STM32F1xx_HAL_Driver/Src/stm32f1xx_hal.o
                0x0000000008001b04                HAL_GetTick
 .text.HAL_Delay
                0x0000000008001b18       0x44 Drivers/STM32F1xx_HAL_Driver/Src/stm32f1xx_hal.o
                0x0000000008001b18                HAL_Delay
 .text.__NVIC_SetPriorityGrouping
                0x0000000008001b5c       0x48 Drivers/STM32F1xx_HAL_Driver/Src/stm32f1xx_hal_cortex.o
 .text.__NVIC_GetPriorityGrouping
                0x0000000008001ba4       0x1c Drivers/STM32F1xx_HAL_Driver/Src/stm32f1xx_hal_cortex.o
 .text.__NVIC_EnableIRQ
                0x0000000008001bc0       0x38 Drivers/STM32F1xx_HAL_Driver/Src/stm32f1xx_hal_cortex.o
 .text.__NVIC_SetPriority
                0x0000000008001bf8       0x54 Drivers/STM32F1xx_HAL_Driver/Src/stm32f1xx_hal_cortex.o
 .text.NVIC_EncodePriority
                0x0000000008001c4c       0x64 Drivers/STM32F1xx_HAL_Driver/Src/stm32f1xx_hal_cortex.o
 .text.SysTick_Config
                0x0000000008001cb0       0x44 Drivers/STM32F1xx_HAL_Driver/Src/stm32f1xx_hal_cortex.o
 .text.HAL_NVIC_SetPriorityGrouping
                0x0000000008001cf4       0x16 Drivers/STM32F1xx_HAL_Driver/Src/stm32f1xx_hal_cortex.o
                0x0000000008001cf4                HAL_NVIC_SetPriorityGrouping
 .text.HAL_NVIC_SetPriority
                0x0000000008001d0a       0x38 Drivers/STM32F1xx_HAL_Driver/Src/stm32f1xx_hal_cortex.o
                0x0000000008001d0a                HAL_NVIC_SetPriority
 .text.HAL_NVIC_EnableIRQ
                0x0000000008001d42       0x1c Drivers/STM32F1xx_HAL_Driver/Src/stm32f1xx_hal_cortex.o
                0x0000000008001d42                HAL_NVIC_EnableIRQ
 .text.HAL_SYSTICK_Config
                0x0000000008001d5e       0x18 Drivers/STM32F1xx_HAL_Driver/Src/stm32f1xx_hal_cortex.o
                0x0000000008001d5e                HAL_SYSTICK_Config
 *fill*         0x0000000008001d76        0x2 
 .text.HAL_DMA_Abort_IT
                0x0000000008001d78       0xec Drivers/STM32F1xx_HAL_Driver/Src/stm32f1xx_hal_dma.o
                0x0000000008001d78                HAL_DMA_Abort_IT
 .text.HAL_GPIO_Init
                0x0000000008001e64      0x2b4 Drivers/STM32F1xx_HAL_Driver/Src/stm32f1xx_hal_gpio.o
                0x0000000008001e64                HAL_GPIO_Init
 .text.HAL_GPIO_ReadPin
                0x0000000008002118       0x2e Drivers/STM32F1xx_HAL_Driver/Src/stm32f1xx_hal_gpio.o
                0x0000000008002118                HAL_GPIO_ReadPin
 .text.HAL_GPIO_WritePin
                0x0000000008002146       0x30 Drivers/STM32F1xx_HAL_Driver/Src/stm32f1xx_hal_gpio.o
                0x0000000008002146                HAL_GPIO_WritePin
 *fill*         0x0000000008002176        0x2 
 .text.HAL_I2C_Init
                0x0000000008002178      0x270 Drivers/STM32F1xx_HAL_Driver/Src/stm32f1xx_hal_i2c.o
                0x0000000008002178                HAL_I2C_Init
 .text.HAL_I2C_Master_Transmit
                0x00000000080023e8      0x1fc Drivers/STM32F1xx_HAL_Driver/Src/stm32f1xx_hal_i2c.o
                0x00000000080023e8                HAL_I2C_Master_Transmit
 .text.I2C_MasterRequestWrite
                0x00000000080025e4      0x104 Drivers/STM32F1xx_HAL_Driver/Src/stm32f1xx_hal_i2c.o
 .text.I2C_WaitOnFlagUntilTimeout
                0x00000000080026e8       0xae Drivers/STM32F1xx_HAL_Driver/Src/stm32f1xx_hal_i2c.o
 .text.I2C_WaitOnMasterAddressFlagUntilTimeout
                0x0000000008002796       0xfe Drivers/STM32F1xx_HAL_Driver/Src/stm32f1xx_hal_i2c.o
 .text.I2C_WaitOnTXEFlagUntilTimeout
                0x0000000008002894       0x82 Drivers/STM32F1xx_HAL_Driver/Src/stm32f1xx_hal_i2c.o
 .text.I2C_WaitOnBTFFlagUntilTimeout
                0x0000000008002916       0x82 Drivers/STM32F1xx_HAL_Driver/Src/stm32f1xx_hal_i2c.o
 .text.I2C_IsAcknowledgeFailed
                0x0000000008002998       0x5c Drivers/STM32F1xx_HAL_Driver/Src/stm32f1xx_hal_i2c.o
 .text.HAL_PWR_EnableBkUpAccess
                0x00000000080029f4       0x18 Drivers/STM32F1xx_HAL_Driver/Src/stm32f1xx_hal_pwr.o
                0x00000000080029f4                HAL_PWR_EnableBkUpAccess
 .text.HAL_RCC_OscConfig
                0x0000000008002a0c      0x500 Drivers/STM32F1xx_HAL_Driver/Src/stm32f1xx_hal_rcc.o
                0x0000000008002a0c                HAL_RCC_OscConfig
 .text.HAL_RCC_ClockConfig
                0x0000000008002f0c      0x1d4 Drivers/STM32F1xx_HAL_Driver/Src/stm32f1xx_hal_rcc.o
                0x0000000008002f0c                HAL_RCC_ClockConfig
 .text.HAL_RCC_GetSysClockFreq
                0x00000000080030e0       0xc4 Drivers/STM32F1xx_HAL_Driver/Src/stm32f1xx_hal_rcc.o
                0x00000000080030e0                HAL_RCC_GetSysClockFreq
 .text.HAL_RCC_GetHCLKFreq
                0x00000000080031a4       0x14 Drivers/STM32F1xx_HAL_Driver/Src/stm32f1xx_hal_rcc.o
                0x00000000080031a4                HAL_RCC_GetHCLKFreq
 .text.HAL_RCC_GetPCLK1Freq
                0x00000000080031b8       0x28 Drivers/STM32F1xx_HAL_Driver/Src/stm32f1xx_hal_rcc.o
                0x00000000080031b8                HAL_RCC_GetPCLK1Freq
 .text.HAL_RCC_GetPCLK2Freq
                0x00000000080031e0       0x28 Drivers/STM32F1xx_HAL_Driver/Src/stm32f1xx_hal_rcc.o
                0x00000000080031e0                HAL_RCC_GetPCLK2Freq
 .text.RCC_Delay
                0x0000000008003208       0x3c Drivers/STM32F1xx_HAL_Driver/Src/stm32f1xx_hal_rcc.o
 .text.HAL_RCCEx_PeriphCLKConfig
                0x0000000008003244      0x16c Drivers/STM32F1xx_HAL_Driver/Src/stm32f1xx_hal_rcc_ex.o
                0x0000000008003244                HAL_RCCEx_PeriphCLKConfig
 .text.HAL_RCCEx_GetPeriphCLKFreq
                0x00000000080033b0      0x178 Drivers/STM32F1xx_HAL_Driver/Src/stm32f1xx_hal_rcc_ex.o
                0x00000000080033b0                HAL_RCCEx_GetPeriphCLKFreq
 .text.HAL_RTC_Init
                0x0000000008003528      0x12c Drivers/STM32F1xx_HAL_Driver/Src/stm32f1xx_hal_rtc.o
                0x0000000008003528                HAL_RTC_Init
 .text.HAL_RTC_SetTime
                0x0000000008003654      0x12e Drivers/STM32F1xx_HAL_Driver/Src/stm32f1xx_hal_rtc.o
                0x0000000008003654                HAL_RTC_SetTime
 *fill*         0x0000000008003782        0x2 
 .text.HAL_RTC_SetDate
                0x0000000008003784      0x16c Drivers/STM32F1xx_HAL_Driver/Src/stm32f1xx_hal_rtc.o
                0x0000000008003784                HAL_RTC_SetDate
 .text.HAL_RTC_WaitForSynchro
                0x00000000080038f0       0x5a Drivers/STM32F1xx_HAL_Driver/Src/stm32f1xx_hal_rtc.o
                0x00000000080038f0                HAL_RTC_WaitForSynchro
 .text.RTC_ReadTimeCounter
                0x000000000800394a       0x60 Drivers/STM32F1xx_HAL_Driver/Src/stm32f1xx_hal_rtc.o
 .text.RTC_WriteTimeCounter
                0x00000000080039aa       0x4e Drivers/STM32F1xx_HAL_Driver/Src/stm32f1xx_hal_rtc.o
 .text.RTC_ReadAlarmCounter
                0x00000000080039f8       0x32 Drivers/STM32F1xx_HAL_Driver/Src/stm32f1xx_hal_rtc.o
 .text.RTC_WriteAlarmCounter
                0x0000000008003a2a       0x4e Drivers/STM32F1xx_HAL_Driver/Src/stm32f1xx_hal_rtc.o
 .text.RTC_EnterInitMode
                0x0000000008003a78       0x50 Drivers/STM32F1xx_HAL_Driver/Src/stm32f1xx_hal_rtc.o
 .text.RTC_ExitInitMode
                0x0000000008003ac8       0x50 Drivers/STM32F1xx_HAL_Driver/Src/stm32f1xx_hal_rtc.o
 .text.RTC_Bcd2ToByte
                0x0000000008003b18       0x3a Drivers/STM32F1xx_HAL_Driver/Src/stm32f1xx_hal_rtc.o
 *fill*         0x0000000008003b52        0x2 
 .text.RTC_WeekDayNum
                0x0000000008003b54       0xf0 Drivers/STM32F1xx_HAL_Driver/Src/stm32f1xx_hal_rtc.o
 .text.HAL_TIM_Base_Init
                0x0000000008003c44       0x9e Drivers/STM32F1xx_HAL_Driver/Src/stm32f1xx_hal_tim.o
                0x0000000008003c44                HAL_TIM_Base_Init
 *fill*         0x0000000008003ce2        0x2 
 .text.HAL_TIM_Base_Start_IT
                0x0000000008003ce4       0xa4 Drivers/STM32F1xx_HAL_Driver/Src/stm32f1xx_hal_tim.o
                0x0000000008003ce4                HAL_TIM_Base_Start_IT
 .text.HAL_TIM_PWM_Init
                0x0000000008003d88       0x9e Drivers/STM32F1xx_HAL_Driver/Src/stm32f1xx_hal_tim.o
                0x0000000008003d88                HAL_TIM_PWM_Init
 .text.HAL_TIM_PWM_MspInit
                0x0000000008003e26       0x12 Drivers/STM32F1xx_HAL_Driver/Src/stm32f1xx_hal_tim.o
                0x0000000008003e26                HAL_TIM_PWM_MspInit
 .text.HAL_TIM_PWM_Start
                0x0000000008003e38      0x144 Drivers/STM32F1xx_HAL_Driver/Src/stm32f1xx_hal_tim.o
                0x0000000008003e38                HAL_TIM_PWM_Start
 .text.HAL_TIM_IRQHandler
                0x0000000008003f7c      0x210 Drivers/STM32F1xx_HAL_Driver/Src/stm32f1xx_hal_tim.o
                0x0000000008003f7c                HAL_TIM_IRQHandler
 .text.HAL_TIM_PWM_ConfigChannel
                0x000000000800418c      0x17c Drivers/STM32F1xx_HAL_Driver/Src/stm32f1xx_hal_tim.o
                0x000000000800418c                HAL_TIM_PWM_ConfigChannel
 .text.HAL_TIM_ConfigClockSource
                0x0000000008004308      0x16e Drivers/STM32F1xx_HAL_Driver/Src/stm32f1xx_hal_tim.o
                0x0000000008004308                HAL_TIM_ConfigClockSource
 .text.HAL_TIM_OC_DelayElapsedCallback
                0x0000000008004476       0x12 Drivers/STM32F1xx_HAL_Driver/Src/stm32f1xx_hal_tim.o
                0x0000000008004476                HAL_TIM_OC_DelayElapsedCallback
 .text.HAL_TIM_IC_CaptureCallback
                0x0000000008004488       0x12 Drivers/STM32F1xx_HAL_Driver/Src/stm32f1xx_hal_tim.o
                0x0000000008004488                HAL_TIM_IC_CaptureCallback
 .text.HAL_TIM_PWM_PulseFinishedCallback
                0x000000000800449a       0x12 Drivers/STM32F1xx_HAL_Driver/Src/stm32f1xx_hal_tim.o
                0x000000000800449a                HAL_TIM_PWM_PulseFinishedCallback
 .text.HAL_TIM_TriggerCallback
                0x00000000080044ac       0x12 Drivers/STM32F1xx_HAL_Driver/Src/stm32f1xx_hal_tim.o
                0x00000000080044ac                HAL_TIM_TriggerCallback
 *fill*         0x00000000080044be        0x2 
 .text.TIM_Base_SetConfig
                0x00000000080044c0       0xc4 Drivers/STM32F1xx_HAL_Driver/Src/stm32f1xx_hal_tim.o
                0x00000000080044c0                TIM_Base_SetConfig
 .text.TIM_OC1_SetConfig
                0x0000000008004584       0xcc Drivers/STM32F1xx_HAL_Driver/Src/stm32f1xx_hal_tim.o
 .text.TIM_OC2_SetConfig
                0x0000000008004650       0xd4 Drivers/STM32F1xx_HAL_Driver/Src/stm32f1xx_hal_tim.o
                0x0000000008004650                TIM_OC2_SetConfig
 .text.TIM_OC3_SetConfig
                0x0000000008004724       0xd4 Drivers/STM32F1xx_HAL_Driver/Src/stm32f1xx_hal_tim.o
 .text.TIM_OC4_SetConfig
                0x00000000080047f8       0x9c Drivers/STM32F1xx_HAL_Driver/Src/stm32f1xx_hal_tim.o
 .text.TIM_TI1_ConfigInputStage
                0x0000000008004894       0x5c Drivers/STM32F1xx_HAL_Driver/Src/stm32f1xx_hal_tim.o
 .text.TIM_TI2_ConfigInputStage
                0x00000000080048f0       0x5e Drivers/STM32F1xx_HAL_Driver/Src/stm32f1xx_hal_tim.o
 .text.TIM_ITRx_SetConfig
                0x000000000800494e       0x34 Drivers/STM32F1xx_HAL_Driver/Src/stm32f1xx_hal_tim.o
 .text.TIM_ETR_SetConfig
                0x0000000008004982       0x3e Drivers/STM32F1xx_HAL_Driver/Src/stm32f1xx_hal_tim.o
                0x0000000008004982                TIM_ETR_SetConfig
 .text.TIM_CCxChannelCmd
                0x00000000080049c0       0x48 Drivers/STM32F1xx_HAL_Driver/Src/stm32f1xx_hal_tim.o
                0x00000000080049c0                TIM_CCxChannelCmd
 .text.HAL_TIMEx_MasterConfigSynchronization
                0x0000000008004a08       0xbc Drivers/STM32F1xx_HAL_Driver/Src/stm32f1xx_hal_tim_ex.o
                0x0000000008004a08                HAL_TIMEx_MasterConfigSynchronization
 .text.HAL_TIMEx_CommutCallback
                0x0000000008004ac4       0x12 Drivers/STM32F1xx_HAL_Driver/Src/stm32f1xx_hal_tim_ex.o
                0x0000000008004ac4                HAL_TIMEx_CommutCallback
 .text.HAL_TIMEx_BreakCallback
                0x0000000008004ad6       0x12 Drivers/STM32F1xx_HAL_Driver/Src/stm32f1xx_hal_tim_ex.o
                0x0000000008004ad6                HAL_TIMEx_BreakCallback
 .text.HAL_UART_Init
                0x0000000008004ae8       0x9a Drivers/STM32F1xx_HAL_Driver/Src/stm32f1xx_hal_uart.o
                0x0000000008004ae8                HAL_UART_Init
 .text.HAL_UART_Transmit
                0x0000000008004b82      0x124 Drivers/STM32F1xx_HAL_Driver/Src/stm32f1xx_hal_uart.o
                0x0000000008004b82                HAL_UART_Transmit
 .text.HAL_UART_Receive
                0x0000000008004ca6      0x13e Drivers/STM32F1xx_HAL_Driver/Src/stm32f1xx_hal_uart.o
                0x0000000008004ca6                HAL_UART_Receive
 .text.HAL_UART_IRQHandler
                0x0000000008004de4      0x200 Drivers/STM32F1xx_HAL_Driver/Src/stm32f1xx_hal_uart.o
                0x0000000008004de4                HAL_UART_IRQHandler
 .text.HAL_UART_TxCpltCallback
                0x0000000008004fe4       0x12 Drivers/STM32F1xx_HAL_Driver/Src/stm32f1xx_hal_uart.o
                0x0000000008004fe4                HAL_UART_TxCpltCallback
 .text.HAL_UART_RxCpltCallback
                0x0000000008004ff6       0x12 Drivers/STM32F1xx_HAL_Driver/Src/stm32f1xx_hal_uart.o
                0x0000000008004ff6                HAL_UART_RxCpltCallback
 .text.HAL_UART_ErrorCallback
                0x0000000008005008       0x12 Drivers/STM32F1xx_HAL_Driver/Src/stm32f1xx_hal_uart.o
                0x0000000008005008                HAL_UART_ErrorCallback
 .text.UART_WaitOnFlagUntilTimeout
                0x000000000800501a       0x94 Drivers/STM32F1xx_HAL_Driver/Src/stm32f1xx_hal_uart.o
 .text.UART_EndRxTransfer
                0x00000000080050ae       0x3a Drivers/STM32F1xx_HAL_Driver/Src/stm32f1xx_hal_uart.o
 .text.UART_DMAAbortOnError
                0x00000000080050e8       0x28 Drivers/STM32F1xx_HAL_Driver/Src/stm32f1xx_hal_uart.o
 .text.UART_Transmit_IT
                0x0000000008005110       0x9e Drivers/STM32F1xx_HAL_Driver/Src/stm32f1xx_hal_uart.o
 .text.UART_EndTransmit_IT
                0x00000000080051ae       0x30 Drivers/STM32F1xx_HAL_Driver/Src/stm32f1xx_hal_uart.o
 .text.UART_Receive_IT
                0x00000000080051de      0x100 Drivers/STM32F1xx_HAL_Driver/Src/stm32f1xx_hal_uart.o
 *fill*         0x00000000080052de        0x2 
 .text.UART_SetConfig
                0x00000000080052e0      0x11c Drivers/STM32F1xx_HAL_Driver/Src/stm32f1xx_hal_uart.o
 .text.__errno  0x00000000080053fc        0xc d:/stm32cubeide/stm32cubeide_1.4.0/stm32cubeide/plugins/com.st.stm32cube.ide.mcu.externaltools.gnu-tools-for-stm32.7-2018-q2-update.win32_1.5.0.202011040924/tools/bin/../lib/gcc/arm-none-eabi/7.3.1/../../../../arm-none-eabi/lib/thumb/v7-m\libc_nano.a(lib_a-errno.o)
                0x00000000080053fc                __errno
 .text.__libc_init_array
                0x0000000008005408       0x48 d:/stm32cubeide/stm32cubeide_1.4.0/stm32cubeide/plugins/com.st.stm32cube.ide.mcu.externaltools.gnu-tools-for-stm32.7-2018-q2-update.win32_1.5.0.202011040924/tools/bin/../lib/gcc/arm-none-eabi/7.3.1/../../../../arm-none-eabi/lib/thumb/v7-m\libc_nano.a(lib_a-init.o)
                0x0000000008005408                __libc_init_array
 .text.memcpy   0x0000000008005450       0x16 d:/stm32cubeide/stm32cubeide_1.4.0/stm32cubeide/plugins/com.st.stm32cube.ide.mcu.externaltools.gnu-tools-for-stm32.7-2018-q2-update.win32_1.5.0.202011040924/tools/bin/../lib/gcc/arm-none-eabi/7.3.1/../../../../arm-none-eabi/lib/thumb/v7-m\libc_nano.a(lib_a-memcpy-stub.o)
                0x0000000008005450                memcpy
 .text.memset   0x0000000008005466       0x10 d:/stm32cubeide/stm32cubeide_1.4.0/stm32cubeide/plugins/com.st.stm32cube.ide.mcu.externaltools.gnu-tools-for-stm32.7-2018-q2-update.win32_1.5.0.202011040924/tools/bin/../lib/gcc/arm-none-eabi/7.3.1/../../../../arm-none-eabi/lib/thumb/v7-m\libc_nano.a(lib_a-memset.o)
                0x0000000008005466                memset
 *fill*         0x0000000008005476        0x2 
 .text._puts_r  0x0000000008005478       0xb8 d:/stm32cubeide/stm32cubeide_1.4.0/stm32cubeide/plugins/com.st.stm32cube.ide.mcu.externaltools.gnu-tools-for-stm32.7-2018-q2-update.win32_1.5.0.202011040924/tools/bin/../lib/gcc/arm-none-eabi/7.3.1/../../../../arm-none-eabi/lib/thumb/v7-m\libc_nano.a(lib_a-puts.o)
                0x0000000008005478                _puts_r
 .text.puts     0x0000000008005530       0x10 d:/stm32cubeide/stm32cubeide_1.4.0/stm32cubeide/plugins/com.st.stm32cube.ide.mcu.externaltools.gnu-tools-for-stm32.7-2018-q2-update.win32_1.5.0.202011040924/tools/bin/../lib/gcc/arm-none-eabi/7.3.1/../../../../arm-none-eabi/lib/thumb/v7-m\libc_nano.a(lib_a-puts.o)
                0x0000000008005530                puts
 .text.__swbuf_r
                0x0000000008005540       0xa4 d:/stm32cubeide/stm32cubeide_1.4.0/stm32cubeide/plugins/com.st.stm32cube.ide.mcu.externaltools.gnu-tools-for-stm32.7-2018-q2-update.win32_1.5.0.202011040924/tools/bin/../lib/gcc/arm-none-eabi/7.3.1/../../../../arm-none-eabi/lib/thumb/v7-m\libc_nano.a(lib_a-wbuf.o)
                0x0000000008005540                __swbuf_r
 .text.__swsetup_r
                0x00000000080055e4       0xdc d:/stm32cubeide/stm32cubeide_1.4.0/stm32cubeide/plugins/com.st.stm32cube.ide.mcu.externaltools.gnu-tools-for-stm32.7-2018-q2-update.win32_1.5.0.202011040924/tools/bin/../lib/gcc/arm-none-eabi/7.3.1/../../../../arm-none-eabi/lib/thumb/v7-m\libc_nano.a(lib_a-wsetup.o)
                0x00000000080055e4                __swsetup_r
 .text.__sflush_r
                0x00000000080056c0      0x10c d:/stm32cubeide/stm32cubeide_1.4.0/stm32cubeide/plugins/com.st.stm32cube.ide.mcu.externaltools.gnu-tools-for-stm32.7-2018-q2-update.win32_1.5.0.202011040924/tools/bin/../lib/gcc/arm-none-eabi/7.3.1/../../../../arm-none-eabi/lib/thumb/v7-m\libc_nano.a(lib_a-fflush.o)
                0x00000000080056c0                __sflush_r
 .text._fflush_r
                0x00000000080057cc       0x54 d:/stm32cubeide/stm32cubeide_1.4.0/stm32cubeide/plugins/com.st.stm32cube.ide.mcu.externaltools.gnu-tools-for-stm32.7-2018-q2-update.win32_1.5.0.202011040924/tools/bin/../lib/gcc/arm-none-eabi/7.3.1/../../../../arm-none-eabi/lib/thumb/v7-m\libc_nano.a(lib_a-fflush.o)
                0x00000000080057cc                _fflush_r
 .text.std      0x0000000008005820       0x48 d:/stm32cubeide/stm32cubeide_1.4.0/stm32cubeide/plugins/com.st.stm32cube.ide.mcu.externaltools.gnu-tools-for-stm32.7-2018-q2-update.win32_1.5.0.202011040924/tools/bin/../lib/gcc/arm-none-eabi/7.3.1/../../../../arm-none-eabi/lib/thumb/v7-m\libc_nano.a(lib_a-findfp.o)
 .text._cleanup_r
                0x0000000008005868        0xc d:/stm32cubeide/stm32cubeide_1.4.0/stm32cubeide/plugins/com.st.stm32cube.ide.mcu.externaltools.gnu-tools-for-stm32.7-2018-q2-update.win32_1.5.0.202011040924/tools/bin/../lib/gcc/arm-none-eabi/7.3.1/../../../../arm-none-eabi/lib/thumb/v7-m\libc_nano.a(lib_a-findfp.o)
                0x0000000008005868                _cleanup_r
 .text.__sfmoreglue
                0x0000000008005874       0x2c d:/stm32cubeide/stm32cubeide_1.4.0/stm32cubeide/plugins/com.st.stm32cube.ide.mcu.externaltools.gnu-tools-for-stm32.7-2018-q2-update.win32_1.5.0.202011040924/tools/bin/../lib/gcc/arm-none-eabi/7.3.1/../../../../arm-none-eabi/lib/thumb/v7-m\libc_nano.a(lib_a-findfp.o)
                0x0000000008005874                __sfmoreglue
 .text.__sinit  0x00000000080058a0       0x60 d:/stm32cubeide/stm32cubeide_1.4.0/stm32cubeide/plugins/com.st.stm32cube.ide.mcu.externaltools.gnu-tools-for-stm32.7-2018-q2-update.win32_1.5.0.202011040924/tools/bin/../lib/gcc/arm-none-eabi/7.3.1/../../../../arm-none-eabi/lib/thumb/v7-m\libc_nano.a(lib_a-findfp.o)
                0x00000000080058a0                __sinit
 .text.__sfp    0x0000000008005900       0x78 d:/stm32cubeide/stm32cubeide_1.4.0/stm32cubeide/plugins/com.st.stm32cube.ide.mcu.externaltools.gnu-tools-for-stm32.7-2018-q2-update.win32_1.5.0.202011040924/tools/bin/../lib/gcc/arm-none-eabi/7.3.1/../../../../arm-none-eabi/lib/thumb/v7-m\libc_nano.a(lib_a-findfp.o)
                0x0000000008005900                __sfp
 .text._fwalk_reent
                0x0000000008005978       0x3c d:/stm32cubeide/stm32cubeide_1.4.0/stm32cubeide/plugins/com.st.stm32cube.ide.mcu.externaltools.gnu-tools-for-stm32.7-2018-q2-update.win32_1.5.0.202011040924/tools/bin/../lib/gcc/arm-none-eabi/7.3.1/../../../../arm-none-eabi/lib/thumb/v7-m\libc_nano.a(lib_a-fwalk.o)
                0x0000000008005978                _fwalk_reent
 .text.__swhatbuf_r
                0x00000000080059b4       0x48 d:/stm32cubeide/stm32cubeide_1.4.0/stm32cubeide/plugins/com.st.stm32cube.ide.mcu.externaltools.gnu-tools-for-stm32.7-2018-q2-update.win32_1.5.0.202011040924/tools/bin/../lib/gcc/arm-none-eabi/7.3.1/../../../../arm-none-eabi/lib/thumb/v7-m\libc_nano.a(lib_a-makebuf.o)
                0x00000000080059b4                __swhatbuf_r
 .text.__smakebuf_r
                0x00000000080059fc       0x80 d:/stm32cubeide/stm32cubeide_1.4.0/stm32cubeide/plugins/com.st.stm32cube.ide.mcu.externaltools.gnu-tools-for-stm32.7-2018-q2-update.win32_1.5.0.202011040924/tools/bin/../lib/gcc/arm-none-eabi/7.3.1/../../../../arm-none-eabi/lib/thumb/v7-m\libc_nano.a(lib_a-makebuf.o)
                0x00000000080059fc                __smakebuf_r
 .text._free_r  0x0000000008005a7c       0x98 d:/stm32cubeide/stm32cubeide_1.4.0/stm32cubeide/plugins/com.st.stm32cube.ide.mcu.externaltools.gnu-tools-for-stm32.7-2018-q2-update.win32_1.5.0.202011040924/tools/bin/../lib/gcc/arm-none-eabi/7.3.1/../../../../arm-none-eabi/lib/thumb/v7-m\libc_nano.a(lib_a-nano-freer.o)
                0x0000000008005a7c                _free_r
 .text._malloc_r
                0x0000000008005b14       0xb4 d:/stm32cubeide/stm32cubeide_1.4.0/stm32cubeide/plugins/com.st.stm32cube.ide.mcu.externaltools.gnu-tools-for-stm32.7-2018-q2-update.win32_1.5.0.202011040924/tools/bin/../lib/gcc/arm-none-eabi/7.3.1/../../../../arm-none-eabi/lib/thumb/v7-m\libc_nano.a(lib_a-nano-mallocr.o)
                0x0000000008005b14                _malloc_r
 .text._sbrk_r  0x0000000008005bc8       0x20 d:/stm32cubeide/stm32cubeide_1.4.0/stm32cubeide/plugins/com.st.stm32cube.ide.mcu.externaltools.gnu-tools-for-stm32.7-2018-q2-update.win32_1.5.0.202011040924/tools/bin/../lib/gcc/arm-none-eabi/7.3.1/../../../../arm-none-eabi/lib/thumb/v7-m\libc_nano.a(lib_a-sbrkr.o)
                0x0000000008005bc8                _sbrk_r
 .text.__sread  0x0000000008005be8       0x22 d:/stm32cubeide/stm32cubeide_1.4.0/stm32cubeide/plugins/com.st.stm32cube.ide.mcu.externaltools.gnu-tools-for-stm32.7-2018-q2-update.win32_1.5.0.202011040924/tools/bin/../lib/gcc/arm-none-eabi/7.3.1/../../../../arm-none-eabi/lib/thumb/v7-m\libc_nano.a(lib_a-stdio.o)
                0x0000000008005be8                __sread
 .text.__swrite
                0x0000000008005c0a       0x38 d:/stm32cubeide/stm32cubeide_1.4.0/stm32cubeide/plugins/com.st.stm32cube.ide.mcu.externaltools.gnu-tools-for-stm32.7-2018-q2-update.win32_1.5.0.202011040924/tools/bin/../lib/gcc/arm-none-eabi/7.3.1/../../../../arm-none-eabi/lib/thumb/v7-m\libc_nano.a(lib_a-stdio.o)
                0x0000000008005c0a                __swrite
 .text.__sseek  0x0000000008005c42       0x24 d:/stm32cubeide/stm32cubeide_1.4.0/stm32cubeide/plugins/com.st.stm32cube.ide.mcu.externaltools.gnu-tools-for-stm32.7-2018-q2-update.win32_1.5.0.202011040924/tools/bin/../lib/gcc/arm-none-eabi/7.3.1/../../../../arm-none-eabi/lib/thumb/v7-m\libc_nano.a(lib_a-stdio.o)
                0x0000000008005c42                __sseek
 .text.__sclose
                0x0000000008005c66        0x8 d:/stm32cubeide/stm32cubeide_1.4.0/stm32cubeide/plugins/com.st.stm32cube.ide.mcu.externaltools.gnu-tools-for-stm32.7-2018-q2-update.win32_1.5.0.202011040924/tools/bin/../lib/gcc/arm-none-eabi/7.3.1/../../../../arm-none-eabi/lib/thumb/v7-m\libc_nano.a(lib_a-stdio.o)
                0x0000000008005c66                __sclose
 *fill*         0x0000000008005c6e        0x2 
 .text._write_r
                0x0000000008005c70       0x24 d:/stm32cubeide/stm32cubeide_1.4.0/stm32cubeide/plugins/com.st.stm32cube.ide.mcu.externaltools.gnu-tools-for-stm32.7-2018-q2-update.win32_1.5.0.202011040924/tools/bin/../lib/gcc/arm-none-eabi/7.3.1/../../../../arm-none-eabi/lib/thumb/v7-m\libc_nano.a(lib_a-writer.o)
                0x0000000008005c70                _write_r
 .text._close_r
                0x0000000008005c94       0x20 d:/stm32cubeide/stm32cubeide_1.4.0/stm32cubeide/plugins/com.st.stm32cube.ide.mcu.externaltools.gnu-tools-for-stm32.7-2018-q2-update.win32_1.5.0.202011040924/tools/bin/../lib/gcc/arm-none-eabi/7.3.1/../../../../arm-none-eabi/lib/thumb/v7-m\libc_nano.a(lib_a-closer.o)
                0x0000000008005c94                _close_r
 .text._fstat_r
                0x0000000008005cb4       0x24 d:/stm32cubeide/stm32cubeide_1.4.0/stm32cubeide/plugins/com.st.stm32cube.ide.mcu.externaltools.gnu-tools-for-stm32.7-2018-q2-update.win32_1.5.0.202011040924/tools/bin/../lib/gcc/arm-none-eabi/7.3.1/../../../../arm-none-eabi/lib/thumb/v7-m\libc_nano.a(lib_a-fstatr.o)
                0x0000000008005cb4                _fstat_r
 .text._isatty_r
                0x0000000008005cd8       0x20 d:/stm32cubeide/stm32cubeide_1.4.0/stm32cubeide/plugins/com.st.stm32cube.ide.mcu.externaltools.gnu-tools-for-stm32.7-2018-q2-update.win32_1.5.0.202011040924/tools/bin/../lib/gcc/arm-none-eabi/7.3.1/../../../../arm-none-eabi/lib/thumb/v7-m\libc_nano.a(lib_a-isattyr.o)
                0x0000000008005cd8                _isatty_r
 .text._lseek_r
                0x0000000008005cf8       0x24 d:/stm32cubeide/stm32cubeide_1.4.0/stm32cubeide/plugins/com.st.stm32cube.ide.mcu.externaltools.gnu-tools-for-stm32.7-2018-q2-update.win32_1.5.0.202011040924/tools/bin/../lib/gcc/arm-none-eabi/7.3.1/../../../../arm-none-eabi/lib/thumb/v7-m\libc_nano.a(lib_a-lseekr.o)
                0x0000000008005cf8                _lseek_r
 .text.__malloc_lock
                0x0000000008005d1c        0x2 d:/stm32cubeide/stm32cubeide_1.4.0/stm32cubeide/plugins/com.st.stm32cube.ide.mcu.externaltools.gnu-tools-for-stm32.7-2018-q2-update.win32_1.5.0.202011040924/tools/bin/../lib/gcc/arm-none-eabi/7.3.1/../../../../arm-none-eabi/lib/thumb/v7-m\libc_nano.a(lib_a-mlock.o)
                0x0000000008005d1c                __malloc_lock
 .text.__malloc_unlock
                0x0000000008005d1e        0x2 d:/stm32cubeide/stm32cubeide_1.4.0/stm32cubeide/plugins/com.st.stm32cube.ide.mcu.externaltools.gnu-tools-for-stm32.7-2018-q2-update.win32_1.5.0.202011040924/tools/bin/../lib/gcc/arm-none-eabi/7.3.1/../../../../arm-none-eabi/lib/thumb/v7-m\libc_nano.a(lib_a-mlock.o)
                0x0000000008005d1e                __malloc_unlock
 .text._read_r  0x0000000008005d20       0x24 d:/stm32cubeide/stm32cubeide_1.4.0/stm32cubeide/plugins/com.st.stm32cube.ide.mcu.externaltools.gnu-tools-for-stm32.7-2018-q2-update.win32_1.5.0.202011040924/tools/bin/../lib/gcc/arm-none-eabi/7.3.1/../../../../arm-none-eabi/lib/thumb/v7-m\libc_nano.a(lib_a-readr.o)
                0x0000000008005d20                _read_r
 *(.glue_7)
 .glue_7        0x0000000008005d44        0x0 linker stubs
 *(.glue_7t)
 .glue_7t       0x0000000008005d44        0x0 linker stubs
 *(.eh_frame)
 .eh_frame      0x0000000008005d44        0x0 d:/stm32cubeide/stm32cubeide_1.4.0/stm32cubeide/plugins/com.st.stm32cube.ide.mcu.externaltools.gnu-tools-for-stm32.7-2018-q2-update.win32_1.5.0.202011040924/tools/bin/../lib/gcc/arm-none-eabi/7.3.1/thumb/v7-m/crtbegin.o
 *(.init)
 .init          0x0000000008005d44        0x4 d:/stm32cubeide/stm32cubeide_1.4.0/stm32cubeide/plugins/com.st.stm32cube.ide.mcu.externaltools.gnu-tools-for-stm32.7-2018-q2-update.win32_1.5.0.202011040924/tools/bin/../lib/gcc/arm-none-eabi/7.3.1/thumb/v7-m/crti.o
                0x0000000008005d44                _init
 .init          0x0000000008005d48        0x8 d:/stm32cubeide/stm32cubeide_1.4.0/stm32cubeide/plugins/com.st.stm32cube.ide.mcu.externaltools.gnu-tools-for-stm32.7-2018-q2-update.win32_1.5.0.202011040924/tools/bin/../lib/gcc/arm-none-eabi/7.3.1/thumb/v7-m/crtn.o
 *(.fini)
 .fini          0x0000000008005d50        0x4 d:/stm32cubeide/stm32cubeide_1.4.0/stm32cubeide/plugins/com.st.stm32cube.ide.mcu.externaltools.gnu-tools-for-stm32.7-2018-q2-update.win32_1.5.0.202011040924/tools/bin/../lib/gcc/arm-none-eabi/7.3.1/thumb/v7-m/crti.o
                0x0000000008005d50                _fini
 .fini          0x0000000008005d54        0x8 d:/stm32cubeide/stm32cubeide_1.4.0/stm32cubeide/plugins/com.st.stm32cube.ide.mcu.externaltools.gnu-tools-for-stm32.7-2018-q2-update.win32_1.5.0.202011040924/tools/bin/../lib/gcc/arm-none-eabi/7.3.1/thumb/v7-m/crtn.o
                0x0000000008005d5c                . = ALIGN (0x4)
                0x0000000008005d5c                _etext = .

.vfp11_veneer   0x0000000008005d5c        0x0
 .vfp11_veneer  0x0000000008005d5c        0x0 linker stubs

.v4_bx          0x0000000008005d5c        0x0
 .v4_bx         0x0000000008005d5c        0x0 linker stubs

.iplt           0x0000000008005d5c        0x0
 .iplt          0x0000000008005d5c        0x0 d:/stm32cubeide/stm32cubeide_1.4.0/stm32cubeide/plugins/com.st.stm32cube.ide.mcu.externaltools.gnu-tools-for-stm32.7-2018-q2-update.win32_1.5.0.202011040924/tools/bin/../lib/gcc/arm-none-eabi/7.3.1/thumb/v7-m/crtbegin.o

.rodata         0x0000000008005d5c       0xa8
                0x0000000008005d5c                . = ALIGN (0x4)
 *(.rodata)
 .rodata        0x0000000008005d5c        0x4 Core/Src/main.o
 .rodata        0x0000000008005d60       0x12 Drivers/STM32F1xx_HAL_Driver/Src/stm32f1xx_hal_rcc.o
 *fill*         0x0000000008005d72        0x2 
 .rodata        0x0000000008005d74       0x12 Drivers/STM32F1xx_HAL_Driver/Src/stm32f1xx_hal_rcc_ex.o
 *(.rodata*)
 *fill*         0x0000000008005d86        0x2 
 .rodata.AHBPrescTable
                0x0000000008005d88       0x10 Core/Src/system_stm32f1xx.o
                0x0000000008005d88                AHBPrescTable
 .rodata.APBPrescTable
                0x0000000008005d98        0x8 Core/Src/system_stm32f1xx.o
                0x0000000008005d98                APBPrescTable
 .rodata._global_impure_ptr
                0x0000000008005da0        0x4 d:/stm32cubeide/stm32cubeide_1.4.0/stm32cubeide/plugins/com.st.stm32cube.ide.mcu.externaltools.gnu-tools-for-stm32.7-2018-q2-update.win32_1.5.0.202011040924/tools/bin/../lib/gcc/arm-none-eabi/7.3.1/../../../../arm-none-eabi/lib/thumb/v7-m\libc_nano.a(lib_a-impure.o)
                0x0000000008005da0                _global_impure_ptr
 .rodata.__sf_fake_stderr
                0x0000000008005da4       0x20 d:/stm32cubeide/stm32cubeide_1.4.0/stm32cubeide/plugins/com.st.stm32cube.ide.mcu.externaltools.gnu-tools-for-stm32.7-2018-q2-update.win32_1.5.0.202011040924/tools/bin/../lib/gcc/arm-none-eabi/7.3.1/../../../../arm-none-eabi/lib/thumb/v7-m\libc_nano.a(lib_a-findfp.o)
                0x0000000008005da4                __sf_fake_stderr
 .rodata.__sf_fake_stdin
                0x0000000008005dc4       0x20 d:/stm32cubeide/stm32cubeide_1.4.0/stm32cubeide/plugins/com.st.stm32cube.ide.mcu.externaltools.gnu-tools-for-stm32.7-2018-q2-update.win32_1.5.0.202011040924/tools/bin/../lib/gcc/arm-none-eabi/7.3.1/../../../../arm-none-eabi/lib/thumb/v7-m\libc_nano.a(lib_a-findfp.o)
                0x0000000008005dc4                __sf_fake_stdin
 .rodata.__sf_fake_stdout
                0x0000000008005de4       0x20 d:/stm32cubeide/stm32cubeide_1.4.0/stm32cubeide/plugins/com.st.stm32cube.ide.mcu.externaltools.gnu-tools-for-stm32.7-2018-q2-update.win32_1.5.0.202011040924/tools/bin/../lib/gcc/arm-none-eabi/7.3.1/../../../../arm-none-eabi/lib/thumb/v7-m\libc_nano.a(lib_a-findfp.o)
                0x0000000008005de4                __sf_fake_stdout
                0x0000000008005e04                . = ALIGN (0x4)

.rel.dyn        0x0000000008005e04        0x0
 .rel.iplt      0x0000000008005e04        0x0 d:/stm32cubeide/stm32cubeide_1.4.0/stm32cubeide/plugins/com.st.stm32cube.ide.mcu.externaltools.gnu-tools-for-stm32.7-2018-q2-update.win32_1.5.0.202011040924/tools/bin/../lib/gcc/arm-none-eabi/7.3.1/thumb/v7-m/crtbegin.o

.ARM.extab      0x0000000008005e04        0x0
                0x0000000008005e04                . = ALIGN (0x4)
 *(.ARM.extab* .gnu.linkonce.armextab.*)
                0x0000000008005e04                . = ALIGN (0x4)

.ARM            0x0000000008005e04        0x0
                0x0000000008005e04                . = ALIGN (0x4)
                0x0000000008005e04                __exidx_start = .
 *(.ARM.exidx*)
                0x0000000008005e04                __exidx_end = .
                0x0000000008005e04                . = ALIGN (0x4)

.preinit_array  0x0000000008005e04        0x0
                0x0000000008005e04                . = ALIGN (0x4)
                0x0000000008005e04                PROVIDE (__preinit_array_start = .)
 *(.preinit_array*)
                0x0000000008005e04                PROVIDE (__preinit_array_end = .)
                0x0000000008005e04                . = ALIGN (0x4)

.init_array     0x0000000008005e04        0x4
                0x0000000008005e04                . = ALIGN (0x4)
                0x0000000008005e04                PROVIDE (__init_array_start = .)
 *(SORT_BY_NAME(.init_array.*))
 *(.init_array*)
 .init_array    0x0000000008005e04        0x4 d:/stm32cubeide/stm32cubeide_1.4.0/stm32cubeide/plugins/com.st.stm32cube.ide.mcu.externaltools.gnu-tools-for-stm32.7-2018-q2-update.win32_1.5.0.202011040924/tools/bin/../lib/gcc/arm-none-eabi/7.3.1/thumb/v7-m/crtbegin.o
                0x0000000008005e08                PROVIDE (__init_array_end = .)
                0x0000000008005e08                . = ALIGN (0x4)

.fini_array     0x0000000008005e08        0x4
                0x0000000008005e08                . = ALIGN (0x4)
                [!provide]                        PROVIDE (__fini_array_start = .)
 *(SORT_BY_NAME(.fini_array.*))
 *(.fini_array*)
 .fini_array    0x0000000008005e08        0x4 d:/stm32cubeide/stm32cubeide_1.4.0/stm32cubeide/plugins/com.st.stm32cube.ide.mcu.externaltools.gnu-tools-for-stm32.7-2018-q2-update.win32_1.5.0.202011040924/tools/bin/../lib/gcc/arm-none-eabi/7.3.1/thumb/v7-m/crtbegin.o
                [!provide]                        PROVIDE (__fini_array_end = .)
                0x0000000008005e0c                . = ALIGN (0x4)
                0x0000000008005e0c                _sidata = LOADADDR (.data)

.data           0x0000000020000000      0x448 load address 0x0000000008005e0c
                0x0000000020000000                . = ALIGN (0x4)
                0x0000000020000000                _sdata = .
 *(.data)
 *(.data*)
 .data.AS608Addr
                0x0000000020000000        0x4 Core/Src/as608.o
                0x0000000020000000                AS608Addr
 .data.demo     0x0000000020000004       0x11 Core/Src/main.o
                0x0000000020000004                demo
 *fill*         0x0000000020000015        0x3 
 .data.Hzk      0x0000000020000018      0x3c0 Core/Src/oled.o
                0x0000000020000018                Hzk
 .data.SystemCoreClock
                0x00000000200003d8        0x4 Core/Src/system_stm32f1xx.o
                0x00000000200003d8                SystemCoreClock
 .data.uwTickPrio
                0x00000000200003dc        0x4 Drivers/STM32F1xx_HAL_Driver/Src/stm32f1xx_hal.o
                0x00000000200003dc                uwTickPrio
 .data.uwTickFreq
                0x00000000200003e0        0x1 Drivers/STM32F1xx_HAL_Driver/Src/stm32f1xx_hal.o
                0x00000000200003e0                uwTickFreq
 *fill*         0x00000000200003e1        0x3 
 .data._impure_ptr
                0x00000000200003e4        0x4 d:/stm32cubeide/stm32cubeide_1.4.0/stm32cubeide/plugins/com.st.stm32cube.ide.mcu.externaltools.gnu-tools-for-stm32.7-2018-q2-update.win32_1.5.0.202011040924/tools/bin/../lib/gcc/arm-none-eabi/7.3.1/../../../../arm-none-eabi/lib/thumb/v7-m\libc_nano.a(lib_a-impure.o)
                0x00000000200003e4                _impure_ptr
 .data.impure_data
                0x00000000200003e8       0x60 d:/stm32cubeide/stm32cubeide_1.4.0/stm32cubeide/plugins/com.st.stm32cube.ide.mcu.externaltools.gnu-tools-for-stm32.7-2018-q2-update.win32_1.5.0.202011040924/tools/bin/../lib/gcc/arm-none-eabi/7.3.1/../../../../arm-none-eabi/lib/thumb/v7-m\libc_nano.a(lib_a-impure.o)
 *(.RamFunc)
 *(.RamFunc*)
                0x0000000020000448                . = ALIGN (0x4)
                0x0000000020000448                _edata = .

.igot.plt       0x0000000020000448        0x0 load address 0x0000000008006254
 .igot.plt      0x0000000020000448        0x0 d:/stm32cubeide/stm32cubeide_1.4.0/stm32cubeide/plugins/com.st.stm32cube.ide.mcu.externaltools.gnu-tools-for-stm32.7-2018-q2-update.win32_1.5.0.202011040924/tools/bin/../lib/gcc/arm-none-eabi/7.3.1/thumb/v7-m/crtbegin.o
                0x0000000020000448                . = ALIGN (0x4)

.bss            0x0000000020000448      0x298 load address 0x0000000008006254
                0x0000000020000448                _sbss = .
                0x0000000020000448                __bss_start__ = _sbss
 *(.bss)
 .bss           0x0000000020000448       0x1c d:/stm32cubeide/stm32cubeide_1.4.0/stm32cubeide/plugins/com.st.stm32cube.ide.mcu.externaltools.gnu-tools-for-stm32.7-2018-q2-update.win32_1.5.0.202011040924/tools/bin/../lib/gcc/arm-none-eabi/7.3.1/thumb/v7-m/crtbegin.o
 *(.bss*)
 .bss.TxBuff    0x0000000020000464       0x32 Core/Src/as608.o
                0x0000000020000464                TxBuff
 .bss.Length    0x0000000020000496        0x1 Core/Src/main.o
                0x0000000020000496                Length
 .bss.flags     0x0000000020000497        0x1 Core/Src/main.o
                0x0000000020000497                flags
 .bss.sys       0x0000000020000498       0x14 Core/Src/main.o
                0x0000000020000498                sys
 .bss.readSta   0x00000000200004ac        0x1 Core/Src/main.o
                0x00000000200004ac                readSta
 *fill*         0x00000000200004ad        0x3 
 .bss.__sbrk_heap_end
                0x00000000200004b0        0x4 Core/Src/sysmem.o
 .bss.__malloc_free_list
                0x00000000200004b4        0x4 d:/stm32cubeide/stm32cubeide_1.4.0/stm32cubeide/plugins/com.st.stm32cube.ide.mcu.externaltools.gnu-tools-for-stm32.7-2018-q2-update.win32_1.5.0.202011040924/tools/bin/../lib/gcc/arm-none-eabi/7.3.1/../../../../arm-none-eabi/lib/thumb/v7-m\libc_nano.a(lib_a-nano-mallocr.o)
                0x00000000200004b4                __malloc_free_list
 .bss.__malloc_sbrk_start
                0x00000000200004b8        0x4 d:/stm32cubeide/stm32cubeide_1.4.0/stm32cubeide/plugins/com.st.stm32cube.ide.mcu.externaltools.gnu-tools-for-stm32.7-2018-q2-update.win32_1.5.0.202011040924/tools/bin/../lib/gcc/arm-none-eabi/7.3.1/../../../../arm-none-eabi/lib/thumb/v7-m\libc_nano.a(lib_a-nano-mallocr.o)
                0x00000000200004b8                __malloc_sbrk_start
 *(COMMON)
 COMMON         0x00000000200004bc        0x9 Core/McuLib/commonlib/src/mylibs/service/input/keypad/Re_keypad.o
                0x00000000200004bc                keypadCallback
                0x00000000200004c0                keypad_cnt_trig
                0x00000000200004c2                keypad_cnt
                0x00000000200004c4                configMode
 *fill*         0x00000000200004c5        0x3 
 COMMON         0x00000000200004c8       0x64 Core/Src/as608.o
                0x00000000200004c8                RxBuff
 COMMON         0x000000002000052c       0x54 Core/Src/i2c.o
                0x000000002000052c                hi2c1
 COMMON         0x0000000020000580       0x34 Core/Src/main.o
                0x0000000020000580                password
                0x0000000020000594                input
                0x00000000200005a8                GetData
                0x00000000200005ac                GetTime
                0x00000000200005b0                score
                0x00000000200005b2                pageID
 COMMON         0x00000000200005b4       0x14 Core/Src/rtc.o
                0x00000000200005b4                hrtc
 COMMON         0x00000000200005c8       0x90 Core/Src/tim.o
                0x00000000200005c8                htim4
                0x0000000020000610                htim2
 COMMON         0x0000000020000658       0x80 Core/Src/usart.o
                0x0000000020000658                huart1
                0x0000000020000698                huart2
 COMMON         0x00000000200006d8        0x4 Drivers/STM32F1xx_HAL_Driver/Src/stm32f1xx_hal.o
                0x00000000200006d8                uwTick
 COMMON         0x00000000200006dc        0x4 d:/stm32cubeide/stm32cubeide_1.4.0/stm32cubeide/plugins/com.st.stm32cube.ide.mcu.externaltools.gnu-tools-for-stm32.7-2018-q2-update.win32_1.5.0.202011040924/tools/bin/../lib/gcc/arm-none-eabi/7.3.1/../../../../arm-none-eabi/lib/thumb/v7-m\libc_nano.a(lib_a-reent.o)
                0x00000000200006dc                errno
                0x00000000200006e0                . = ALIGN (0x4)
                0x00000000200006e0                _ebss = .
                0x00000000200006e0                __bss_end__ = _ebss

._user_heap_stack
                0x00000000200006e0      0x600 load address 0x0000000008006254
                0x00000000200006e0                . = ALIGN (0x8)
                [!provide]                        PROVIDE (end = .)
                0x00000000200006e0                PROVIDE (_end = .)
                0x00000000200008e0                . = (. + _Min_Heap_Size)
 *fill*         0x00000000200006e0      0x200 
                0x0000000020000ce0                . = (. + _Min_Stack_Size)
 *fill*         0x00000000200008e0      0x400 
                0x0000000020000ce0                . = ALIGN (0x8)

/DISCARD/
 libc.a(*)
 libm.a(*)
 libgcc.a(*)

.ARM.attributes
                0x0000000000000000       0x29
 *(.ARM.attributes)
 .ARM.attributes
                0x0000000000000000       0x1d d:/stm32cubeide/stm32cubeide_1.4.0/stm32cubeide/plugins/com.st.stm32cube.ide.mcu.externaltools.gnu-tools-for-stm32.7-2018-q2-update.win32_1.5.0.202011040924/tools/bin/../lib/gcc/arm-none-eabi/7.3.1/thumb/v7-m/crti.o
 .ARM.attributes
                0x000000000000001d       0x2d d:/stm32cubeide/stm32cubeide_1.4.0/stm32cubeide/plugins/com.st.stm32cube.ide.mcu.externaltools.gnu-tools-for-stm32.7-2018-q2-update.win32_1.5.0.202011040924/tools/bin/../lib/gcc/arm-none-eabi/7.3.1/thumb/v7-m/crtbegin.o
 .ARM.attributes
                0x000000000000004a       0x33 Core/McuLib/commonlib/src/mylibs/drv/commDrv/select/Re_commDrv_stm32f1_hal.o
 .ARM.attributes
                0x000000000000007d       0x33 Core/McuLib/commonlib/src/mylibs/service/input/keypad/Re_keypad.o
 .ARM.attributes
                0x00000000000000b0       0x33 Core/McuLib/commonlib/src/mylibs/service/input/keypad/select/Re_keypad_stm32_hal.o
 .ARM.attributes
                0x00000000000000e3       0x33 Core/Src/as608.o
 .ARM.attributes
                0x0000000000000116       0x33 Core/Src/gpio.o
 .ARM.attributes
                0x0000000000000149       0x33 Core/Src/i2c.o
 .ARM.attributes
                0x000000000000017c       0x33 Core/Src/main.o
 .ARM.attributes
                0x00000000000001af       0x33 Core/Src/oled.o
 .ARM.attributes
                0x00000000000001e2       0x33 Core/Src/rtc.o
 .ARM.attributes
                0x0000000000000215       0x33 Core/Src/stm32f1xx_hal_msp.o
 .ARM.attributes
                0x0000000000000248       0x33 Core/Src/stm32f1xx_it.o
 .ARM.attributes
                0x000000000000027b       0x33 Core/Src/syscalls.o
 .ARM.attributes
                0x00000000000002ae       0x33 Core/Src/sysmem.o
 .ARM.attributes
                0x00000000000002e1       0x33 Core/Src/system_stm32f1xx.o
 .ARM.attributes
                0x0000000000000314       0x33 Core/Src/tim.o
 .ARM.attributes
                0x0000000000000347       0x33 Core/Src/usart.o
 .ARM.attributes
                0x000000000000037a       0x21 Core/Startup/startup_stm32f103c8tx.o
 .ARM.attributes
                0x000000000000039b       0x33 Drivers/STM32F1xx_HAL_Driver/Src/stm32f1xx_hal.o
 .ARM.attributes
                0x00000000000003ce       0x33 Drivers/STM32F1xx_HAL_Driver/Src/stm32f1xx_hal_cortex.o
 .ARM.attributes
                0x0000000000000401       0x33 Drivers/STM32F1xx_HAL_Driver/Src/stm32f1xx_hal_dma.o
 .ARM.attributes
                0x0000000000000434       0x33 Drivers/STM32F1xx_HAL_Driver/Src/stm32f1xx_hal_gpio.o
 .ARM.attributes
                0x0000000000000467       0x33 Drivers/STM32F1xx_HAL_Driver/Src/stm32f1xx_hal_i2c.o
 .ARM.attributes
                0x000000000000049a       0x33 Drivers/STM32F1xx_HAL_Driver/Src/stm32f1xx_hal_pwr.o
 .ARM.attributes
                0x00000000000004cd       0x33 Drivers/STM32F1xx_HAL_Driver/Src/stm32f1xx_hal_rcc.o
 .ARM.attributes
                0x0000000000000500       0x33 Drivers/STM32F1xx_HAL_Driver/Src/stm32f1xx_hal_rcc_ex.o
 .ARM.attributes
                0x0000000000000533       0x33 Drivers/STM32F1xx_HAL_Driver/Src/stm32f1xx_hal_rtc.o
 .ARM.attributes
                0x0000000000000566       0x33 Drivers/STM32F1xx_HAL_Driver/Src/stm32f1xx_hal_tim.o
 .ARM.attributes
                0x0000000000000599       0x33 Drivers/STM32F1xx_HAL_Driver/Src/stm32f1xx_hal_tim_ex.o
 .ARM.attributes
                0x00000000000005cc       0x33 Drivers/STM32F1xx_HAL_Driver/Src/stm32f1xx_hal_uart.o
 .ARM.attributes
                0x00000000000005ff       0x2d d:/stm32cubeide/stm32cubeide_1.4.0/stm32cubeide/plugins/com.st.stm32cube.ide.mcu.externaltools.gnu-tools-for-stm32.7-2018-q2-update.win32_1.5.0.202011040924/tools/bin/../lib/gcc/arm-none-eabi/7.3.1/../../../../arm-none-eabi/lib/thumb/v7-m\libc_nano.a(lib_a-errno.o)
 .ARM.attributes
                0x000000000000062c       0x2d d:/stm32cubeide/stm32cubeide_1.4.0/stm32cubeide/plugins/com.st.stm32cube.ide.mcu.externaltools.gnu-tools-for-stm32.7-2018-q2-update.win32_1.5.0.202011040924/tools/bin/../lib/gcc/arm-none-eabi/7.3.1/../../../../arm-none-eabi/lib/thumb/v7-m\libc_nano.a(lib_a-impure.o)
 .ARM.attributes
                0x0000000000000659       0x2d d:/stm32cubeide/stm32cubeide_1.4.0/stm32cubeide/plugins/com.st.stm32cube.ide.mcu.externaltools.gnu-tools-for-stm32.7-2018-q2-update.win32_1.5.0.202011040924/tools/bin/../lib/gcc/arm-none-eabi/7.3.1/../../../../arm-none-eabi/lib/thumb/v7-m\libc_nano.a(lib_a-init.o)
 .ARM.attributes
                0x0000000000000686       0x2d d:/stm32cubeide/stm32cubeide_1.4.0/stm32cubeide/plugins/com.st.stm32cube.ide.mcu.externaltools.gnu-tools-for-stm32.7-2018-q2-update.win32_1.5.0.202011040924/tools/bin/../lib/gcc/arm-none-eabi/7.3.1/../../../../arm-none-eabi/lib/thumb/v7-m\libc_nano.a(lib_a-memcpy-stub.o)
 .ARM.attributes
                0x00000000000006b3       0x2d d:/stm32cubeide/stm32cubeide_1.4.0/stm32cubeide/plugins/com.st.stm32cube.ide.mcu.externaltools.gnu-tools-for-stm32.7-2018-q2-update.win32_1.5.0.202011040924/tools/bin/../lib/gcc/arm-none-eabi/7.3.1/../../../../arm-none-eabi/lib/thumb/v7-m\libc_nano.a(lib_a-memset.o)
 .ARM.attributes
                0x00000000000006e0       0x2d d:/stm32cubeide/stm32cubeide_1.4.0/stm32cubeide/plugins/com.st.stm32cube.ide.mcu.externaltools.gnu-tools-for-stm32.7-2018-q2-update.win32_1.5.0.202011040924/tools/bin/../lib/gcc/arm-none-eabi/7.3.1/../../../../arm-none-eabi/lib/thumb/v7-m\libc_nano.a(lib_a-puts.o)
 .ARM.attributes
                0x000000000000070d       0x2d d:/stm32cubeide/stm32cubeide_1.4.0/stm32cubeide/plugins/com.st.stm32cube.ide.mcu.externaltools.gnu-tools-for-stm32.7-2018-q2-update.win32_1.5.0.202011040924/tools/bin/../lib/gcc/arm-none-eabi/7.3.1/../../../../arm-none-eabi/lib/thumb/v7-m\libc_nano.a(lib_a-wbuf.o)
 .ARM.attributes
                0x000000000000073a       0x2d d:/stm32cubeide/stm32cubeide_1.4.0/stm32cubeide/plugins/com.st.stm32cube.ide.mcu.externaltools.gnu-tools-for-stm32.7-2018-q2-update.win32_1.5.0.202011040924/tools/bin/../lib/gcc/arm-none-eabi/7.3.1/../../../../arm-none-eabi/lib/thumb/v7-m\libc_nano.a(lib_a-wsetup.o)
 .ARM.attributes
                0x0000000000000767       0x2d d:/stm32cubeide/stm32cubeide_1.4.0/stm32cubeide/plugins/com.st.stm32cube.ide.mcu.externaltools.gnu-tools-for-stm32.7-2018-q2-update.win32_1.5.0.202011040924/tools/bin/../lib/gcc/arm-none-eabi/7.3.1/../../../../arm-none-eabi/lib/thumb/v7-m\libc_nano.a(lib_a-fflush.o)
 .ARM.attributes
                0x0000000000000794       0x2d d:/stm32cubeide/stm32cubeide_1.4.0/stm32cubeide/plugins/com.st.stm32cube.ide.mcu.externaltools.gnu-tools-for-stm32.7-2018-q2-update.win32_1.5.0.202011040924/tools/bin/../lib/gcc/arm-none-eabi/7.3.1/../../../../arm-none-eabi/lib/thumb/v7-m\libc_nano.a(lib_a-findfp.o)
 .ARM.attributes
                0x00000000000007c1       0x2d d:/stm32cubeide/stm32cubeide_1.4.0/stm32cubeide/plugins/com.st.stm32cube.ide.mcu.externaltools.gnu-tools-for-stm32.7-2018-q2-update.win32_1.5.0.202011040924/tools/bin/../lib/gcc/arm-none-eabi/7.3.1/../../../../arm-none-eabi/lib/thumb/v7-m\libc_nano.a(lib_a-fwalk.o)
 .ARM.attributes
                0x00000000000007ee       0x2d d:/stm32cubeide/stm32cubeide_1.4.0/stm32cubeide/plugins/com.st.stm32cube.ide.mcu.externaltools.gnu-tools-for-stm32.7-2018-q2-update.win32_1.5.0.202011040924/tools/bin/../lib/gcc/arm-none-eabi/7.3.1/../../../../arm-none-eabi/lib/thumb/v7-m\libc_nano.a(lib_a-makebuf.o)
 .ARM.attributes
                0x000000000000081b       0x2d d:/stm32cubeide/stm32cubeide_1.4.0/stm32cubeide/plugins/com.st.stm32cube.ide.mcu.externaltools.gnu-tools-for-stm32.7-2018-q2-update.win32_1.5.0.202011040924/tools/bin/../lib/gcc/arm-none-eabi/7.3.1/../../../../arm-none-eabi/lib/thumb/v7-m\libc_nano.a(lib_a-nano-freer.o)
 .ARM.attributes
                0x0000000000000848       0x2d d:/stm32cubeide/stm32cubeide_1.4.0/stm32cubeide/plugins/com.st.stm32cube.ide.mcu.externaltools.gnu-tools-for-stm32.7-2018-q2-update.win32_1.5.0.202011040924/tools/bin/../lib/gcc/arm-none-eabi/7.3.1/../../../../arm-none-eabi/lib/thumb/v7-m\libc_nano.a(lib_a-nano-mallocr.o)
 .ARM.attributes
                0x0000000000000875       0x2d d:/stm32cubeide/stm32cubeide_1.4.0/stm32cubeide/plugins/com.st.stm32cube.ide.mcu.externaltools.gnu-tools-for-stm32.7-2018-q2-update.win32_1.5.0.202011040924/tools/bin/../lib/gcc/arm-none-eabi/7.3.1/../../../../arm-none-eabi/lib/thumb/v7-m\libc_nano.a(lib_a-sbrkr.o)
 .ARM.attributes
                0x00000000000008a2       0x2d d:/stm32cubeide/stm32cubeide_1.4.0/stm32cubeide/plugins/com.st.stm32cube.ide.mcu.externaltools.gnu-tools-for-stm32.7-2018-q2-update.win32_1.5.0.202011040924/tools/bin/../lib/gcc/arm-none-eabi/7.3.1/../../../../arm-none-eabi/lib/thumb/v7-m\libc_nano.a(lib_a-stdio.o)
 .ARM.attributes
                0x00000000000008cf       0x2d d:/stm32cubeide/stm32cubeide_1.4.0/stm32cubeide/plugins/com.st.stm32cube.ide.mcu.externaltools.gnu-tools-for-stm32.7-2018-q2-update.win32_1.5.0.202011040924/tools/bin/../lib/gcc/arm-none-eabi/7.3.1/../../../../arm-none-eabi/lib/thumb/v7-m\libc_nano.a(lib_a-writer.o)
 .ARM.attributes
                0x00000000000008fc       0x2d d:/stm32cubeide/stm32cubeide_1.4.0/stm32cubeide/plugins/com.st.stm32cube.ide.mcu.externaltools.gnu-tools-for-stm32.7-2018-q2-update.win32_1.5.0.202011040924/tools/bin/../lib/gcc/arm-none-eabi/7.3.1/../../../../arm-none-eabi/lib/thumb/v7-m\libc_nano.a(lib_a-closer.o)
 .ARM.attributes
                0x0000000000000929       0x2d d:/stm32cubeide/stm32cubeide_1.4.0/stm32cubeide/plugins/com.st.stm32cube.ide.mcu.externaltools.gnu-tools-for-stm32.7-2018-q2-update.win32_1.5.0.202011040924/tools/bin/../lib/gcc/arm-none-eabi/7.3.1/../../../../arm-none-eabi/lib/thumb/v7-m\libc_nano.a(lib_a-fstatr.o)
 .ARM.attributes
                0x0000000000000956       0x2d d:/stm32cubeide/stm32cubeide_1.4.0/stm32cubeide/plugins/com.st.stm32cube.ide.mcu.externaltools.gnu-tools-for-stm32.7-2018-q2-update.win32_1.5.0.202011040924/tools/bin/../lib/gcc/arm-none-eabi/7.3.1/../../../../arm-none-eabi/lib/thumb/v7-m\libc_nano.a(lib_a-isattyr.o)
 .ARM.attributes
                0x0000000000000983       0x2d d:/stm32cubeide/stm32cubeide_1.4.0/stm32cubeide/plugins/com.st.stm32cube.ide.mcu.externaltools.gnu-tools-for-stm32.7-2018-q2-update.win32_1.5.0.202011040924/tools/bin/../lib/gcc/arm-none-eabi/7.3.1/../../../../arm-none-eabi/lib/thumb/v7-m\libc_nano.a(lib_a-lseekr.o)
 .ARM.attributes
                0x00000000000009b0       0x2d d:/stm32cubeide/stm32cubeide_1.4.0/stm32cubeide/plugins/com.st.stm32cube.ide.mcu.externaltools.gnu-tools-for-stm32.7-2018-q2-update.win32_1.5.0.202011040924/tools/bin/../lib/gcc/arm-none-eabi/7.3.1/../../../../arm-none-eabi/lib/thumb/v7-m\libc_nano.a(lib_a-mlock.o)
 .ARM.attributes
                0x00000000000009dd       0x2d d:/stm32cubeide/stm32cubeide_1.4.0/stm32cubeide/plugins/com.st.stm32cube.ide.mcu.externaltools.gnu-tools-for-stm32.7-2018-q2-update.win32_1.5.0.202011040924/tools/bin/../lib/gcc/arm-none-eabi/7.3.1/../../../../arm-none-eabi/lib/thumb/v7-m\libc_nano.a(lib_a-readr.o)
 .ARM.attributes
                0x0000000000000a0a       0x2d d:/stm32cubeide/stm32cubeide_1.4.0/stm32cubeide/plugins/com.st.stm32cube.ide.mcu.externaltools.gnu-tools-for-stm32.7-2018-q2-update.win32_1.5.0.202011040924/tools/bin/../lib/gcc/arm-none-eabi/7.3.1/../../../../arm-none-eabi/lib/thumb/v7-m\libc_nano.a(lib_a-reent.o)
 .ARM.attributes
                0x0000000000000a37       0x1d d:/stm32cubeide/stm32cubeide_1.4.0/stm32cubeide/plugins/com.st.stm32cube.ide.mcu.externaltools.gnu-tools-for-stm32.7-2018-q2-update.win32_1.5.0.202011040924/tools/bin/../lib/gcc/arm-none-eabi/7.3.1/thumb/v7-m/crtn.o
OUTPUT(Access_control_door.elf elf32-littlearm)

.debug_info     0x0000000000000000    0x14588
 .debug_info    0x0000000000000000      0x2b6 Core/McuLib/commonlib/src/mylibs/drv/commDrv/select/Re_commDrv_stm32f1_hal.o
 .debug_info    0x00000000000002b6      0x301 Core/McuLib/commonlib/src/mylibs/service/input/keypad/Re_keypad.o
 .debug_info    0x00000000000005b7      0x39f Core/McuLib/commonlib/src/mylibs/service/input/keypad/select/Re_keypad_stm32_hal.o
 .debug_info    0x0000000000000956     0x1670 Core/Src/as608.o
 .debug_info    0x0000000000001fc6      0x35f Core/Src/gpio.o
 .debug_info    0x0000000000002325      0x842 Core/Src/i2c.o
 .debug_info    0x0000000000002b67     0x1ac0 Core/Src/main.o
 .debug_info    0x0000000000004627      0xa24 Core/Src/oled.o
 .debug_info    0x000000000000504b      0x4eb Core/Src/rtc.o
 .debug_info    0x0000000000005536      0x2d6 Core/Src/stm32f1xx_hal_msp.o
 .debug_info    0x000000000000580c      0x9a3 Core/Src/stm32f1xx_it.o
 .debug_info    0x00000000000061af      0xebd Core/Src/syscalls.o
 .debug_info    0x000000000000706c      0x985 Core/Src/sysmem.o
 .debug_info    0x00000000000079f1      0x29a Core/Src/system_stm32f1xx.o
 .debug_info    0x0000000000007c8b      0xb9e Core/Src/tim.o
 .debug_info    0x0000000000008829      0x95a Core/Src/usart.o
 .debug_info    0x0000000000009183       0x22 Core/Startup/startup_stm32f103c8tx.o
 .debug_info    0x00000000000091a5      0x714 Drivers/STM32F1xx_HAL_Driver/Src/stm32f1xx_hal.o
 .debug_info    0x00000000000098b9      0xb51 Drivers/STM32F1xx_HAL_Driver/Src/stm32f1xx_hal_cortex.o
 .debug_info    0x000000000000a40a      0x7b1 Drivers/STM32F1xx_HAL_Driver/Src/stm32f1xx_hal_dma.o
 .debug_info    0x000000000000abbb      0x69b Drivers/STM32F1xx_HAL_Driver/Src/stm32f1xx_hal_gpio.o
 .debug_info    0x000000000000b256     0x2555 Drivers/STM32F1xx_HAL_Driver/Src/stm32f1xx_hal_i2c.o
 .debug_info    0x000000000000d7ab      0x6e2 Drivers/STM32F1xx_HAL_Driver/Src/stm32f1xx_hal_pwr.o
 .debug_info    0x000000000000de8d      0x80f Drivers/STM32F1xx_HAL_Driver/Src/stm32f1xx_hal_rcc.o
 .debug_info    0x000000000000e69c      0x444 Drivers/STM32F1xx_HAL_Driver/Src/stm32f1xx_hal_rcc_ex.o
 .debug_info    0x000000000000eae0      0xd2f Drivers/STM32F1xx_HAL_Driver/Src/stm32f1xx_hal_rtc.o
 .debug_info    0x000000000000f80f     0x27ef Drivers/STM32F1xx_HAL_Driver/Src/stm32f1xx_hal_tim.o
 .debug_info    0x0000000000011ffe     0x136f Drivers/STM32F1xx_HAL_Driver/Src/stm32f1xx_hal_tim_ex.o
 .debug_info    0x000000000001336d     0x121b Drivers/STM32F1xx_HAL_Driver/Src/stm32f1xx_hal_uart.o

.debug_abbrev   0x0000000000000000     0x33f2
 .debug_abbrev  0x0000000000000000      0x17e Core/McuLib/commonlib/src/mylibs/drv/commDrv/select/Re_commDrv_stm32f1_hal.o
 .debug_abbrev  0x000000000000017e      0x131 Core/McuLib/commonlib/src/mylibs/service/input/keypad/Re_keypad.o
 .debug_abbrev  0x00000000000002af      0x16e Core/McuLib/commonlib/src/mylibs/service/input/keypad/select/Re_keypad_stm32_hal.o
 .debug_abbrev  0x000000000000041d      0x28f Core/Src/as608.o
 .debug_abbrev  0x00000000000006ac      0x134 Core/Src/gpio.o
 .debug_abbrev  0x00000000000007e0      0x199 Core/Src/i2c.o
 .debug_abbrev  0x0000000000000979      0x304 Core/Src/main.o
 .debug_abbrev  0x0000000000000c7d      0x1fa Core/Src/oled.o
 .debug_abbrev  0x0000000000000e77      0x173 Core/Src/rtc.o
 .debug_abbrev  0x0000000000000fea      0x109 Core/Src/stm32f1xx_hal_msp.o
 .debug_abbrev  0x00000000000010f3      0x15a Core/Src/stm32f1xx_it.o
 .debug_abbrev  0x000000000000124d      0x261 Core/Src/syscalls.o
 .debug_abbrev  0x00000000000014ae      0x19b Core/Src/sysmem.o
 .debug_abbrev  0x0000000000001649      0x134 Core/Src/system_stm32f1xx.o
 .debug_abbrev  0x000000000000177d      0x1b3 Core/Src/tim.o
 .debug_abbrev  0x0000000000001930      0x1a2 Core/Src/usart.o
 .debug_abbrev  0x0000000000001ad2       0x12 Core/Startup/startup_stm32f103c8tx.o
 .debug_abbrev  0x0000000000001ae4      0x1c7 Drivers/STM32F1xx_HAL_Driver/Src/stm32f1xx_hal.o
 .debug_abbrev  0x0000000000001cab      0x2d5 Drivers/STM32F1xx_HAL_Driver/Src/stm32f1xx_hal_cortex.o
 .debug_abbrev  0x0000000000001f80      0x1fe Drivers/STM32F1xx_HAL_Driver/Src/stm32f1xx_hal_dma.o
 .debug_abbrev  0x000000000000217e      0x1c0 Drivers/STM32F1xx_HAL_Driver/Src/stm32f1xx_hal_gpio.o
 .debug_abbrev  0x000000000000233e      0x258 Drivers/STM32F1xx_HAL_Driver/Src/stm32f1xx_hal_i2c.o
 .debug_abbrev  0x0000000000002596      0x1f2 Drivers/STM32F1xx_HAL_Driver/Src/stm32f1xx_hal_pwr.o
 .debug_abbrev  0x0000000000002788      0x243 Drivers/STM32F1xx_HAL_Driver/Src/stm32f1xx_hal_rcc.o
 .debug_abbrev  0x00000000000029cb      0x175 Drivers/STM32F1xx_HAL_Driver/Src/stm32f1xx_hal_rcc_ex.o
 .debug_abbrev  0x0000000000002b40      0x20a Drivers/STM32F1xx_HAL_Driver/Src/stm32f1xx_hal_rtc.o
 .debug_abbrev  0x0000000000002d4a      0x230 Drivers/STM32F1xx_HAL_Driver/Src/stm32f1xx_hal_tim.o
 .debug_abbrev  0x0000000000002f7a      0x236 Drivers/STM32F1xx_HAL_Driver/Src/stm32f1xx_hal_tim_ex.o
 .debug_abbrev  0x00000000000031b0      0x242 Drivers/STM32F1xx_HAL_Driver/Src/stm32f1xx_hal_uart.o

.debug_aranges  0x0000000000000000     0x1390
 .debug_aranges
                0x0000000000000000       0x40 Core/McuLib/commonlib/src/mylibs/drv/commDrv/select/Re_commDrv_stm32f1_hal.o
 .debug_aranges
                0x0000000000000040       0x28 Core/McuLib/commonlib/src/mylibs/service/input/keypad/Re_keypad.o
 .debug_aranges
                0x0000000000000068       0x30 Core/McuLib/commonlib/src/mylibs/service/input/keypad/select/Re_keypad_stm32_hal.o
 .debug_aranges
                0x0000000000000098       0x98 Core/Src/as608.o
 .debug_aranges
                0x0000000000000130       0x20 Core/Src/gpio.o
 .debug_aranges
                0x0000000000000150       0x30 Core/Src/i2c.o
 .debug_aranges
                0x0000000000000180       0x68 Core/Src/main.o
 .debug_aranges
                0x00000000000001e8       0x88 Core/Src/oled.o
 .debug_aranges
                0x0000000000000270       0x30 Core/Src/rtc.o
 .debug_aranges
                0x00000000000002a0       0x20 Core/Src/stm32f1xx_hal_msp.o
 .debug_aranges
                0x00000000000002c0       0x80 Core/Src/stm32f1xx_it.o
 .debug_aranges
                0x0000000000000340       0xa8 Core/Src/syscalls.o
 .debug_aranges
                0x00000000000003e8       0x20 Core/Src/sysmem.o
 .debug_aranges
                0x0000000000000408       0x28 Core/Src/system_stm32f1xx.o
 .debug_aranges
                0x0000000000000430       0x40 Core/Src/tim.o
 .debug_aranges
                0x0000000000000470       0x38 Core/Src/usart.o
 .debug_aranges
                0x00000000000004a8       0x28 Core/Startup/startup_stm32f103c8tx.o
 .debug_aranges
                0x00000000000004d0       0xe0 Drivers/STM32F1xx_HAL_Driver/Src/stm32f1xx_hal.o
 .debug_aranges
                0x00000000000005b0      0x100 Drivers/STM32F1xx_HAL_Driver/Src/stm32f1xx_hal_cortex.o
 .debug_aranges
                0x00000000000006b0       0x80 Drivers/STM32F1xx_HAL_Driver/Src/stm32f1xx_hal_dma.o
 .debug_aranges
                0x0000000000000730       0x58 Drivers/STM32F1xx_HAL_Driver/Src/stm32f1xx_hal_gpio.o
 .debug_aranges
                0x0000000000000788      0x2a0 Drivers/STM32F1xx_HAL_Driver/Src/stm32f1xx_hal_i2c.o
 .debug_aranges
                0x0000000000000a28       0xa8 Drivers/STM32F1xx_HAL_Driver/Src/stm32f1xx_hal_pwr.o
 .debug_aranges
                0x0000000000000ad0       0x90 Drivers/STM32F1xx_HAL_Driver/Src/stm32f1xx_hal_rcc.o
 .debug_aranges
                0x0000000000000b60       0x30 Drivers/STM32F1xx_HAL_Driver/Src/stm32f1xx_hal_rcc_ex.o
 .debug_aranges
                0x0000000000000b90       0xf8 Drivers/STM32F1xx_HAL_Driver/Src/stm32f1xx_hal_rtc.o
 .debug_aranges
                0x0000000000000c88      0x3d0 Drivers/STM32F1xx_HAL_Driver/Src/stm32f1xx_hal_tim.o
 .debug_aranges
                0x0000000000001058      0x168 Drivers/STM32F1xx_HAL_Driver/Src/stm32f1xx_hal_tim_ex.o
 .debug_aranges
                0x00000000000011c0      0x1d0 Drivers/STM32F1xx_HAL_Driver/Src/stm32f1xx_hal_uart.o

.debug_ranges   0x0000000000000000     0x11f0
 .debug_ranges  0x0000000000000000       0x30 Core/McuLib/commonlib/src/mylibs/drv/commDrv/select/Re_commDrv_stm32f1_hal.o
 .debug_ranges  0x0000000000000030       0x18 Core/McuLib/commonlib/src/mylibs/service/input/keypad/Re_keypad.o
 .debug_ranges  0x0000000000000048       0x20 Core/McuLib/commonlib/src/mylibs/service/input/keypad/select/Re_keypad_stm32_hal.o
 .debug_ranges  0x0000000000000068       0x88 Core/Src/as608.o
 .debug_ranges  0x00000000000000f0       0x10 Core/Src/gpio.o
 .debug_ranges  0x0000000000000100       0x20 Core/Src/i2c.o
 .debug_ranges  0x0000000000000120       0x58 Core/Src/main.o
 .debug_ranges  0x0000000000000178       0x78 Core/Src/oled.o
 .debug_ranges  0x00000000000001f0       0x20 Core/Src/rtc.o
 .debug_ranges  0x0000000000000210       0x10 Core/Src/stm32f1xx_hal_msp.o
 .debug_ranges  0x0000000000000220       0x70 Core/Src/stm32f1xx_it.o
 .debug_ranges  0x0000000000000290       0x98 Core/Src/syscalls.o
 .debug_ranges  0x0000000000000328       0x10 Core/Src/sysmem.o
 .debug_ranges  0x0000000000000338       0x18 Core/Src/system_stm32f1xx.o
 .debug_ranges  0x0000000000000350       0x30 Core/Src/tim.o
 .debug_ranges  0x0000000000000380       0x28 Core/Src/usart.o
 .debug_ranges  0x00000000000003a8       0x20 Core/Startup/startup_stm32f103c8tx.o
 .debug_ranges  0x00000000000003c8       0xd0 Drivers/STM32F1xx_HAL_Driver/Src/stm32f1xx_hal.o
 .debug_ranges  0x0000000000000498       0xf0 Drivers/STM32F1xx_HAL_Driver/Src/stm32f1xx_hal_cortex.o
 .debug_ranges  0x0000000000000588       0x70 Drivers/STM32F1xx_HAL_Driver/Src/stm32f1xx_hal_dma.o
 .debug_ranges  0x00000000000005f8       0x48 Drivers/STM32F1xx_HAL_Driver/Src/stm32f1xx_hal_gpio.o
 .debug_ranges  0x0000000000000640      0x2b8 Drivers/STM32F1xx_HAL_Driver/Src/stm32f1xx_hal_i2c.o
 .debug_ranges  0x00000000000008f8       0x98 Drivers/STM32F1xx_HAL_Driver/Src/stm32f1xx_hal_pwr.o
 .debug_ranges  0x0000000000000990       0x80 Drivers/STM32F1xx_HAL_Driver/Src/stm32f1xx_hal_rcc.o
 .debug_ranges  0x0000000000000a10       0x20 Drivers/STM32F1xx_HAL_Driver/Src/stm32f1xx_hal_rcc_ex.o
 .debug_ranges  0x0000000000000a30       0xe8 Drivers/STM32F1xx_HAL_Driver/Src/stm32f1xx_hal_rtc.o
 .debug_ranges  0x0000000000000b18      0x3c0 Drivers/STM32F1xx_HAL_Driver/Src/stm32f1xx_hal_tim.o
 .debug_ranges  0x0000000000000ed8      0x158 Drivers/STM32F1xx_HAL_Driver/Src/stm32f1xx_hal_tim_ex.o
 .debug_ranges  0x0000000000001030      0x1c0 Drivers/STM32F1xx_HAL_Driver/Src/stm32f1xx_hal_uart.o

.debug_macro    0x0000000000000000    0x1ad81
 .debug_macro   0x0000000000000000      0x1fb Core/McuLib/commonlib/src/mylibs/drv/commDrv/select/Re_commDrv_stm32f1_hal.o
 .debug_macro   0x00000000000001fb      0xa5a Core/McuLib/commonlib/src/mylibs/drv/commDrv/select/Re_commDrv_stm32f1_hal.o
 .debug_macro   0x0000000000000c55       0x10 Core/McuLib/commonlib/src/mylibs/drv/commDrv/select/Re_commDrv_stm32f1_hal.o
 .debug_macro   0x0000000000000c65       0x10 Core/McuLib/commonlib/src/mylibs/drv/commDrv/select/Re_commDrv_stm32f1_hal.o
 .debug_macro   0x0000000000000c75       0x22 Core/McuLib/commonlib/src/mylibs/drv/commDrv/select/Re_commDrv_stm32f1_hal.o
 .debug_macro   0x0000000000000c97       0x8e Core/McuLib/commonlib/src/mylibs/drv/commDrv/select/Re_commDrv_stm32f1_hal.o
 .debug_macro   0x0000000000000d25       0x51 Core/McuLib/commonlib/src/mylibs/drv/commDrv/select/Re_commDrv_stm32f1_hal.o
 .debug_macro   0x0000000000000d76       0xef Core/McuLib/commonlib/src/mylibs/drv/commDrv/select/Re_commDrv_stm32f1_hal.o
 .debug_macro   0x0000000000000e65       0x6a Core/McuLib/commonlib/src/mylibs/drv/commDrv/select/Re_commDrv_stm32f1_hal.o
 .debug_macro   0x0000000000000ecf      0x1df Core/McuLib/commonlib/src/mylibs/drv/commDrv/select/Re_commDrv_stm32f1_hal.o
 .debug_macro   0x00000000000010ae      0x227 Core/McuLib/commonlib/src/mylibs/drv/commDrv/select/Re_commDrv_stm32f1_hal.o
 .debug_macro   0x00000000000012d5       0x2e Core/McuLib/commonlib/src/mylibs/drv/commDrv/select/Re_commDrv_stm32f1_hal.o
 .debug_macro   0x0000000000001303       0x22 Core/McuLib/commonlib/src/mylibs/drv/commDrv/select/Re_commDrv_stm32f1_hal.o
 .debug_macro   0x0000000000001325       0x1c Core/McuLib/commonlib/src/mylibs/drv/commDrv/select/Re_commDrv_stm32f1_hal.o
 .debug_macro   0x0000000000001341       0x22 Core/McuLib/commonlib/src/mylibs/drv/commDrv/select/Re_commDrv_stm32f1_hal.o
 .debug_macro   0x0000000000001363       0xc3 Core/McuLib/commonlib/src/mylibs/drv/commDrv/select/Re_commDrv_stm32f1_hal.o
 .debug_macro   0x0000000000001426      0xd23 Core/McuLib/commonlib/src/mylibs/drv/commDrv/select/Re_commDrv_stm32f1_hal.o
 .debug_macro   0x0000000000002149     0xe097 Core/McuLib/commonlib/src/mylibs/drv/commDrv/select/Re_commDrv_stm32f1_hal.o
 .debug_macro   0x00000000000101e0       0x43 Core/McuLib/commonlib/src/mylibs/drv/commDrv/select/Re_commDrv_stm32f1_hal.o
 .debug_macro   0x0000000000010223     0x3468 Core/McuLib/commonlib/src/mylibs/drv/commDrv/select/Re_commDrv_stm32f1_hal.o
 .debug_macro   0x000000000001368b      0x174 Core/McuLib/commonlib/src/mylibs/drv/commDrv/select/Re_commDrv_stm32f1_hal.o
 .debug_macro   0x00000000000137ff       0x5c Core/McuLib/commonlib/src/mylibs/drv/commDrv/select/Re_commDrv_stm32f1_hal.o
 .debug_macro   0x000000000001385b      0x5be Core/McuLib/commonlib/src/mylibs/drv/commDrv/select/Re_commDrv_stm32f1_hal.o
 .debug_macro   0x0000000000013e19      0x289 Core/McuLib/commonlib/src/mylibs/drv/commDrv/select/Re_commDrv_stm32f1_hal.o
 .debug_macro   0x00000000000140a2      0x1cb Core/McuLib/commonlib/src/mylibs/drv/commDrv/select/Re_commDrv_stm32f1_hal.o
 .debug_macro   0x000000000001426d      0x114 Core/McuLib/commonlib/src/mylibs/drv/commDrv/select/Re_commDrv_stm32f1_hal.o
 .debug_macro   0x0000000000014381      0x1b2 Core/McuLib/commonlib/src/mylibs/drv/commDrv/select/Re_commDrv_stm32f1_hal.o
 .debug_macro   0x0000000000014533       0x27 Core/McuLib/commonlib/src/mylibs/drv/commDrv/select/Re_commDrv_stm32f1_hal.o
 .debug_macro   0x000000000001455a      0x136 Core/McuLib/commonlib/src/mylibs/drv/commDrv/select/Re_commDrv_stm32f1_hal.o
 .debug_macro   0x0000000000014690      0x1bc Core/McuLib/commonlib/src/mylibs/drv/commDrv/select/Re_commDrv_stm32f1_hal.o
 .debug_macro   0x000000000001484c       0x34 Core/McuLib/commonlib/src/mylibs/drv/commDrv/select/Re_commDrv_stm32f1_hal.o
 .debug_macro   0x0000000000014880       0x3c Core/McuLib/commonlib/src/mylibs/drv/commDrv/select/Re_commDrv_stm32f1_hal.o
 .debug_macro   0x00000000000148bc       0x57 Core/McuLib/commonlib/src/mylibs/drv/commDrv/select/Re_commDrv_stm32f1_hal.o
 .debug_macro   0x0000000000014913       0x88 Core/McuLib/commonlib/src/mylibs/drv/commDrv/select/Re_commDrv_stm32f1_hal.o
 .debug_macro   0x000000000001499b      0x241 Core/McuLib/commonlib/src/mylibs/drv/commDrv/select/Re_commDrv_stm32f1_hal.o
 .debug_macro   0x0000000000014bdc      0x287 Core/McuLib/commonlib/src/mylibs/drv/commDrv/select/Re_commDrv_stm32f1_hal.o
 .debug_macro   0x0000000000014e63      0x141 Core/McuLib/commonlib/src/mylibs/drv/commDrv/select/Re_commDrv_stm32f1_hal.o
 .debug_macro   0x0000000000014fa4      0x1ef Core/McuLib/commonlib/src/mylibs/drv/commDrv/select/Re_commDrv_stm32f1_hal.o
 .debug_macro   0x0000000000015193       0xec Core/McuLib/commonlib/src/mylibs/drv/commDrv/select/Re_commDrv_stm32f1_hal.o
 .debug_macro   0x000000000001527f      0x8d1 Core/McuLib/commonlib/src/mylibs/drv/commDrv/select/Re_commDrv_stm32f1_hal.o
 .debug_macro   0x0000000000015b50      0x26b Core/McuLib/commonlib/src/mylibs/drv/commDrv/select/Re_commDrv_stm32f1_hal.o
 .debug_macro   0x0000000000015dbb       0x83 Core/McuLib/commonlib/src/mylibs/drv/commDrv/select/Re_commDrv_stm32f1_hal.o
 .debug_macro   0x0000000000015e3e      0x21f Core/McuLib/commonlib/src/mylibs/service/input/keypad/Re_keypad.o
 .debug_macro   0x000000000001605d      0x2a5 Core/McuLib/commonlib/src/mylibs/service/input/keypad/select/Re_keypad_stm32_hal.o
 .debug_macro   0x0000000000016302      0x363 Core/Src/as608.o
 .debug_macro   0x0000000000016665       0x40 Core/Src/as608.o
 .debug_macro   0x00000000000166a5       0x18 Core/Src/as608.o
 .debug_macro   0x00000000000166bd       0x94 Core/Src/as608.o
 .debug_macro   0x0000000000016751       0x3c Core/Src/as608.o
 .debug_macro   0x000000000001678d       0x34 Core/Src/as608.o
 .debug_macro   0x00000000000167c1       0x57 Core/Src/as608.o
 .debug_macro   0x0000000000016818       0x52 Core/Src/as608.o
 .debug_macro   0x000000000001686a       0x1f Core/Src/as608.o
 .debug_macro   0x0000000000016889       0x43 Core/Src/as608.o
 .debug_macro   0x00000000000168cc       0x20 Core/Src/as608.o
 .debug_macro   0x00000000000168ec      0x1a3 Core/Src/as608.o
 .debug_macro   0x0000000000016a8f      0x330 Core/Src/as608.o
 .debug_macro   0x0000000000016dbf       0x10 Core/Src/as608.o
 .debug_macro   0x0000000000016dcf       0x35 Core/Src/as608.o
 .debug_macro   0x0000000000016e04       0x20 Core/Src/as608.o
 .debug_macro   0x0000000000016e24       0x1c Core/Src/as608.o
 .debug_macro   0x0000000000016e40       0x10 Core/Src/as608.o
 .debug_macro   0x0000000000016e50       0x10 Core/Src/as608.o
 .debug_macro   0x0000000000016e60       0x1c Core/Src/as608.o
 .debug_macro   0x0000000000016e7c       0x52 Core/Src/as608.o
 .debug_macro   0x0000000000016ece       0x40 Core/Src/as608.o
 .debug_macro   0x0000000000016f0e       0x10 Core/Src/as608.o
 .debug_macro   0x0000000000016f1e       0x40 Core/Src/as608.o
 .debug_macro   0x0000000000016f5e       0xd7 Core/Src/as608.o
 .debug_macro   0x0000000000017035       0x1c Core/Src/as608.o
 .debug_macro   0x0000000000017051       0x3d Core/Src/as608.o
 .debug_macro   0x000000000001708e       0x16 Core/Src/as608.o
 .debug_macro   0x00000000000170a4      0x145 Core/Src/as608.o
 .debug_macro   0x00000000000171e9       0xbd Core/Src/as608.o
 .debug_macro   0x00000000000172a6       0x56 Core/Src/as608.o
 .debug_macro   0x00000000000172fc       0x16 Core/Src/as608.o
 .debug_macro   0x0000000000017312       0x2e Core/Src/as608.o
 .debug_macro   0x0000000000017340      0x1da Core/Src/gpio.o
 .debug_macro   0x000000000001751a       0x10 Core/Src/gpio.o
 .debug_macro   0x000000000001752a      0x1da Core/Src/i2c.o
 .debug_macro   0x0000000000017704      0x3f1 Core/Src/main.o
 .debug_macro   0x0000000000017af5       0x46 Core/Src/main.o
 .debug_macro   0x0000000000017b3b      0x32a Core/Src/main.o
 .debug_macro   0x0000000000017e65      0x1ee Core/Src/oled.o
 .debug_macro   0x0000000000018053      0x1da Core/Src/rtc.o
 .debug_macro   0x000000000001822d      0x1d0 Core/Src/stm32f1xx_hal_msp.o
 .debug_macro   0x00000000000183fd      0x1da Core/Src/stm32f1xx_it.o
 .debug_macro   0x00000000000185d7      0x243 Core/Src/syscalls.o
 .debug_macro   0x000000000001881a       0x10 Core/Src/syscalls.o
 .debug_macro   0x000000000001882a       0x10 Core/Src/syscalls.o
 .debug_macro   0x000000000001883a       0x10 Core/Src/syscalls.o
 .debug_macro   0x000000000001884a       0x35 Core/Src/syscalls.o
 .debug_macro   0x000000000001887f      0x122 Core/Src/syscalls.o
 .debug_macro   0x00000000000189a1       0x16 Core/Src/syscalls.o
 .debug_macro   0x00000000000189b7       0x16 Core/Src/syscalls.o
 .debug_macro   0x00000000000189cd       0x29 Core/Src/syscalls.o
 .debug_macro   0x00000000000189f6       0x10 Core/Src/syscalls.o
 .debug_macro   0x0000000000018a06      0x241 Core/Src/syscalls.o
 .debug_macro   0x0000000000018c47       0x10 Core/Src/syscalls.o
 .debug_macro   0x0000000000018c57      0x189 Core/Src/syscalls.o
 .debug_macro   0x0000000000018de0       0x16 Core/Src/syscalls.o
 .debug_macro   0x0000000000018df6       0x88 Core/Src/syscalls.o
 .debug_macro   0x0000000000018e7e       0xee Core/Src/sysmem.o
 .debug_macro   0x0000000000018f6c      0x23b Core/Src/sysmem.o
 .debug_macro   0x00000000000191a7      0x1c1 Core/Src/system_stm32f1xx.o
 .debug_macro   0x0000000000019368      0x1da Core/Src/tim.o
 .debug_macro   0x0000000000019542      0x1da Core/Src/usart.o
 .debug_macro   0x000000000001971c      0x1e5 Drivers/STM32F1xx_HAL_Driver/Src/stm32f1xx_hal.o
 .debug_macro   0x0000000000019901      0x1c1 Drivers/STM32F1xx_HAL_Driver/Src/stm32f1xx_hal_cortex.o
 .debug_macro   0x0000000000019ac2      0x1c1 Drivers/STM32F1xx_HAL_Driver/Src/stm32f1xx_hal_dma.o
 .debug_macro   0x0000000000019c83      0x22c Drivers/STM32F1xx_HAL_Driver/Src/stm32f1xx_hal_gpio.o
 .debug_macro   0x0000000000019eaf      0x208 Drivers/STM32F1xx_HAL_Driver/Src/stm32f1xx_hal_i2c.o
 .debug_macro   0x000000000001a0b7      0x221 Drivers/STM32F1xx_HAL_Driver/Src/stm32f1xx_hal_pwr.o
 .debug_macro   0x000000000001a2d8      0x1d3 Drivers/STM32F1xx_HAL_Driver/Src/stm32f1xx_hal_rcc.o
 .debug_macro   0x000000000001a4ab      0x1c1 Drivers/STM32F1xx_HAL_Driver/Src/stm32f1xx_hal_rcc_ex.o
 .debug_macro   0x000000000001a66c      0x1d0 Drivers/STM32F1xx_HAL_Driver/Src/stm32f1xx_hal_rtc.o
 .debug_macro   0x000000000001a83c      0x1c2 Drivers/STM32F1xx_HAL_Driver/Src/stm32f1xx_hal_tim.o
 .debug_macro   0x000000000001a9fe      0x1c1 Drivers/STM32F1xx_HAL_Driver/Src/stm32f1xx_hal_tim_ex.o
 .debug_macro   0x000000000001abbf      0x1c2 Drivers/STM32F1xx_HAL_Driver/Src/stm32f1xx_hal_uart.o

.debug_line     0x0000000000000000    0x12ec4
 .debug_line    0x0000000000000000      0x8e6 Core/McuLib/commonlib/src/mylibs/drv/commDrv/select/Re_commDrv_stm32f1_hal.o
 .debug_line    0x00000000000008e6      0x94d Core/McuLib/commonlib/src/mylibs/service/input/keypad/Re_keypad.o
 .debug_line    0x0000000000001233      0x958 Core/McuLib/commonlib/src/mylibs/service/input/keypad/select/Re_keypad_stm32_hal.o
 .debug_line    0x0000000000001b8b      0xbe8 Core/Src/as608.o