Archive member included to satisfy reference by file (symbol)

d:/stm32cubeide/stm32cubeide_1.4.0/stm32cubeide/plugins/com.st.stm32cube.ide.mcu.externaltools.gnu-tools-for-stm32.7-2018-q2-update.win32_1.5.0.202011040924/tools/bin/../lib/gcc/arm-none-eabi/7.3.1/../../../../arm-none-eabi/lib/thumb/v7-m\libc_nano.a(lib_a-errno.o)
                              Core/Src/syscalls.o (__errno)
d:/stm32cubeide/stm32cubeide_1.4.0/stm32cubeide/plugins/com.st.stm32cube.ide.mcu.externaltools.gnu-tools-for-stm32.7-2018-q2-update.win32_1.5.0.202011040924/tools/bin/../lib/gcc/arm-none-eabi/7.3.1/../../../../arm-none-eabi/lib/thumb/v7-m\libc_nano.a(lib_a-exit.o)
                              d:/stm32cubeide/stm32cubeide_1.4.0/stm32cubeide/plugins/com.st.stm32cube.ide.mcu.externaltools.gnu-tools-for-stm32.7-2018-q2-update.win32_1.5.0.202011040924/tools/bin/../lib/gcc/arm-none-eabi/7.3.1/../../../../arm-none-eabi/lib/thumb/v7-m/crt0.o (exit)
d:/stm32cubeide/stm32cubeide_1.4.0/stm32cubeide/plugins/com.st.stm32cube.ide.mcu.externaltools.gnu-tools-for-stm32.7-2018-q2-update.win32_1.5.0.202011040924/tools/bin/../lib/gcc/arm-none-eabi/7.3.1/../../../../arm-none-eabi/lib/thumb/v7-m\libc_nano.a(lib_a-impure.o)
                              d:/stm32cubeide/stm32cubeide_1.4.0/stm32cubeide/plugins/com.st.stm32cube.ide.mcu.externaltools.gnu-tools-for-stm32.7-2018-q2-update.win32_1.5.0.202011040924/tools/bin/../lib/gcc/arm-none-eabi/7.3.1/../../../../arm-none-eabi/lib/thumb/v7-m\libc_nano.a(lib_a-exit.o) (_global_impure_ptr)
d:/stm32cubeide/stm32cubeide_1.4.0/stm32cubeide/plugins/com.st.stm32cube.ide.mcu.externaltools.gnu-tools-for-stm32.7-2018-q2-update.win32_1.5.0.202011040924/tools/bin/../lib/gcc/arm-none-eabi/7.3.1/../../../../arm-none-eabi/lib/thumb/v7-m\libc_nano.a(lib_a-init.o)
                              d:/stm32cubeide/stm32cubeide_1.4.0/stm32cubeide/plugins/com.st.stm32cube.ide.mcu.externaltools.gnu-tools-for-stm32.7-2018-q2-update.win32_1.5.0.202011040924/tools/bin/../lib/gcc/arm-none-eabi/7.3.1/../../../../arm-none-eabi/lib/thumb/v7-m/crt0.o (__libc_init_array)
d:/stm32cubeide/stm32cubeide_1.4.0/stm32cubeide/plugins/com.st.stm32cube.ide.mcu.externaltools.gnu-tools-for-stm32.7-2018-q2-update.win32_1.5.0.202011040924/tools/bin/../lib/gcc/arm-none-eabi/7.3.1/../../../../arm-none-eabi/lib/thumb/v7-m\libc_nano.a(lib_a-memcpy-stub.o)
                              Core/Src/main.o (memcpy)
d:/stm32cubeide/stm32cubeide_1.4.0/stm32cubeide/plugins/com.st.stm32cube.ide.mcu.externaltools.gnu-tools-for-stm32.7-2018-q2-update.win32_1.5.0.202011040924/tools/bin/../lib/gcc/arm-none-eabi/7.3.1/../../../../arm-none-eabi/lib/thumb/v7-m\libc_nano.a(lib_a-memset.o)
                              d:/stm32cubeide/stm32cubeide_1.4.0/stm32cubeide/plugins/com.st.stm32cube.ide.mcu.externaltools.gnu-tools-for-stm32.7-2018-q2-update.win32_1.5.0.202011040924/tools/bin/../lib/gcc/arm-none-eabi/7.3.1/../../../../arm-none-eabi/lib/thumb/v7-m/crt0.o (memset)
d:/stm32cubeide/stm32cubeide_1.4.0/stm32cubeide/plugins/com.st.stm32cube.ide.mcu.externaltools.gnu-tools-for-stm32.7-2018-q2-update.win32_1.5.0.202011040924/tools/bin/../lib/gcc/arm-none-eabi/7.3.1/../../../../arm-none-eabi/lib/thumb/v7-m\libc_nano.a(lib_a-printf.o)
                              Core/Src/as608.o (printf)
d:/stm32cubeide/stm32cubeide_1.4.0/stm32cubeide/plugins/com.st.stm32cube.ide.mcu.externaltools.gnu-tools-for-stm32.7-2018-q2-update.win32_1.5.0.202011040924/tools/bin/../lib/gcc/arm-none-eabi/7.3.1/../../../../arm-none-eabi/lib/thumb/v7-m\libc_nano.a(lib_a-puts.o)
                              Core/Src/as608.o (puts)
d:/stm32cubeide/stm32cubeide_1.4.0/stm32cubeide/plugins/com.st.stm32cube.ide.mcu.externaltools.gnu-tools-for-stm32.7-2018-q2-update.win32_1.5.0.202011040924/tools/bin/../lib/gcc/arm-none-eabi/7.3.1/../../../../arm-none-eabi/lib/thumb/v7-m\libc_nano.a(lib_a-wbuf.o)
                              d:/stm32cubeide/stm32cubeide_1.4.0/stm32cubeide/plugins/com.st.stm32cube.ide.mcu.externaltools.gnu-tools-for-stm32.7-2018-q2-update.win32_1.5.0.202011040924/tools/bin/../lib/gcc/arm-none-eabi/7.3.1/../../../../arm-none-eabi/lib/thumb/v7-m\libc_nano.a(lib_a-puts.o) (__swbuf_r)
d:/stm32cubeide/stm32cubeide_1.4.0/stm32cubeide/plugins/com.st.stm32cube.ide.mcu.externaltools.gnu-tools-for-stm32.7-2018-q2-update.win32_1.5.0.202011040924/tools/bin/../lib/gcc/arm-none-eabi/7.3.1/../../../../arm-none-eabi/lib/thumb/v7-m\libc_nano.a(lib_a-wsetup.o)
                              d:/stm32cubeide/stm32cubeide_1.4.0/stm32cubeide/plugins/com.st.stm32cube.ide.mcu.externaltools.gnu-tools-for-stm32.7-2018-q2-update.win32_1.5.0.202011040924/tools/bin/../lib/gcc/arm-none-eabi/7.3.1/../../../../arm-none-eabi/lib/thumb/v7-m\libc_nano.a(lib_a-puts.o) (__swsetup_r)
[...]
Memory Configuration

Name             Origin             Length             Attributes
RAM              0x0000000020000000 0x0000000000005000 xrw
FLASH            0x0000000008000000 0x0000000000010000 xr
*default*        0x0000000000000000 0xffffffffffffffff

Linker script and memory map

LOAD d:/stm32cubeide/stm32cubeide_1.4.0/stm32cubeide/plugins/com.st.stm32cube.ide.mcu.externaltools.gnu-tools-for-stm32.7-2018-q2-update.win32_1.5.0.202011040924/tools/bin/../lib/gcc/arm-none-eabi/7.3.1/thumb/v7-m/crti.o
LOAD d:/stm32cubeide/stm32cubeide_1.4.0/stm32cubeide/plugins/com.st.stm32cube.ide.mcu.externaltools.gnu-tools-for-stm32.7-2018-q2-update.win32_1.5.0.202011040924/tools/bin/../lib/gcc/arm-none-eabi/7.3.1/thumb/v7-m/crtbegin.o
LOAD d:/stm32cubeide/stm32cubeide_1.4.0/stm32cubeide/plugins/com.st.stm32cube.ide.mcu.externaltools.gnu-tools-for-stm32.7-2018-q2-update.win32_1.5.0.202011040924/tools/bin/../lib/gcc/arm-none-eabi/7.3.1/../../../../arm-none-eabi/lib/thumb/v7-m/crt0.o
LOAD Core/McuLib/commonlib/src/mylibs/drv/commDrv/select/Re_commDrv_stm32f1_hal.o
LOAD Core/McuLib/commonlib/src/mylibs/drv/iicDrv/select/Re_iicDrv_stm32f1_hal.o
LOAD Core/McuLib/commonlib/src/mylibs/service/input/keypad/Re_keypad.o
LOAD Core/McuLib/commonlib/src/mylibs/service/input/keypad/select/Re_keypad_stm32_hal.o
LOAD Core/Src/as608.o
LOAD Core/Src/gpio.o
LOAD Core/Src/i2c.o
LOAD Core/Src/main.o
LOAD Core/Src/oled.o
LOAD Core/Src/stm32f1xx_hal_msp.o
LOAD Core/Src/stm32f1xx_it.o
LOAD Core/Src/syscalls.o
LOAD Core/Src/sysmem.o
LOAD Core/Src/system_stm32f1xx.o
LOAD Core/Src/tim.o
LOAD Core/Src/usart.o
LOAD Core/Startup/startup_stm32f103c8tx.o
LOAD Drivers/STM32F1xx_HAL_Driver/Src/stm32f1xx_hal.o
LOAD Drivers/STM32F1xx_HAL_Driver/Src/stm32f1xx_hal_cortex.o
LOAD Drivers/STM32F1xx_HAL_Driver/Src/stm32f1xx_hal_dma.o
LOAD Drivers/STM32F1xx_HAL_Driver/Src/stm32f1xx_hal_exti.o
LOAD Drivers/STM32F1xx_HAL_Driver/Src/stm32f1xx_hal_flash.o
LOAD Drivers/STM32F1xx_HAL_Driver/Src/stm32f1xx_hal_flash_ex.o
LOAD Drivers/STM32F1xx_HAL_Driver/Src/stm32f1xx_hal_gpio.o
LOAD Drivers/STM32F1xx_HAL_Driver/Src/stm32f1xx_hal_gpio_ex.o
LOAD Drivers/STM32F1xx_HAL_Driver/Src/stm32f1xx_hal_i2c.o
LOAD Drivers/STM32F1xx_HAL_Driver/Src/stm32f1xx_hal_pwr.o
LOAD Drivers/STM32F1xx_HAL_Driver/Src/stm32f1xx_hal_rcc.o
LOAD Drivers/STM32F1xx_HAL_Driver/Src/stm32f1xx_hal_rcc_ex.o
LOAD Drivers/STM32F1xx_HAL_Driver/Src/stm32f1xx_hal_tim.o
LOAD Drivers/STM32F1xx_HAL_Driver/Src/stm32f1xx_hal_tim_ex.o
LOAD Drivers/STM32F1xx_HAL_Driver/Src/stm32f1xx_hal_uart.o
START GROUP
LOAD d:/stm32cubeide/stm32cubeide_1.4.0/stm32cubeide/plugins/com.st.stm32cube.ide.mcu.externaltools.gnu-tools-for-stm32.7-2018-q2-update.win32_1.5.0.202011040924/tools/bin/../lib/gcc/arm-none-eabi/7.3.1/../../../../arm-none-eabi/lib/thumb/v7-m\libc_nano.a
LOAD d:/stm32cubeide/stm32cubeide_1.4.0/stm32cubeide/plugins/com.st.stm32cube.ide.mcu.externaltools.gnu-tools-for-stm32.7-2018-q2-update.win32_1.5.0.202011040924/tools/bin/../lib/gcc/arm-none-eabi/7.3.1/../../../../arm-none-eabi/lib/thumb/v7-m\libm.a
END GROUP
START GROUP
LOAD d:/stm32cubeide/stm32cubeide_1.4.0/stm32cubeide/plugins/com.st.stm32cube.ide.mcu.externaltools.gnu-tools-for-stm32.7-2018-q2-update.win32_1.5.0.202011040924/tools/bin/../lib/gcc/arm-none-eabi/7.3.1/thumb/v7-m\libgcc.a
LOAD d:/stm32cubeide/stm32cubeide_1.4.0/stm32cubeide/plugins/com.st.stm32cube.ide.mcu.externaltools.gnu-tools-for-stm32.7-2018-q2-update.win32_1.5.0.202011040924/tools/bin/../lib/gcc/arm-none-eabi/7.3.1/../../../../arm-none-eabi/lib/thumb/v7-m\libc_nano.a
END GROUP
START GROUP
LOAD d:/stm32cubeide/stm32cubeide_1.4.0/stm32cubeide/plugins/com.st.stm32cube.ide.mcu.externaltools.gnu-tools-for-stm32.7-2018-q2-update.win32_1.5.0.202011040924/tools/bin/../lib/gcc/arm-none-eabi/7.3.1/thumb/v7-m\libgcc.a
LOAD d:/stm32cubeide/stm32cubeide_1.4.0/stm32cubeide/plugins/com.st.stm32cube.ide.mcu.externaltools.gnu-tools-for-stm32.7-2018-q2-update.win32_1.5.0.202011040924/tools/bin/../lib/gcc/arm-none-eabi/7.3.1/../../../../arm-none-eabi/lib/thumb/v7-m\libc_nano.a
LOAD d:/stm32cubeide/stm32cubeide_1.4.0/stm32cubeide/plugins/com.st.stm32cube.ide.mcu.externaltools.gnu-tools-for-stm32.7-2018-q2-update.win32_1.5.0.202011040924/tools/bin/../lib/gcc/arm-none-eabi/7.3.1/../../../../arm-none-eabi/lib/thumb/v7-m\libnosys.a
END GROUP
START GROUP
LOAD d:/stm32cubeide/stm32cubeide_1.4.0/stm32cubeide/plugins/com.st.stm32cube.ide.mcu.externaltools.gnu-tools-for-stm32.7-2018-q2-update.win32_1.5.0.202011040924/tools/bin/../lib/gcc/arm-none-eabi/7.3.1/thumb/v7-m\libgcc.a
LOAD d:/stm32cubeide/stm32cubeide_1.4.0/stm32cubeide/plugins/com.st.stm32cube.ide.mcu.externaltools.gnu-tools-for-stm32.7-2018-q2-update.win32_1.5.0.202011040924/tools/bin/../lib/gcc/arm-none-eabi/7.3.1/../../../../arm-none-eabi/lib/thumb/v7-m\libc_nano.a
LOAD d:/stm32cubeide/stm32cubeide_1.4.0/stm32cubeide/plugins/com.st.stm32cube.ide.mcu.externaltools.gnu-tools-for-stm32.7-2018-q2-update.win32_1.5.0.202011040924/tools/bin/../lib/gcc/arm-none-eabi/7.3.1/../../../../arm-none-eabi/lib/thumb/v7-m\libnosys.a
END GROUP
LOAD d:/stm32cubeide/stm32cubeide_1.4.0/stm32cubeide/plugins/com.st.stm32cube.ide.mcu.externaltools.gnu-tools-for-stm32.7-2018-q2-update.win32_1.5.0.202011040924/tools/bin/../lib/gcc/arm-none-eabi/7.3.1/thumb/v7-m/crtend.o
LOAD d:/stm32cubeide/stm32cubeide_1.4.0/stm32cubeide/plugins/com.st.stm32cube.ide.mcu.externaltools.gnu-tools-for-stm32.7-2018-q2-update.win32_1.5.0.202011040924/tools/bin/../lib/gcc/arm-none-eabi/7.3.1/thumb/v7-m/crtn.o
                0x0000000020005000                _estack = (ORIGIN (RAM) + LENGTH (RAM))
                0x0000000000000200                _Min_Heap_Size = 0x200
                0x0000000000000400                _Min_Stack_Size = 0x400

.isr_vector     0x0000000008000000      0x10c
                0x0000000008000000                . = ALIGN (0x4)
 *(.isr_vector)
 .isr_vector    0x0000000008000000      0x10c Core/Startup/startup_stm32f103c8tx.o
                0x0000000008000000                g_pfnVectors
                0x000000000800010c                . = ALIGN (0x4)

.text           0x000000000800010c     0x4a88
                0x000000000800010c                . = ALIGN (0x4)
 *(.text)
 .text          0x000000000800010c       0x40 d:/stm32cubeide/stm32cubeide_1.4.0/stm32cubeide/plugins/com.st.stm32cube.ide.mcu.externaltools.gnu-tools-for-stm32.7-2018-q2-update.win32_1.5.0.202011040924/tools/bin/../lib/gcc/arm-none-eabi/7.3.1/thumb/v7-m/crtbegin.o
 *(.text*)
 .text.myDelayUS
                0x000000000800014c       0x84 Core/McuLib/commonlib/src/mylibs/drv/commDrv/select/Re_commDrv_stm32f1_hal.o
                0x000000000800014c                myDelayUS
 .text.myDelayMS
                0x00000000080001d0       0x3e Core/McuLib/commonlib/src/mylibs/drv/commDrv/select/Re_commDrv_stm32f1_hal.o
                0x00000000080001d0                myDelayMS
 *fill*         0x000000000800020e        0x2 
 .text.setFrame
                0x0000000008000210       0x70 Core/Src/as608.o
                0x0000000008000210                setFrame
 .text.PS_GetImage
                0x0000000008000280       0xe8 Core/Src/as608.o
                0x0000000008000280                PS_GetImage
 .text.PS_GenChar
                0x0000000008000368      0x144 Core/Src/as608.o
                0x0000000008000368                PS_GenChar
 .text.PS_Search
                0x00000000080004ac      0x214 Core/Src/as608.o
                0x00000000080004ac                PS_Search
 .text.MX_GPIO_Init
                0x00000000080006c0       0x98 Core/Src/gpio.o
                0x00000000080006c0                MX_GPIO_Init
 .text.MX_I2C1_Init
                0x0000000008000758       0x5c Core/Src/i2c.o
                0x0000000008000758                MX_I2C1_Init
 .text.HAL_I2C_MspInit
                0x00000000080007b4       0x7c Core/Src/i2c.o
                0x00000000080007b4                HAL_I2C_MspInit
 .text.main     0x0000000008000830      0x160 Core/Src/main.o
                0x0000000008000830                main
 .text.SystemClock_Config
                0x0000000008000990       0x8a Core/Src/main.o
                0x0000000008000990                SystemClock_Config
 .text.wrongdoing
                0x0000000008000a1a       0x96 Core/Src/main.o
                0x0000000008000a1a                wrongdoing
 .text.rightdoing
                0x0000000008000ab0       0x96 Core/Src/main.o
                0x0000000008000ab0                rightdoing
 *fill*         0x0000000008000b46        0x2 
 .text.HAL_GPIO_EXTI_Callback
                0x0000000008000b48       0x30 Core/Src/main.o
                0x0000000008000b48                HAL_GPIO_EXTI_Callback
 .text.Error_Handler
                0x0000000008000b78        0x8 Core/Src/main.o
                0x0000000008000b78                Error_Handler
 .text.OLED_Write_Cmd
                0x0000000008000b80       0x34 Core/Src/oled.o
 .text.OLED_Write_Dat
                0x0000000008000bb4       0x34 Core/Src/oled.o
 .text.OLED_Set_Pos
                0x0000000008000be8       0x4e Core/Src/oled.o
                0x0000000008000be8                OLED_Set_Pos
 .text.OLED_Clear
                0x0000000008000c36       0x52 Core/Src/oled.o
                0x0000000008000c36                OLED_Clear
 .text.OLED_ShowCHinese
                0x0000000008000c88       0x9c Core/Src/oled.o
                0x0000000008000c88                OLED_ShowCHinese
 .text.OLED_Init
                0x0000000008000d24       0xc4 Core/Src/oled.o
                0x0000000008000d24                OLED_Init
 .text.HAL_MspInit
                0x0000000008000de8       0x64 Core/Src/stm32f1xx_hal_msp.o
                0x0000000008000de8                HAL_MspInit
 .text.NMI_Handler
                0x0000000008000e4c        0x6 Core/Src/stm32f1xx_it.o
                0x0000000008000e4c                NMI_Handler
 .text.HardFault_Handler
                0x0000000008000e52        0x6 Core/Src/stm32f1xx_it.o
                0x0000000008000e52                HardFault_Handler
 .text.MemManage_Handler
                0x0000000008000e58        0x6 Core/Src/stm32f1xx_it.o
                0x0000000008000e58                MemManage_Handler
 .text.BusFault_Handler
                0x0000000008000e5e        0x6 Core/Src/stm32f1xx_it.o
                0x0000000008000e5e                BusFault_Handler
 .text.UsageFault_Handler
                0x0000000008000e64        0x6 Core/Src/stm32f1xx_it.o
                0x0000000008000e64                UsageFault_Handler
 .text.SVC_Handler
                0x0000000008000e6a        0xc Core/Src/stm32f1xx_it.o
                0x0000000008000e6a                SVC_Handler
 .text.DebugMon_Handler
                0x0000000008000e76        0xc Core/Src/stm32f1xx_it.o
                0x0000000008000e76                DebugMon_Handler
 .text.PendSV_Handler
                0x0000000008000e82        0xc Core/Src/stm32f1xx_it.o
                0x0000000008000e82                PendSV_Handler
 .text.SysTick_Handler
                0x0000000008000e8e        0xc Core/Src/stm32f1xx_it.o
                0x0000000008000e8e                SysTick_Handler
 .text.EXTI1_IRQHandler
                0x0000000008000e9a        0xe Core/Src/stm32f1xx_it.o
                0x0000000008000e9a                EXTI1_IRQHandler
 .text.TIM2_IRQHandler
                0x0000000008000ea8       0x14 Core/Src/stm32f1xx_it.o
                0x0000000008000ea8                TIM2_IRQHandler
 .text.USART2_IRQHandler
                0x0000000008000ebc       0x14 Core/Src/stm32f1xx_it.o
                0x0000000008000ebc                USART2_IRQHandler
 .text._read    0x0000000008000ed0       0x3a Core/Src/syscalls.o
                0x0000000008000ed0                _read
 .text._write   0x0000000008000f0a       0x38 Core/Src/syscalls.o
                0x0000000008000f0a                _write
 .text._close   0x0000000008000f42       0x16 Core/Src/syscalls.o
                0x0000000008000f42                _close
 .text._fstat   0x0000000008000f58       0x1e Core/Src/syscalls.o
                0x0000000008000f58                _fstat
 .text._isatty  0x0000000008000f76       0x14 Core/Src/syscalls.o
                0x0000000008000f76                _isatty
 .text._lseek   0x0000000008000f8a       0x18 Core/Src/syscalls.o
                0x0000000008000f8a                _lseek
 *fill*         0x0000000008000fa2        0x2 
 .text._sbrk    0x0000000008000fa4       0x6c Core/Src/sysmem.o
                0x0000000008000fa4                _sbrk
 .text.SystemInit
                0x0000000008001010        0xc Core/Src/system_stm32f1xx.o
                0x0000000008001010                SystemInit
 .text.MX_TIM2_Init
                0x000000000800101c       0xec Core/Src/tim.o
                0x000000000800101c                MX_TIM2_Init
 .text.HAL_TIM_Base_MspInit
                0x0000000008001108       0x48 Core/Src/tim.o
                0x0000000008001108                HAL_TIM_Base_MspInit
 .text.HAL_TIM_MspPostInit
                0x0000000008001150       0x60 Core/Src/tim.o
                0x0000000008001150                HAL_TIM_MspPostInit
 .text.MX_USART2_UART_Init
                0x00000000080011b0       0x54 Core/Src/usart.o
                0x00000000080011b0                MX_USART2_UART_Init
 .text.HAL_UART_MspInit
                0x0000000008001204       0xa4 Core/Src/usart.o
                0x0000000008001204                HAL_UART_MspInit
 .text.Reset_Handler
                0x00000000080012a8       0x48 Core/Startup/startup_stm32f103c8tx.o
                0x00000000080012a8                Reset_Handler
 .text.Default_Handler
                0x00000000080012f0        0x2 Core/Startup/startup_stm32f103c8tx.o
                0x00000000080012f0                RTC_Alarm_IRQHandler
                0x00000000080012f0                EXTI2_IRQHandler
                0x00000000080012f0                TIM1_CC_IRQHandler
                0x00000000080012f0                PVD_IRQHandler
                0x00000000080012f0                EXTI3_IRQHandler
                0x00000000080012f0                EXTI0_IRQHandler
                0x00000000080012f0                I2C2_EV_IRQHandler
                0x00000000080012f0                ADC1_2_IRQHandler
                0x00000000080012f0                SPI1_IRQHandler
                0x00000000080012f0                TAMPER_IRQHandler
                0x00000000080012f0                DMA1_Channel4_IRQHandler
                0x00000000080012f0                USART3_IRQHandler
                0x00000000080012f0                RTC_IRQHandler
                0x00000000080012f0                DMA1_Channel7_IRQHandler
                0x00000000080012f0                CAN1_RX1_IRQHandler
                0x00000000080012f0                TIM4_IRQHandler
                0x00000000080012f0                I2C1_EV_IRQHandler
                0x00000000080012f0                DMA1_Channel6_IRQHandler
                0x00000000080012f0                TIM3_IRQHandler
                0x00000000080012f0                RCC_IRQHandler
                0x00000000080012f0                TIM1_TRG_COM_IRQHandler
                0x00000000080012f0                DMA1_Channel1_IRQHandler
                0x00000000080012f0                Default_Handler
                0x00000000080012f0                EXTI15_10_IRQHandler
                0x00000000080012f0                EXTI9_5_IRQHandler
                0x00000000080012f0                SPI2_IRQHandler
                0x00000000080012f0                DMA1_Channel5_IRQHandler
                0x00000000080012f0                EXTI4_IRQHandler
                0x00000000080012f0                USB_LP_CAN1_RX0_IRQHandler
                0x00000000080012f0                USB_HP_CAN1_TX_IRQHandler
                0x00000000080012f0                DMA1_Channel3_IRQHandler
                0x00000000080012f0                TIM1_UP_IRQHandler
                0x00000000080012f0                WWDG_IRQHandler
                0x00000000080012f0                TIM1_BRK_IRQHandler
                0x00000000080012f0                I2C2_ER_IRQHandler
                0x00000000080012f0                DMA1_Channel2_IRQHandler
                0x00000000080012f0                CAN1_SCE_IRQHandler
                0x00000000080012f0                FLASH_IRQHandler
                0x00000000080012f0                USART1_IRQHandler
                0x00000000080012f0                I2C1_ER_IRQHandler
                0x00000000080012f0                USBWakeUp_IRQHandler
 *fill*         0x00000000080012f2        0x2 
 .text.HAL_Init
                0x00000000080012f4       0x2c Drivers/STM32F1xx_HAL_Driver/Src/stm32f1xx_hal.o
                0x00000000080012f4                HAL_Init
 .text.HAL_InitTick
                0x0000000008001320       0x60 Drivers/STM32F1xx_HAL_Driver/Src/stm32f1xx_hal.o
                0x0000000008001320                HAL_InitTick
 .text.HAL_IncTick
                0x0000000008001380       0x24 Drivers/STM32F1xx_HAL_Driver/Src/stm32f1xx_hal.o
                0x0000000008001380                HAL_IncTick
 .text.HAL_GetTick
                0x00000000080013a4       0x14 Drivers/STM32F1xx_HAL_Driver/Src/stm32f1xx_hal.o
                0x00000000080013a4                HAL_GetTick
 .text.HAL_Delay
                0x00000000080013b8       0x44 Drivers/STM32F1xx_HAL_Driver/Src/stm32f1xx_hal.o
                0x00000000080013b8                HAL_Delay
 .text.__NVIC_SetPriorityGrouping
                0x00000000080013fc       0x48 Drivers/STM32F1xx_HAL_Driver/Src/stm32f1xx_hal_cortex.o
 .text.__NVIC_GetPriorityGrouping
                0x0000000008001444       0x1c Drivers/STM32F1xx_HAL_Driver/Src/stm32f1xx_hal_cortex.o
 .text.__NVIC_EnableIRQ
                0x0000000008001460       0x38 Drivers/STM32F1xx_HAL_Driver/Src/stm32f1xx_hal_cortex.o
 .text.__NVIC_SetPriority
                0x0000000008001498       0x54 Drivers/STM32F1xx_HAL_Driver/Src/stm32f1xx_hal_cortex.o
 .text.NVIC_EncodePriority
                0x00000000080014ec       0x64 Drivers/STM32F1xx_HAL_Driver/Src/stm32f1xx_hal_cortex.o
 .text.SysTick_Config
                0x0000000008001550       0x44 Drivers/STM32F1xx_HAL_Driver/Src/stm32f1xx_hal_cortex.o
 .text.HAL_NVIC_SetPriorityGrouping
                0x0000000008001594       0x16 Drivers/STM32F1xx_HAL_Driver/Src/stm32f1xx_hal_cortex.o
                0x0000000008001594                HAL_NVIC_SetPriorityGrouping
 .text.HAL_NVIC_SetPriority
                0x00000000080015aa       0x38 Drivers/STM32F1xx_HAL_Driver/Src/stm32f1xx_hal_cortex.o
                0x00000000080015aa                HAL_NVIC_SetPriority
 .text.HAL_NVIC_EnableIRQ
                0x00000000080015e2       0x1c Drivers/STM32F1xx_HAL_Driver/Src/stm32f1xx_hal_cortex.o
                0x00000000080015e2                HAL_NVIC_EnableIRQ
 .text.HAL_SYSTICK_Config
                0x00000000080015fe       0x18 Drivers/STM32F1xx_HAL_Driver/Src/stm32f1xx_hal_cortex.o
                0x00000000080015fe                HAL_SYSTICK_Config
 *fill*         0x0000000008001616        0x2 
 .text.HAL_DMA_Abort_IT
                0x0000000008001618       0xec Drivers/STM32F1xx_HAL_Driver/Src/stm32f1xx_hal_dma.o
                0x0000000008001618                HAL_DMA_Abort_IT
 .text.HAL_GPIO_Init
                0x0000000008001704      0x2b4 Drivers/STM32F1xx_HAL_Driver/Src/stm32f1xx_hal_gpio.o
                0x0000000008001704                HAL_GPIO_Init
 .text.HAL_GPIO_EXTI_IRQHandler
                0x00000000080019b8       0x30 Drivers/STM32F1xx_HAL_Driver/Src/stm32f1xx_hal_gpio.o
                0x00000000080019b8                HAL_GPIO_EXTI_IRQHandler
 .text.HAL_I2C_Init
                0x00000000080019e8      0x270 Drivers/STM32F1xx_HAL_Driver/Src/stm32f1xx_hal_i2c.o
                0x00000000080019e8                HAL_I2C_Init
 .text.HAL_I2C_Master_Transmit
                0x0000000008001c58      0x1fc Drivers/STM32F1xx_HAL_Driver/Src/stm32f1xx_hal_i2c.o
                0x0000000008001c58                HAL_I2C_Master_Transmit
 .text.I2C_MasterRequestWrite
                0x0000000008001e54      0x104 Drivers/STM32F1xx_HAL_Driver/Src/stm32f1xx_hal_i2c.o
 .text.I2C_WaitOnFlagUntilTimeout
                0x0000000008001f58       0xae Drivers/STM32F1xx_HAL_Driver/Src/stm32f1xx_hal_i2c.o
 .text.I2C_WaitOnMasterAddressFlagUntilTimeout
                0x0000000008002006       0xfe Drivers/STM32F1xx_HAL_Driver/Src/stm32f1xx_hal_i2c.o
 .text.I2C_WaitOnTXEFlagUntilTimeout
                0x0000000008002104       0x82 Drivers/STM32F1xx_HAL_Driver/Src/stm32f1xx_hal_i2c.o
 .text.I2C_WaitOnBTFFlagUntilTimeout
                0x0000000008002186       0x82 Drivers/STM32F1xx_HAL_Driver/Src/stm32f1xx_hal_i2c.o
 .text.I2C_IsAcknowledgeFailed
                0x0000000008002208       0x5c Drivers/STM32F1xx_HAL_Driver/Src/stm32f1xx_hal_i2c.o
 .text.PWR_OverloadWfe
                0x0000000008002264       0x10 Drivers/STM32F1xx_HAL_Driver/Src/stm32f1xx_hal_pwr.o
 .text.HAL_PWR_EnterSTOPMode
                0x0000000008002274       0x64 Drivers/STM32F1xx_HAL_Driver/Src/stm32f1xx_hal_pwr.o
                0x0000000008002274                HAL_PWR_EnterSTOPMode
 .text.HAL_RCC_OscConfig
                0x00000000080022d8      0x500 Drivers/STM32F1xx_HAL_Driver/Src/stm32f1xx_hal_rcc.o
                0x00000000080022d8                HAL_RCC_OscConfig
 .text.HAL_RCC_ClockConfig
                0x00000000080027d8      0x1d4 Drivers/STM32F1xx_HAL_Driver/Src/stm32f1xx_hal_rcc.o
                0x00000000080027d8                HAL_RCC_ClockConfig
 .text.HAL_RCC_GetSysClockFreq
                0x00000000080029ac       0xc4 Drivers/STM32F1xx_HAL_Driver/Src/stm32f1xx_hal_rcc.o
                0x00000000080029ac                HAL_RCC_GetSysClockFreq
 .text.HAL_RCC_GetHCLKFreq
                0x0000000008002a70       0x14 Drivers/STM32F1xx_HAL_Driver/Src/stm32f1xx_hal_rcc.o
                0x0000000008002a70                HAL_RCC_GetHCLKFreq
 .text.HAL_RCC_GetPCLK1Freq
                0x0000000008002a84       0x28 Drivers/STM32F1xx_HAL_Driver/Src/stm32f1xx_hal_rcc.o
                0x0000000008002a84                HAL_RCC_GetPCLK1Freq
 .text.HAL_RCC_GetPCLK2Freq
                0x0000000008002aac       0x28 Drivers/STM32F1xx_HAL_Driver/Src/stm32f1xx_hal_rcc.o
                0x0000000008002aac                HAL_RCC_GetPCLK2Freq
 .text.RCC_Delay
                0x0000000008002ad4       0x3c Drivers/STM32F1xx_HAL_Driver/Src/stm32f1xx_hal_rcc.o
 .text.HAL_TIM_Base_Init
                0x0000000008002b10       0x9e Drivers/STM32F1xx_HAL_Driver/Src/stm32f1xx_hal_tim.o
                0x0000000008002b10                HAL_TIM_Base_Init
 .text.HAL_TIM_PWM_Init
                0x0000000008002bae       0x9e Drivers/STM32F1xx_HAL_Driver/Src/stm32f1xx_hal_tim.o
                0x0000000008002bae                HAL_TIM_PWM_Init
 .text.HAL_TIM_PWM_MspInit
                0x0000000008002c4c       0x12 Drivers/STM32F1xx_HAL_Driver/Src/stm32f1xx_hal_tim.o
                0x0000000008002c4c                HAL_TIM_PWM_MspInit
 *fill*         0x0000000008002c5e        0x2 
 .text.HAL_TIM_PWM_Start
                0x0000000008002c60      0x144 Drivers/STM32F1xx_HAL_Driver/Src/stm32f1xx_hal_tim.o
                0x0000000008002c60                HAL_TIM_PWM_Start
 .text.HAL_TIM_IRQHandler
                0x0000000008002da4      0x210 Drivers/STM32F1xx_HAL_Driver/Src/stm32f1xx_hal_tim.o
                0x0000000008002da4                HAL_TIM_IRQHandler
 .text.HAL_TIM_PWM_ConfigChannel
                0x0000000008002fb4      0x17c Drivers/STM32F1xx_HAL_Driver/Src/stm32f1xx_hal_tim.o
                0x0000000008002fb4                HAL_TIM_PWM_ConfigChannel
 .text.HAL_TIM_ConfigClockSource
                0x0000000008003130      0x16e Drivers/STM32F1xx_HAL_Driver/Src/stm32f1xx_hal_tim.o
                0x0000000008003130                HAL_TIM_ConfigClockSource
 .text.HAL_TIM_PeriodElapsedCallback
                0x000000000800329e       0x12 Drivers/STM32F1xx_HAL_Driver/Src/stm32f1xx_hal_tim.o
                0x000000000800329e                HAL_TIM_PeriodElapsedCallback
 .text.HAL_TIM_OC_DelayElapsedCallback
                0x00000000080032b0       0x12 Drivers/STM32F1xx_HAL_Driver/Src/stm32f1xx_hal_tim.o
                0x00000000080032b0                HAL_TIM_OC_DelayElapsedCallback
 .text.HAL_TIM_IC_CaptureCallback
                0x00000000080032c2       0x12 Drivers/STM32F1xx_HAL_Driver/Src/stm32f1xx_hal_tim.o
                0x00000000080032c2                HAL_TIM_IC_CaptureCallback
 .text.HAL_TIM_PWM_PulseFinishedCallback
                0x00000000080032d4       0x12 Drivers/STM32F1xx_HAL_Driver/Src/stm32f1xx_hal_tim.o
                0x00000000080032d4                HAL_TIM_PWM_PulseFinishedCallback
 .text.HAL_TIM_TriggerCallback
                0x00000000080032e6       0x12 Drivers/STM32F1xx_HAL_Driver/Src/stm32f1xx_hal_tim.o
                0x00000000080032e6                HAL_TIM_TriggerCallback
 .text.TIM_Base_SetConfig
                0x00000000080032f8       0xc4 Drivers/STM32F1xx_HAL_Driver/Src/stm32f1xx_hal_tim.o
                0x00000000080032f8                TIM_Base_SetConfig
 .text.TIM_OC1_SetConfig
                0x00000000080033bc       0xcc Drivers/STM32F1xx_HAL_Driver/Src/stm32f1xx_hal_tim.o
 .text.TIM_OC2_SetConfig
                0x0000000008003488       0xd4 Drivers/STM32F1xx_HAL_Driver/Src/stm32f1xx_hal_tim.o
                0x0000000008003488                TIM_OC2_SetConfig
 .text.TIM_OC3_SetConfig
                0x000000000800355c       0xd4 Drivers/STM32F1xx_HAL_Driver/Src/stm32f1xx_hal_tim.o
 .text.TIM_OC4_SetConfig
                0x0000000008003630       0x9c Drivers/STM32F1xx_HAL_Driver/Src/stm32f1xx_hal_tim.o
 .text.TIM_TI1_ConfigInputStage
                0x00000000080036cc       0x5c Drivers/STM32F1xx_HAL_Driver/Src/stm32f1xx_hal_tim.o
 .text.TIM_TI2_ConfigInputStage
                0x0000000008003728       0x5e Drivers/STM32F1xx_HAL_Driver/Src/stm32f1xx_hal_tim.o
 .text.TIM_ITRx_SetConfig
                0x0000000008003786       0x34 Drivers/STM32F1xx_HAL_Driver/Src/stm32f1xx_hal_tim.o
 .text.TIM_ETR_SetConfig
                0x00000000080037ba       0x3e Drivers/STM32F1xx_HAL_Driver/Src/stm32f1xx_hal_tim.o
                0x00000000080037ba                TIM_ETR_SetConfig
 .text.TIM_CCxChannelCmd
                0x00000000080037f8       0x48 Drivers/STM32F1xx_HAL_Driver/Src/stm32f1xx_hal_tim.o
                0x00000000080037f8                TIM_CCxChannelCmd
 .text.HAL_TIMEx_MasterConfigSynchronization
                0x0000000008003840       0xbc Drivers/STM32F1xx_HAL_Driver/Src/stm32f1xx_hal_tim_ex.o
                0x0000000008003840                HAL_TIMEx_MasterConfigSynchronization
 .text.HAL_TIMEx_CommutCallback
                0x00000000080038fc       0x12 Drivers/STM32F1xx_HAL_Driver/Src/stm32f1xx_hal_tim_ex.o
                0x00000000080038fc                HAL_TIMEx_CommutCallback
 .text.HAL_TIMEx_BreakCallback
                0x000000000800390e       0x12 Drivers/STM32F1xx_HAL_Driver/Src/stm32f1xx_hal_tim_ex.o
                0x000000000800390e                HAL_TIMEx_BreakCallback
 .text.HAL_UART_Init
                0x0000000008003920       0x9a Drivers/STM32F1xx_HAL_Driver/Src/stm32f1xx_hal_uart.o
                0x0000000008003920                HAL_UART_Init
 .text.HAL_UART_Transmit
                0x00000000080039ba      0x124 Drivers/STM32F1xx_HAL_Driver/Src/stm32f1xx_hal_uart.o
                0x00000000080039ba                HAL_UART_Transmit
 .text.HAL_UART_Receive
                0x0000000008003ade      0x13e Drivers/STM32F1xx_HAL_Driver/Src/stm32f1xx_hal_uart.o
                0x0000000008003ade                HAL_UART_Receive
 .text.HAL_UART_IRQHandler
                0x0000000008003c1c      0x200 Drivers/STM32F1xx_HAL_Driver/Src/stm32f1xx_hal_uart.o
                0x0000000008003c1c                HAL_UART_IRQHandler
 .text.HAL_UART_TxCpltCallback
                0x0000000008003e1c       0x12 Drivers/STM32F1xx_HAL_Driver/Src/stm32f1xx_hal_uart.o
                0x0000000008003e1c                HAL_UART_TxCpltCallback
 .text.HAL_UART_RxCpltCallback
                0x0000000008003e2e       0x12 Drivers/STM32F1xx_HAL_Driver/Src/stm32f1xx_hal_uart.o
                0x0000000008003e2e                HAL_UART_RxCpltCallback
 .text.HAL_UART_ErrorCallback
                0x0000000008003e40       0x12 Drivers/STM32F1xx_HAL_Driver/Src/stm32f1xx_hal_uart.o
                0x0000000008003e40                HAL_UART_ErrorCallback
 .text.UART_WaitOnFlagUntilTimeout
                0x0000000008003e52       0x94 Drivers/STM32F1xx_HAL_Driver/Src/stm32f1xx_hal_uart.o
 .text.UART_EndRxTransfer
                0x0000000008003ee6       0x3a Drivers/STM32F1xx_HAL_Driver/Src/stm32f1xx_hal_uart.o
 .text.UART_DMAAbortOnError
                0x0000000008003f20       0x28 Drivers/STM32F1xx_HAL_Driver/Src/stm32f1xx_hal_uart.o
 .text.UART_Transmit_IT
                0x0000000008003f48       0x9e Drivers/STM32F1xx_HAL_Driver/Src/stm32f1xx_hal_uart.o
 .text.UART_EndTransmit_IT
                0x0000000008003fe6       0x30 Drivers/STM32F1xx_HAL_Driver/Src/stm32f1xx_hal_uart.o
 .text.UART_Receive_IT
                0x0000000008004016      0x100 Drivers/STM32F1xx_HAL_Driver/Src/stm32f1xx_hal_uart.o
 *fill*         0x0000000008004116        0x2 
 .text.UART_SetConfig
                0x0000000008004118      0x11c Drivers/STM32F1xx_HAL_Driver/Src/stm32f1xx_hal_uart.o
 .text.__errno  0x0000000008004234        0xc d:/stm32cubeide/stm32cubeide_1.4.0/stm32cubeide/plugins/com.st.stm32cube.ide.mcu.externaltools.gnu-tools-for-stm32.7-2018-q2-update.win32_1.5.0.202011040924/tools/bin/../lib/gcc/arm-none-eabi/7.3.1/../../../../arm-none-eabi/lib/thumb/v7-m\libc_nano.a(lib_a-errno.o)
                0x0000000008004234                __errno
 .text.__libc_init_array
                0x0000000008004240       0x48 d:/stm32cubeide/stm32cubeide_1.4.0/stm32cubeide/plugins/com.st.stm32cube.ide.mcu.externaltools.gnu-tools-for-stm32.7-2018-q2-update.win32_1.5.0.202011040924/tools/bin/../lib/gcc/arm-none-eabi/7.3.1/../../../../arm-none-eabi/lib/thumb/v7-m\libc_nano.a(lib_a-init.o)
                0x0000000008004240                __libc_init_array
 .text.memcpy   0x0000000008004288       0x16 d:/stm32cubeide/stm32cubeide_1.4.0/stm32cubeide/plugins/com.st.stm32cube.ide.mcu.externaltools.gnu-tools-for-stm32.7-2018-q2-update.win32_1.5.0.202011040924/tools/bin/../lib/gcc/arm-none-eabi/7.3.1/../../../../arm-none-eabi/lib/thumb/v7-m\libc_nano.a(lib_a-memcpy-stub.o)
                0x0000000008004288                memcpy
 .text.memset   0x000000000800429e       0x10 d:/stm32cubeide/stm32cubeide_1.4.0/stm32cubeide/plugins/com.st.stm32cube.ide.mcu.externaltools.gnu-tools-for-stm32.7-2018-q2-update.win32_1.5.0.202011040924/tools/bin/../lib/gcc/arm-none-eabi/7.3.1/../../../../arm-none-eabi/lib/thumb/v7-m\libc_nano.a(lib_a-memset.o)
                0x000000000800429e                memset
 *fill*         0x00000000080042ae        0x2 
 .text._puts_r  0x00000000080042b0       0xb8 d:/stm32cubeide/stm32cubeide_1.4.0/stm32cubeide/plugins/com.st.stm32cube.ide.mcu.externaltools.gnu-tools-for-stm32.7-2018-q2-update.win32_1.5.0.202011040924/tools/bin/../lib/gcc/arm-none-eabi/7.3.1/../../../../arm-none-eabi/lib/thumb/v7-m\libc_nano.a(lib_a-puts.o)
                0x00000000080042b0                _puts_r
 .text.puts     0x0000000008004368       0x10 d:/stm32cubeide/stm32cubeide_1.4.0/stm32cubeide/plugins/com.st.stm32cube.ide.mcu.externaltools.gnu-tools-for-stm32.7-2018-q2-update.win32_1.5.0.202011040924/tools/bin/../lib/gcc/arm-none-eabi/7.3.1/../../../../arm-none-eabi/lib/thumb/v7-m\libc_nano.a(lib_a-puts.o)
                0x0000000008004368                puts
 .text.__swbuf_r
                0x0000000008004378       0xa4 d:/stm32cubeide/stm32cubeide_1.4.0/stm32cubeide/plugins/com.st.stm32cube.ide.mcu.externaltools.gnu-tools-for-stm32.7-2018-q2-update.win32_1.5.0.202011040924/tools/bin/../lib/gcc/arm-none-eabi/7.3.1/../../../../arm-none-eabi/lib/thumb/v7-m\libc_nano.a(lib_a-wbuf.o)
                0x0000000008004378                __swbuf_r
 .text.__swsetup_r
                0x000000000800441c       0xdc d:/stm32cubeide/stm32cubeide_1.4.0/stm32cubeide/plugins/com.st.stm32cube.ide.mcu.externaltools.gnu-tools-for-stm32.7-2018-q2-update.win32_1.5.0.202011040924/tools/bin/../lib/gcc/arm-none-eabi/7.3.1/../../../../arm-none-eabi/lib/thumb/v7-m\libc_nano.a(lib_a-wsetup.o)
                0x000000000800441c                __swsetup_r
 .text.__sflush_r
                0x00000000080044f8      0x10c d:/stm32cubeide/stm32cubeide_1.4.0/stm32cubeide/plugins/com.st.stm32cube.ide.mcu.externaltools.gnu-tools-for-stm32.7-2018-q2-update.win32_1.5.0.202011040924/tools/bin/../lib/gcc/arm-none-eabi/7.3.1/../../../../arm-none-eabi/lib/thumb/v7-m\libc_nano.a(lib_a-fflush.o)
                0x00000000080044f8                __sflush_r
 .text._fflush_r
                0x0000000008004604       0x54 d:/stm32cubeide/stm32cubeide_1.4.0/stm32cubeide/plugins/com.st.stm32cube.ide.mcu.externaltools.gnu-tools-for-stm32.7-2018-q2-update.win32_1.5.0.202011040924/tools/bin/../lib/gcc/arm-none-eabi/7.3.1/../../../../arm-none-eabi/lib/thumb/v7-m\libc_nano.a(lib_a-fflush.o)
                0x0000000008004604                _fflush_r
 .text.std      0x0000000008004658       0x48 d:/stm32cubeide/stm32cubeide_1.4.0/stm32cubeide/plugins/com.st.stm32cube.ide.mcu.externaltools.gnu-tools-for-stm32.7-2018-q2-update.win32_1.5.0.202011040924/tools/bin/../lib/gcc/arm-none-eabi/7.3.1/../../../../arm-none-eabi/lib/thumb/v7-m\libc_nano.a(lib_a-findfp.o)
 .text._cleanup_r
                0x00000000080046a0        0xc d:/stm32cubeide/stm32cubeide_1.4.0/stm32cubeide/plugins/com.st.stm32cube.ide.mcu.externaltools.gnu-tools-for-stm32.7-2018-q2-update.win32_1.5.0.202011040924/tools/bin/../lib/gcc/arm-none-eabi/7.3.1/../../../../arm-none-eabi/lib/thumb/v7-m\libc_nano.a(lib_a-findfp.o)
                0x00000000080046a0                _cleanup_r
 .text.__sfmoreglue
                0x00000000080046ac       0x2c d:/stm32cubeide/stm32cubeide_1.4.0/stm32cubeide/plugins/com.st.stm32cube.ide.mcu.externaltools.gnu-tools-for-stm32.7-2018-q2-update.win32_1.5.0.202011040924/tools/bin/../lib/gcc/arm-none-eabi/7.3.1/../../../../arm-none-eabi/lib/thumb/v7-m\libc_nano.a(lib_a-findfp.o)
                0x00000000080046ac                __sfmoreglue
 .text.__sinit  0x00000000080046d8       0x60 d:/stm32cubeide/stm32cubeide_1.4.0/stm32cubeide/plugins/com.st.stm32cube.ide.mcu.externaltools.gnu-tools-for-stm32.7-2018-q2-update.win32_1.5.0.202011040924/tools/bin/../lib/gcc/arm-none-eabi/7.3.1/../../../../arm-none-eabi/lib/thumb/v7-m\libc_nano.a(lib_a-findfp.o)
                0x00000000080046d8                __sinit
 .text.__sfp    0x0000000008004738       0x78 d:/stm32cubeide/stm32cubeide_1.4.0/stm32cubeide/plugins/com.st.stm32cube.ide.mcu.externaltools.gnu-tools-for-stm32.7-2018-q2-update.win32_1.5.0.202011040924/tools/bin/../lib/gcc/arm-none-eabi/7.3.1/../../../../arm-none-eabi/lib/thumb/v7-m\libc_nano.a(lib_a-findfp.o)
                0x0000000008004738                __sfp
 .text._fwalk_reent
                0x00000000080047b0       0x3c d:/stm32cubeide/stm32cubeide_1.4.0/stm32cubeide/plugins/com.st.stm32cube.ide.mcu.externaltools.gnu-tools-for-stm32.7-2018-q2-update.win32_1.5.0.202011040924/tools/bin/../lib/gcc/arm-none-eabi/7.3.1/../../../../arm-none-eabi/lib/thumb/v7-m\libc_nano.a(lib_a-fwalk.o)
                0x00000000080047b0                _fwalk_reent
 .text.__swhatbuf_r
                0x00000000080047ec       0x48 d:/stm32cubeide/stm32cubeide_1.4.0/stm32cubeide/plugins/com.st.stm32cube.ide.mcu.externaltools.gnu-tools-for-stm32.7-2018-q2-update.win32_1.5.0.202011040924/tools/bin/../lib/gcc/arm-none-eabi/7.3.1/../../../../arm-none-eabi/lib/thumb/v7-m\libc_nano.a(lib_a-makebuf.o)
                0x00000000080047ec                __swhatbuf_r
 .text.__smakebuf_r
                0x0000000008004834       0x80 d:/stm32cubeide/stm32cubeide_1.4.0/stm32cubeide/plugins/com.st.stm32cube.ide.mcu.externaltools.gnu-tools-for-stm32.7-2018-q2-update.win32_1.5.0.202011040924/tools/bin/../lib/gcc/arm-none-eabi/7.3.1/../../../../arm-none-eabi/lib/thumb/v7-m\libc_nano.a(lib_a-makebuf.o)
                0x0000000008004834                __smakebuf_r
 .text._free_r  0x00000000080048b4       0x98 d:/stm32cubeide/stm32cubeide_1.4.0/stm32cubeide/plugins/com.st.stm32cube.ide.mcu.externaltools.gnu-tools-for-stm32.7-2018-q2-update.win32_1.5.0.202011040924/tools/bin/../lib/gcc/arm-none-eabi/7.3.1/../../../../arm-none-eabi/lib/thumb/v7-m\libc_nano.a(lib_a-nano-freer.o)
                0x00000000080048b4                _free_r
 .text._malloc_r
                0x000000000800494c       0xb4 d:/stm32cubeide/stm32cubeide_1.4.0/stm32cubeide/plugins/com.st.stm32cube.ide.mcu.externaltools.gnu-tools-for-stm32.7-2018-q2-update.win32_1.5.0.202011040924/tools/bin/../lib/gcc/arm-none-eabi/7.3.1/../../../../arm-none-eabi/lib/thumb/v7-m\libc_nano.a(lib_a-nano-mallocr.o)
                0x000000000800494c                _malloc_r
 .text._sbrk_r  0x0000000008004a00       0x20 d:/stm32cubeide/stm32cubeide_1.4.0/stm32cubeide/plugins/com.st.stm32cube.ide.mcu.externaltools.gnu-tools-for-stm32.7-2018-q2-update.win32_1.5.0.202011040924/tools/bin/../lib/gcc/arm-none-eabi/7.3.1/../../../../arm-none-eabi/lib/thumb/v7-m\libc_nano.a(lib_a-sbrkr.o)
                0x0000000008004a00                _sbrk_r
 .text.__sread  0x0000000008004a20       0x22 d:/stm32cubeide/stm32cubeide_1.4.0/stm32cubeide/plugins/com.st.stm32cube.ide.mcu.externaltools.gnu-tools-for-stm32.7-2018-q2-update.win32_1.5.0.202011040924/tools/bin/../lib/gcc/arm-none-eabi/7.3.1/../../../../arm-none-eabi/lib/thumb/v7-m\libc_nano.a(lib_a-stdio.o)
                0x0000000008004a20                __sread
 .text.__swrite
                0x0000000008004a42       0x38 d:/stm32cubeide/stm32cubeide_1.4.0/stm32cubeide/plugins/com.st.stm32cube.ide.mcu.externaltools.gnu-tools-for-stm32.7-2018-q2-update.win32_1.5.0.202011040924/tools/bin/../lib/gcc/arm-none-eabi/7.3.1/../../../../arm-none-eabi/lib/thumb/v7-m\libc_nano.a(lib_a-stdio.o)
                0x0000000008004a42                __swrite
 .text.__sseek  0x0000000008004a7a       0x24 d:/stm32cubeide/stm32cubeide_1.4.0/stm32cubeide/plugins/com.st.stm32cube.ide.mcu.externaltools.gnu-tools-for-stm32.7-2018-q2-update.win32_1.5.0.202011040924/tools/bin/../lib/gcc/arm-none-eabi/7.3.1/../../../../arm-none-eabi/lib/thumb/v7-m\libc_nano.a(lib_a-stdio.o)
                0x0000000008004a7a                __sseek
 .text.__sclose
                0x0000000008004a9e        0x8 d:/stm32cubeide/stm32cubeide_1.4.0/stm32cubeide/plugins/com.st.stm32cube.ide.mcu.externaltools.gnu-tools-for-stm32.7-2018-q2-update.win32_1.5.0.202011040924/tools/bin/../lib/gcc/arm-none-eabi/7.3.1/../../../../arm-none-eabi/lib/thumb/v7-m\libc_nano.a(lib_a-stdio.o)
                0x0000000008004a9e                __sclose
 *fill*         0x0000000008004aa6        0x2 
 .text._write_r
                0x0000000008004aa8       0x24 d:/stm32cubeide/stm32cubeide_1.4.0/stm32cubeide/plugins/com.st.stm32cube.ide.mcu.externaltools.gnu-tools-for-stm32.7-2018-q2-update.win32_1.5.0.202011040924/tools/bin/../lib/gcc/arm-none-eabi/7.3.1/../../../../arm-none-eabi/lib/thumb/v7-m\libc_nano.a(lib_a-writer.o)
                0x0000000008004aa8                _write_r
 .text._close_r
                0x0000000008004acc       0x20 d:/stm32cubeide/stm32cubeide_1.4.0/stm32cubeide/plugins/com.st.stm32cube.ide.mcu.externaltools.gnu-tools-for-stm32.7-2018-q2-update.win32_1.5.0.202011040924/tools/bin/../lib/gcc/arm-none-eabi/7.3.1/../../../../arm-none-eabi/lib/thumb/v7-m\libc_nano.a(lib_a-closer.o)
                0x0000000008004acc                _close_r
 .text._fstat_r
                0x0000000008004aec       0x24 d:/stm32cubeide/stm32cubeide_1.4.0/stm32cubeide/plugins/com.st.stm32cube.ide.mcu.externaltools.gnu-tools-for-stm32.7-2018-q2-update.win32_1.5.0.202011040924/tools/bin/../lib/gcc/arm-none-eabi/7.3.1/../../../../arm-none-eabi/lib/thumb/v7-m\libc_nano.a(lib_a-fstatr.o)
                0x0000000008004aec                _fstat_r
 .text._isatty_r
                0x0000000008004b10       0x20 d:/stm32cubeide/stm32cubeide_1.4.0/stm32cubeide/plugins/com.st.stm32cube.ide.mcu.externaltools.gnu-tools-for-stm32.7-2018-q2-update.win32_1.5.0.202011040924/tools/bin/../lib/gcc/arm-none-eabi/7.3.1/../../../../arm-none-eabi/lib/thumb/v7-m\libc_nano.a(lib_a-isattyr.o)
                0x0000000008004b10                _isatty_r
 .text._lseek_r
                0x0000000008004b30       0x24 d:/stm32cubeide/stm32cubeide_1.4.0/stm32cubeide/plugins/com.st.stm32cube.ide.mcu.externaltools.gnu-tools-for-stm32.7-2018-q2-update.win32_1.5.0.202011040924/tools/bin/../lib/gcc/arm-none-eabi/7.3.1/../../../../arm-none-eabi/lib/thumb/v7-m\libc_nano.a(lib_a-lseekr.o)
                0x0000000008004b30                _lseek_r
 .text.__malloc_lock
                0x0000000008004b54        0x2 d:/stm32cubeide/stm32cubeide_1.4.0/stm32cubeide/plugins/com.st.stm32cube.ide.mcu.externaltools.gnu-tools-for-stm32.7-2018-q2-update.win32_1.5.0.202011040924/tools/bin/../lib/gcc/arm-none-eabi/7.3.1/../../../../arm-none-eabi/lib/thumb/v7-m\libc_nano.a(lib_a-mlock.o)
                0x0000000008004b54                __malloc_lock
 .text.__malloc_unlock
                0x0000000008004b56        0x2 d:/stm32cubeide/stm32cubeide_1.4.0/stm32cubeide/plugins/com.st.stm32cube.ide.mcu.externaltools.gnu-tools-for-stm32.7-2018-q2-update.win32_1.5.0.202011040924/tools/bin/../lib/gcc/arm-none-eabi/7.3.1/../../../../arm-none-eabi/lib/thumb/v7-m\libc_nano.a(lib_a-mlock.o)
                0x0000000008004b56                __malloc_unlock
 .text._read_r  0x0000000008004b58       0x24 d:/stm32cubeide/stm32cubeide_1.4.0/stm32cubeide/plugins/com.st.stm32cube.ide.mcu.externaltools.gnu-tools-for-stm32.7-2018-q2-update.win32_1.5.0.202011040924/tools/bin/../lib/gcc/arm-none-eabi/7.3.1/../../../../arm-none-eabi/lib/thumb/v7-m\libc_nano.a(lib_a-readr.o)
                0x0000000008004b58                _read_r
 *(.glue_7)
 .glue_7        0x0000000008004b7c        0x0 linker stubs
 *(.glue_7t)
 .glue_7t       0x0000000008004b7c        0x0 linker stubs
 *(.eh_frame)
 .eh_frame      0x0000000008004b7c        0x0 d:/stm32cubeide/stm32cubeide_1.4.0/stm32cubeide/plugins/com.st.stm32cube.ide.mcu.externaltools.gnu-tools-for-stm32.7-2018-q2-update.win32_1.5.0.202011040924/tools/bin/../lib/gcc/arm-none-eabi/7.3.1/thumb/v7-m/crtbegin.o
 *(.init)
 .init          0x0000000008004b7c        0x4 d:/stm32cubeide/stm32cubeide_1.4.0/stm32cubeide/plugins/com.st.stm32cube.ide.mcu.externaltools.gnu-tools-for-stm32.7-2018-q2-update.win32_1.5.0.202011040924/tools/bin/../lib/gcc/arm-none-eabi/7.3.1/thumb/v7-m/crti.o
                0x0000000008004b7c                _init
 .init          0x0000000008004b80        0x8 d:/stm32cubeide/stm32cubeide_1.4.0/stm32cubeide/plugins/com.st.stm32cube.ide.mcu.externaltools.gnu-tools-for-stm32.7-2018-q2-update.win32_1.5.0.202011040924/tools/bin/../lib/gcc/arm-none-eabi/7.3.1/thumb/v7-m/crtn.o
 *(.fini)
 .fini          0x0000000008004b88        0x4 d:/stm32cubeide/stm32cubeide_1.4.0/stm32cubeide/plugins/com.st.stm32cube.ide.mcu.externaltools.gnu-tools-for-stm32.7-2018-q2-update.win32_1.5.0.202011040924/tools/bin/../lib/gcc/arm-none-eabi/7.3.1/thumb/v7-m/crti.o
                0x0000000008004b88                _fini
 .fini          0x0000000008004b8c        0x8 d:/stm32cubeide/stm32cubeide_1.4.0/stm32cubeide/plugins/com.st.stm32cube.ide.mcu.externaltools.gnu-tools-for-stm32.7-2018-q2-update.win32_1.5.0.202011040924/tools/bin/../lib/gcc/arm-none-eabi/7.3.1/thumb/v7-m/crtn.o
                0x0000000008004b94                . = ALIGN (0x4)
                0x0000000008004b94                _etext = .

.vfp11_veneer   0x0000000008004b94        0x0
 .vfp11_veneer  0x0000000008004b94        0x0 linker stubs

.v4_bx          0x0000000008004b94        0x0
 .v4_bx         0x0000000008004b94        0x0 linker stubs

.iplt           0x0000000008004b94        0x0
 .iplt          0x0000000008004b94        0x0 d:/stm32cubeide/stm32cubeide_1.4.0/stm32cubeide/plugins/com.st.stm32cube.ide.mcu.externaltools.gnu-tools-for-stm32.7-2018-q2-update.win32_1.5.0.202011040924/tools/bin/../lib/gcc/arm-none-eabi/7.3.1/thumb/v7-m/crtbegin.o

.rodata         0x0000000008004b94       0x94
                0x0000000008004b94                . = ALIGN (0x4)
 *(.rodata)
 .rodata        0x0000000008004b94        0x4 Core/Src/main.o
 .rodata        0x0000000008004b98       0x12 Drivers/STM32F1xx_HAL_Driver/Src/stm32f1xx_hal_rcc.o
 *(.rodata*)
 *fill*         0x0000000008004baa        0x2 
 .rodata.AHBPrescTable
                0x0000000008004bac       0x10 Core/Src/system_stm32f1xx.o
                0x0000000008004bac                AHBPrescTable
 .rodata.APBPrescTable
                0x0000000008004bbc        0x8 Core/Src/system_stm32f1xx.o
                0x0000000008004bbc                APBPrescTable
 .rodata._global_impure_ptr
                0x0000000008004bc4        0x4 d:/stm32cubeide/stm32cubeide_1.4.0/stm32cubeide/plugins/com.st.stm32cube.ide.mcu.externaltools.gnu-tools-for-stm32.7-2018-q2-update.win32_1.5.0.202011040924/tools/bin/../lib/gcc/arm-none-eabi/7.3.1/../../../../arm-none-eabi/lib/thumb/v7-m\libc_nano.a(lib_a-impure.o)
                0x0000000008004bc4                _global_impure_ptr
 .rodata.__sf_fake_stderr
                0x0000000008004bc8       0x20 d:/stm32cubeide/stm32cubeide_1.4.0/stm32cubeide/plugins/com.st.stm32cube.ide.mcu.externaltools.gnu-tools-for-stm32.7-2018-q2-update.win32_1.5.0.202011040924/tools/bin/../lib/gcc/arm-none-eabi/7.3.1/../../../../arm-none-eabi/lib/thumb/v7-m\libc_nano.a(lib_a-findfp.o)
                0x0000000008004bc8                __sf_fake_stderr
 .rodata.__sf_fake_stdin
                0x0000000008004be8       0x20 d:/stm32cubeide/stm32cubeide_1.4.0/stm32cubeide/plugins/com.st.stm32cube.ide.mcu.externaltools.gnu-tools-for-stm32.7-2018-q2-update.win32_1.5.0.202011040924/tools/bin/../lib/gcc/arm-none-eabi/7.3.1/../../../../arm-none-eabi/lib/thumb/v7-m\libc_nano.a(lib_a-findfp.o)
                0x0000000008004be8                __sf_fake_stdin
 .rodata.__sf_fake_stdout
                0x0000000008004c08       0x20 d:/stm32cubeide/stm32cubeide_1.4.0/stm32cubeide/plugins/com.st.stm32cube.ide.mcu.externaltools.gnu-tools-for-stm32.7-2018-q2-update.win32_1.5.0.202011040924/tools/bin/../lib/gcc/arm-none-eabi/7.3.1/../../../../arm-none-eabi/lib/thumb/v7-m\libc_nano.a(lib_a-findfp.o)
                0x0000000008004c08                __sf_fake_stdout
                0x0000000008004c28                . = ALIGN (0x4)

.rel.dyn        0x0000000008004c28        0x0
 .rel.iplt      0x0000000008004c28        0x0 d:/stm32cubeide/stm32cubeide_1.4.0/stm32cubeide/plugins/com.st.stm32cube.ide.mcu.externaltools.gnu-tools-for-stm32.7-2018-q2-update.win32_1.5.0.202011040924/tools/bin/../lib/gcc/arm-none-eabi/7.3.1/thumb/v7-m/crtbegin.o

.ARM.extab      0x0000000008004c28        0x0
                0x0000000008004c28                . = ALIGN (0x4)
 *(.ARM.extab* .gnu.linkonce.armextab.*)
                0x0000000008004c28                . = ALIGN (0x4)

.ARM            0x0000000008004c28        0x0
                0x0000000008004c28                . = ALIGN (0x4)
                0x0000000008004c28                __exidx_start = .
 *(.ARM.exidx*)
                0x0000000008004c28                __exidx_end = .
                0x0000000008004c28                . = ALIGN (0x4)

.preinit_array  0x0000000008004c28        0x0
                0x0000000008004c28                . = ALIGN (0x4)
                0x0000000008004c28                PROVIDE (__preinit_array_start = .)
 *(.preinit_array*)
                0x0000000008004c28                PROVIDE (__preinit_array_end = .)
                0x0000000008004c28                . = ALIGN (0x4)

.init_array     0x0000000008004c28        0x4
                0x0000000008004c28                . = ALIGN (0x4)
                0x0000000008004c28                PROVIDE (__init_array_start = .)
 *(SORT_BY_NAME(.init_array.*))
 *(.init_array*)
 .init_array    0x0000000008004c28        0x4 d:/stm32cubeide/stm32cubeide_1.4.0/stm32cubeide/plugins/com.st.stm32cube.ide.mcu.externaltools.gnu-tools-for-stm32.7-2018-q2-update.win32_1.5.0.202011040924/tools/bin/../lib/gcc/arm-none-eabi/7.3.1/thumb/v7-m/crtbegin.o
                0x0000000008004c2c                PROVIDE (__init_array_end = .)
                0x0000000008004c2c                . = ALIGN (0x4)

.fini_array     0x0000000008004c2c        0x4
                0x0000000008004c2c                . = ALIGN (0x4)
                [!provide]                        PROVIDE (__fini_array_start = .)
 *(SORT_BY_NAME(.fini_array.*))
 *(.fini_array*)
 .fini_array    0x0000000008004c2c        0x4 d:/stm32cubeide/stm32cubeide_1.4.0/stm32cubeide/plugins/com.st.stm32cube.ide.mcu.externaltools.gnu-tools-for-stm32.7-2018-q2-update.win32_1.5.0.202011040924/tools/bin/../lib/gcc/arm-none-eabi/7.3.1/thumb/v7-m/crtbegin.o
                [!provide]                        PROVIDE (__fini_array_end = .)
                0x0000000008004c30                . = ALIGN (0x4)
                0x0000000008004c30                _sidata = LOADADDR (.data)

.data           0x0000000020000000      0x448 load address 0x0000000008004c30
                0x0000000020000000                . = ALIGN (0x4)
                0x0000000020000000                _sdata = .
 *(.data)
 *(.data*)
 .data.AS608Addr
                0x0000000020000000        0x4 Core/Src/as608.o
                0x0000000020000000                AS608Addr
 .data.demo     0x0000000020000004       0x11 Core/Src/main.o
                0x0000000020000004                demo
 *fill*         0x0000000020000015        0x3 
 .data.Hzk      0x0000000020000018      0x3c0 Core/Src/oled.o
                0x0000000020000018                Hzk
 .data.SystemCoreClock
                0x00000000200003d8        0x4 Core/Src/system_stm32f1xx.o
                0x00000000200003d8                SystemCoreClock
 .data.uwTickPrio
                0x00000000200003dc        0x4 Drivers/STM32F1xx_HAL_Driver/Src/stm32f1xx_hal.o
                0x00000000200003dc                uwTickPrio
 .data.uwTickFreq
                0x00000000200003e0        0x1 Drivers/STM32F1xx_HAL_Driver/Src/stm32f1xx_hal.o
                0x00000000200003e0                uwTickFreq
 *fill*         0x00000000200003e1        0x3 
 .data._impure_ptr
                0x00000000200003e4        0x4 d:/stm32cubeide/stm32cubeide_1.4.0/stm32cubeide/plugins/com.st.stm32cube.ide.mcu.externaltools.gnu-tools-for-stm32.7-2018-q2-update.win32_1.5.0.202011040924/tools/bin/../lib/gcc/arm-none-eabi/7.3.1/../../../../arm-none-eabi/lib/thumb/v7-m\libc_nano.a(lib_a-impure.o)
                0x00000000200003e4                _impure_ptr
 .data.impure_data
                0x00000000200003e8       0x60 d:/stm32cubeide/stm32cubeide_1.4.0/stm32cubeide/plugins/com.st.stm32cube.ide.mcu.externaltools.gnu-tools-for-stm32.7-2018-q2-update.win32_1.5.0.202011040924/tools/bin/../lib/gcc/arm-none-eabi/7.3.1/../../../../arm-none-eabi/lib/thumb/v7-m\libc_nano.a(lib_a-impure.o)
 *(.RamFunc)
 *(.RamFunc*)
                0x0000000020000448                . = ALIGN (0x4)
                0x0000000020000448                _edata = .

.igot.plt       0x0000000020000448        0x0 load address 0x0000000008005078
 .igot.plt      0x0000000020000448        0x0 d:/stm32cubeide/stm32cubeide_1.4.0/stm32cubeide/plugins/com.st.stm32cube.ide.mcu.externaltools.gnu-tools-for-stm32.7-2018-q2-update.win32_1.5.0.202011040924/tools/bin/../lib/gcc/arm-none-eabi/7.3.1/thumb/v7-m/crtbegin.o
                0x0000000020000448                . = ALIGN (0x4)

.bss            0x0000000020000448      0x1e8 load address 0x0000000008005078
                0x0000000020000448                _sbss = .
                0x0000000020000448                __bss_start__ = _sbss
 *(.bss)
 .bss           0x0000000020000448       0x1c d:/stm32cubeide/stm32cubeide_1.4.0/stm32cubeide/plugins/com.st.stm32cube.ide.mcu.externaltools.gnu-tools-for-stm32.7-2018-q2-update.win32_1.5.0.202011040924/tools/bin/../lib/gcc/arm-none-eabi/7.3.1/thumb/v7-m/crtbegin.o
 *(.bss*)
 .bss.TxBuff    0x0000000020000464       0x32 Core/Src/as608.o
                0x0000000020000464                TxBuff
 .bss.Length    0x0000000020000496        0x1 Core/Src/main.o
                0x0000000020000496                Length
 .bss.flags     0x0000000020000497        0x1 Core/Src/main.o
                0x0000000020000497                flags
 .bss.sys       0x0000000020000498       0x14 Core/Src/main.o
                0x0000000020000498                sys
 .bss.readSta   0x00000000200004ac        0x1 Core/Src/main.o
                0x00000000200004ac                readSta
 *fill*         0x00000000200004ad        0x3 
 .bss.__sbrk_heap_end
                0x00000000200004b0        0x4 Core/Src/sysmem.o
 .bss.__malloc_free_list
                0x00000000200004b4        0x4 d:/stm32cubeide/stm32cubeide_1.4.0/stm32cubeide/plugins/com.st.stm32cube.ide.mcu.externaltools.gnu-tools-for-stm32.7-2018-q2-update.win32_1.5.0.202011040924/tools/bin/../lib/gcc/arm-none-eabi/7.3.1/../../../../arm-none-eabi/lib/thumb/v7-m\libc_nano.a(lib_a-nano-mallocr.o)
                0x00000000200004b4                __malloc_free_list
 .bss.__malloc_sbrk_start
                0x00000000200004b8        0x4 d:/stm32cubeide/stm32cubeide_1.4.0/stm32cubeide/plugins/com.st.stm32cube.ide.mcu.externaltools.gnu-tools-for-stm32.7-2018-q2-update.win32_1.5.0.202011040924/tools/bin/../lib/gcc/arm-none-eabi/7.3.1/../../../../arm-none-eabi/lib/thumb/v7-m\libc_nano.a(lib_a-nano-mallocr.o)
                0x00000000200004b8                __malloc_sbrk_start
 *(COMMON)
 COMMON         0x00000000200004bc       0x64 Core/Src/as608.o
                0x00000000200004bc                RxBuff
 COMMON         0x0000000020000520       0x54 Core/Src/i2c.o
                0x0000000020000520                hi2c1
 COMMON         0x0000000020000574       0x2c Core/Src/main.o
                0x0000000020000574                password
                0x0000000020000588                input
                0x000000002000059c                score
                0x000000002000059e                pageID
 COMMON         0x00000000200005a0       0x48 Core/Src/tim.o
                0x00000000200005a0                htim2
 COMMON         0x00000000200005e8       0x40 Core/Src/usart.o
                0x00000000200005e8                huart2
 COMMON         0x0000000020000628        0x4 Drivers/STM32F1xx_HAL_Driver/Src/stm32f1xx_hal.o
                0x0000000020000628                uwTick
 COMMON         0x000000002000062c        0x4 d:/stm32cubeide/stm32cubeide_1.4.0/stm32cubeide/plugins/com.st.stm32cube.ide.mcu.externaltools.gnu-tools-for-stm32.7-2018-q2-update.win32_1.5.0.202011040924/tools/bin/../lib/gcc/arm-none-eabi/7.3.1/../../../../arm-none-eabi/lib/thumb/v7-m\libc_nano.a(lib_a-reent.o)
                0x000000002000062c                errno
                0x0000000020000630                . = ALIGN (0x4)
                0x0000000020000630                _ebss = .
                0x0000000020000630                __bss_end__ = _ebss

._user_heap_stack
                0x0000000020000630      0x600 load address 0x0000000008005078
                0x0000000020000630                . = ALIGN (0x8)
                [!provide]                        PROVIDE (end = .)
                0x0000000020000630                PROVIDE (_end = .)
                0x0000000020000830                . = (. + _Min_Heap_Size)
 *fill*         0x0000000020000630      0x200 
                0x0000000020000c30                . = (. + _Min_Stack_Size)
 *fill*         0x0000000020000830      0x400 
                0x0000000020000c30                . = ALIGN (0x8)

/DISCARD/
 libc.a(*)
 libm.a(*)
 libgcc.a(*)

.ARM.attributes
                0x0000000000000000       0x29
 *(.ARM.attributes)
 .ARM.attributes
                0x0000000000000000       0x1d d:/stm32cubeide/stm32cubeide_1.4.0/stm32cubeide/plugins/com.st.stm32cube.ide.mcu.externaltools.gnu-tools-for-stm32.7-2018-q2-update.win32_1.5.0.202011040924/tools/bin/../lib/gcc/arm-none-eabi/7.3.1/thumb/v7-m/crti.o
 .ARM.attributes
                0x000000000000001d       0x2d d:/stm32cubeide/stm32cubeide_1.4.0/stm32cubeide/plugins/com.st.stm32cube.ide.mcu.externaltools.gnu-tools-for-stm32.7-2018-q2-update.win32_1.5.0.202011040924/tools/bin/../lib/gcc/arm-none-eabi/7.3.1/thumb/v7-m/crtbegin.o
 .ARM.attributes
                0x000000000000004a       0x33 Core/McuLib/commonlib/src/mylibs/drv/commDrv/select/Re_commDrv_stm32f1_hal.o
 .ARM.attributes
                0x000000000000007d       0x33 Core/Src/as608.o
 .ARM.attributes
                0x00000000000000b0       0x33 Core/Src/gpio.o
 .ARM.attributes
                0x00000000000000e3       0x33 Core/Src/i2c.o
 .ARM.attributes
                0x0000000000000116       0x33 Core/Src/main.o
 .ARM.attributes
                0x0000000000000149       0x33 Core/Src/oled.o
 .ARM.attributes
                0x000000000000017c       0x33 Core/Src/stm32f1xx_hal_msp.o
 .ARM.attributes
                0x00000000000001af       0x33 Core/Src/stm32f1xx_it.o
 .ARM.attributes
                0x00000000000001e2       0x33 Core/Src/syscalls.o
 .ARM.attributes
                0x0000000000000215       0x33 Core/Src/sysmem.o
 .ARM.attributes
                0x0000000000000248       0x33 Core/Src/system_stm32f1xx.o
 .ARM.attributes
                0x000000000000027b       0x33 Core/Src/tim.o
 .ARM.attributes
                0x00000000000002ae       0x33 Core/Src/usart.o
 .ARM.attributes
                0x00000000000002e1       0x21 Core/Startup/startup_stm32f103c8tx.o
 .ARM.attributes
                0x0000000000000302       0x33 Drivers/STM32F1xx_HAL_Driver/Src/stm32f1xx_hal.o
 .ARM.attributes
                0x0000000000000335       0x33 Drivers/STM32F1xx_HAL_Driver/Src/stm32f1xx_hal_cortex.o
 .ARM.attributes
                0x0000000000000368       0x33 Drivers/STM32F1xx_HAL_Driver/Src/stm32f1xx_hal_dma.o
 .ARM.attributes
                0x000000000000039b       0x33 Drivers/STM32F1xx_HAL_Driver/Src/stm32f1xx_hal_gpio.o
 .ARM.attributes
                0x00000000000003ce       0x33 Drivers/STM32F1xx_HAL_Driver/Src/stm32f1xx_hal_i2c.o
 .ARM.attributes
                0x0000000000000401       0x33 Drivers/STM32F1xx_HAL_Driver/Src/stm32f1xx_hal_pwr.o
 .ARM.attributes
                0x0000000000000434       0x33 Drivers/STM32F1xx_HAL_Driver/Src/stm32f1xx_hal_rcc.o
 .ARM.attributes
                0x0000000000000467       0x33 Drivers/STM32F1xx_HAL_Driver/Src/stm32f1xx_hal_tim.o
 .ARM.attributes
                0x000000000000049a       0x33 Drivers/STM32F1xx_HAL_Driver/Src/stm32f1xx_hal_tim_ex.o
 .ARM.attributes
                0x00000000000004cd       0x33 Drivers/STM32F1xx_HAL_Driver/Src/stm32f1xx_hal_uart.o
 .ARM.attributes
                0x0000000000000500       0x2d d:/stm32cubeide/stm32cubeide_1.4.0/stm32cubeide/plugins/com.st.stm32cube.ide.mcu.externaltools.gnu-tools-for-stm32.7-2018-q2-update.win32_1.5.0.202011040924/tools/bin/../lib/gcc/arm-none-eabi/7.3.1/../../../../arm-none-eabi/lib/thumb/v7-m\libc_nano.a(lib_a-errno.o)
 .ARM.attributes
                0x000000000000052d       0x2d d:/stm32cubeide/stm32cubeide_1.4.0/stm32cubeide/plugins/com.st.stm32cube.ide.mcu.externaltools.gnu-tools-for-stm32.7-2018-q2-update.win32_1.5.0.202011040924/tools/bin/../lib/gcc/arm-none-eabi/7.3.1/../../../../arm-none-eabi/lib/thumb/v7-m\libc_nano.a(lib_a-impure.o)
 .ARM.attributes
                0x000000000000055a       0x2d d:/stm32cubeide/stm32cubeide_1.4.0/stm32cubeide/plugins/com.st.stm32cube.ide.mcu.externaltools.gnu-tools-for-stm32.7-2018-q2-update.win32_1.5.0.202011040924/tools/bin/../lib/gcc/arm-none-eabi/7.3.1/../../../../arm-none-eabi/lib/thumb/v7-m\libc_nano.a(lib_a-init.o)
 .ARM.attributes
                0x0000000000000587       0x2d d:/stm32cubeide/stm32cubeide_1.4.0/stm32cubeide/plugins/com.st.stm32cube.ide.mcu.externaltools.gnu-tools-for-stm32.7-2018-q2-update.win32_1.5.0.202011040924/tools/bin/../lib/gcc/arm-none-eabi/7.3.1/../../../../arm-none-eabi/lib/thumb/v7-m\libc_nano.a(lib_a-memcpy-stub.o)
 .ARM.attributes
                0x00000000000005b4       0x2d d:/stm32cubeide/stm32cubeide_1.4.0/stm32cubeide/plugins/com.st.stm32cube.ide.mcu.externaltools.gnu-tools-for-stm32.7-2018-q2-update.win32_1.5.0.202011040924/tools/bin/../lib/gcc/arm-none-eabi/7.3.1/../../../../arm-none-eabi/lib/thumb/v7-m\libc_nano.a(lib_a-memset.o)
 .ARM.attributes
                0x00000000000005e1       0x2d d:/stm32cubeide/stm32cubeide_1.4.0/stm32cubeide/plugins/com.st.stm32cube.ide.mcu.externaltools.gnu-tools-for-stm32.7-2018-q2-update.win32_1.5.0.202011040924/tools/bin/../lib/gcc/arm-none-eabi/7.3.1/../../../../arm-none-eabi/lib/thumb/v7-m\libc_nano.a(lib_a-puts.o)
 .ARM.attributes
                0x000000000000060e       0x2d d:/stm32cubeide/stm32cubeide_1.4.0/stm32cubeide/plugins/com.st.stm32cube.ide.mcu.externaltools.gnu-tools-for-stm32.7-2018-q2-update.win32_1.5.0.202011040924/tools/bin/../lib/gcc/arm-none-eabi/7.3.1/../../../../arm-none-eabi/lib/thumb/v7-m\libc_nano.a(lib_a-wbuf.o)
 .ARM.attributes
                0x000000000000063b       0x2d d:/stm32cubeide/stm32cubeide_1.4.0/stm32cubeide/plugins/com.st.stm32cube.ide.mcu.externaltools.gnu-tools-for-stm32.7-2018-q2-update.win32_1.5.0.202011040924/tools/bin/../lib/gcc/arm-none-eabi/7.3.1/../../../../arm-none-eabi/lib/thumb/v7-m\libc_nano.a(lib_a-wsetup.o)
 .ARM.attributes
                0x0000000000000668       0x2d d:/stm32cubeide/stm32cubeide_1.4.0/stm32cubeide/plugins/com.st.stm32cube.ide.mcu.externaltools.gnu-tools-for-stm32.7-2018-q2-update.win32_1.5.0.202011040924/tools/bin/../lib/gcc/arm-none-eabi/7.3.1/../../../../arm-none-eabi/lib/thumb/v7-m\libc_nano.a(lib_a-fflush.o)
 .ARM.attributes
                0x0000000000000695       0x2d d:/stm32cubeide/stm32cubeide_1.4.0/stm32cubeide/plugins/com.st.stm32cube.ide.mcu.externaltools.gnu-tools-for-stm32.7-2018-q2-update.win32_1.5.0.202011040924/tools/bin/../lib/gcc/arm-none-eabi/7.3.1/../../../../arm-none-eabi/lib/thumb/v7-m\libc_nano.a(lib_a-findfp.o)
 .ARM.attributes
                0x00000000000006c2       0x2d d:/stm32cubeide/stm32cubeide_1.4.0/stm32cubeide/plugins/com.st.stm32cube.ide.mcu.externaltools.gnu-tools-for-stm32.7-2018-q2-update.win32_1.5.0.202011040924/tools/bin/../lib/gcc/arm-none-eabi/7.3.1/../../../../arm-none-eabi/lib/thumb/v7-m\libc_nano.a(lib_a-fwalk.o)
 .ARM.attributes
                0x00000000000006ef       0x2d d:/stm32cubeide/stm32cubeide_1.4.0/stm32cubeide/plugins/com.st.stm32cube.ide.mcu.externaltools.gnu-tools-for-stm32.7-2018-q2-update.win32_1.5.0.202011040924/tools/bin/../lib/gcc/arm-none-eabi/7.3.1/../../../../arm-none-eabi/lib/thumb/v7-m\libc_nano.a(lib_a-makebuf.o)
 .ARM.attributes
                0x000000000000071c       0x2d d:/stm32cubeide/stm32cubeide_1.4.0/stm32cubeide/plugins/com.st.stm32cube.ide.mcu.externaltools.gnu-tools-for-stm32.7-2018-q2-update.win32_1.5.0.202011040924/tools/bin/../lib/gcc/arm-none-eabi/7.3.1/../../../../arm-none-eabi/lib/thumb/v7-m\libc_nano.a(lib_a-nano-freer.o)
 .ARM.attributes
                0x0000000000000749       0x2d d:/stm32cubeide/stm32cubeide_1.4.0/stm32cubeide/plugins/com.st.stm32cube.ide.mcu.externaltools.gnu-tools-for-stm32.7-2018-q2-update.win32_1.5.0.202011040924/tools/bin/../lib/gcc/arm-none-eabi/7.3.1/../../../../arm-none-eabi/lib/thumb/v7-m\libc_nano.a(lib_a-nano-mallocr.o)
 .ARM.attributes
                0x0000000000000776       0x2d d:/stm32cubeide/stm32cubeide_1.4.0/stm32cubeide/plugins/com.st.stm32cube.ide.mcu.externaltools.gnu-tools-for-stm32.7-2018-q2-update.win32_1.5.0.202011040924/tools/bin/../lib/gcc/arm-none-eabi/7.3.1/../../../../arm-none-eabi/lib/thumb/v7-m\libc_nano.a(lib_a-sbrkr.o)
 .ARM.attributes
                0x00000000000007a3       0x2d d:/stm32cubeide/stm32cubeide_1.4.0/stm32cubeide/plugins/com.st.stm32cube.ide.mcu.externaltools.gnu-tools-for-stm32.7-2018-q2-update.win32_1.5.0.202011040924/tools/bin/../lib/gcc/arm-none-eabi/7.3.1/../../../../arm-none-eabi/lib/thumb/v7-m\libc_nano.a(lib_a-stdio.o)
 .ARM.attributes
                0x00000000000007d0       0x2d d:/stm32cubeide/stm32cubeide_1.4.0/stm32cubeide/plugins/com.st.stm32cube.ide.mcu.externaltools.gnu-tools-for-stm32.7-2018-q2-update.win32_1.5.0.202011040924/tools/bin/../lib/gcc/arm-none-eabi/7.3.1/../../../../arm-none-eabi/lib/thumb/v7-m\libc_nano.a(lib_a-writer.o)
 .ARM.attributes
                0x00000000000007fd       0x2d d:/stm32cubeide/stm32cubeide_1.4.0/stm32cubeide/plugins/com.st.stm32cube.ide.mcu.externaltools.gnu-tools-for-stm32.7-2018-q2-update.win32_1.5.0.202011040924/tools/bin/../lib/gcc/arm-none-eabi/7.3.1/../../../../arm-none-eabi/lib/thumb/v7-m\libc_nano.a(lib_a-closer.o)
 .ARM.attributes
                0x000000000000082a       0x2d d:/stm32cubeide/stm32cubeide_1.4.0/stm32cubeide/plugins/com.st.stm32cube.ide.mcu.externaltools.gnu-tools-for-stm32.7-2018-q2-update.win32_1.5.0.202011040924/tools/bin/../lib/gcc/arm-none-eabi/7.3.1/../../../../arm-none-eabi/lib/thumb/v7-m\libc_nano.a(lib_a-fstatr.o)
 .ARM.attributes
                0x0000000000000857       0x2d d:/stm32cubeide/stm32cubeide_1.4.0/stm32cubeide/plugins/com.st.stm32cube.ide.mcu.externaltools.gnu-tools-for-stm32.7-2018-q2-update.win32_1.5.0.202011040924/tools/bin/../lib/gcc/arm-none-eabi/7.3.1/../../../../arm-none-eabi/lib/thumb/v7-m\libc_nano.a(lib_a-isattyr.o)
 .ARM.attributes
                0x0000000000000884       0x2d d:/stm32cubeide/stm32cubeide_1.4.0/stm32cubeide/plugins/com.st.stm32cube.ide.mcu.externaltools.gnu-tools-for-stm32.7-2018-q2-update.win32_1.5.0.202011040924/tools/bin/../lib/gcc/arm-none-eabi/7.3.1/../../../../arm-none-eabi/lib/thumb/v7-m\libc_nano.a(lib_a-lseekr.o)
 .ARM.attributes
                0x00000000000008b1       0x2d d:/stm32cubeide/stm32cubeide_1.4.0/stm32cubeide/plugins/com.st.stm32cube.ide.mcu.externaltools.gnu-tools-for-stm32.7-2018-q2-update.win32_1.5.0.202011040924/tools/bin/../lib/gcc/arm-none-eabi/7.3.1/../../../../arm-none-eabi/lib/thumb/v7-m\libc_nano.a(lib_a-mlock.o)
 .ARM.attributes
                0x00000000000008de       0x2d d:/stm32cubeide/stm32cubeide_1.4.0/stm32cubeide/plugins/com.st.stm32cube.ide.mcu.externaltools.gnu-tools-for-stm32.7-2018-q2-update.win32_1.5.0.202011040924/tools/bin/../lib/gcc/arm-none-eabi/7.3.1/../../../../arm-none-eabi/lib/thumb/v7-m\libc_nano.a(lib_a-readr.o)
 .ARM.attributes
                0x000000000000090b       0x2d d:/stm32cubeide/stm32cubeide_1.4.0/stm32cubeide/plugins/com.st.stm32cube.ide.mcu.externaltools.gnu-tools-for-stm32.7-2018-q2-update.win32_1.5.0.202011040924/tools/bin/../lib/gcc/arm-none-eabi/7.3.1/../../../../arm-none-eabi/lib/thumb/v7-m\libc_nano.a(lib_a-reent.o)
 .ARM.attributes
                0x0000000000000938       0x1d d:/stm32cubeide/stm32cubeide_1.4.0/stm32cubeide/plugins/com.st.stm32cube.ide.mcu.externaltools.gnu-tools-for-stm32.7-2018-q2-update.win32_1.5.0.202011040924/tools/bin/../lib/gcc/arm-none-eabi/7.3.1/thumb/v7-m/crtn.o
OUTPUT(Access_control_door.elf elf32-littlearm)

.debug_info     0x0000000000000000    0x125d6
 .debug_info    0x0000000000000000      0x2b6 Core/McuLib/commonlib/src/mylibs/drv/commDrv/select/Re_commDrv_stm32f1_hal.o
 .debug_info    0x00000000000002b6     0x1665 Core/Src/as608.o
 .debug_info    0x000000000000191b      0x489 Core/Src/gpio.o
 .debug_info    0x0000000000001da4      0x842 Core/Src/i2c.o
 .debug_info    0x00000000000025e6     0x17db Core/Src/main.o
 .debug_info    0x0000000000003dc1      0xa24 Core/Src/oled.o
 .debug_info    0x00000000000047e5      0x2d6 Core/Src/stm32f1xx_hal_msp.o
 .debug_info    0x0000000000004abb      0x97c Core/Src/stm32f1xx_it.o
 .debug_info    0x0000000000005437      0xebd Core/Src/syscalls.o
 .debug_info    0x00000000000062f4      0x985 Core/Src/sysmem.o
 .debug_info    0x0000000000006c79      0x29a Core/Src/system_stm32f1xx.o
 .debug_info    0x0000000000006f13      0xb38 Core/Src/tim.o
 .debug_info    0x0000000000007a4b      0x8f9 Core/Src/usart.o
 .debug_info    0x0000000000008344       0x22 Core/Startup/startup_stm32f103c8tx.o
 .debug_info    0x0000000000008366      0x714 Drivers/STM32F1xx_HAL_Driver/Src/stm32f1xx_hal.o
 .debug_info    0x0000000000008a7a      0xb51 Drivers/STM32F1xx_HAL_Driver/Src/stm32f1xx_hal_cortex.o
 .debug_info    0x00000000000095cb      0x7b1 Drivers/STM32F1xx_HAL_Driver/Src/stm32f1xx_hal_dma.o
 .debug_info    0x0000000000009d7c      0x69b Drivers/STM32F1xx_HAL_Driver/Src/stm32f1xx_hal_gpio.o
 .debug_info    0x000000000000a417     0x2555 Drivers/STM32F1xx_HAL_Driver/Src/stm32f1xx_hal_i2c.o
 .debug_info    0x000000000000c96c      0x6e2 Drivers/STM32F1xx_HAL_Driver/Src/stm32f1xx_hal_pwr.o
 .debug_info    0x000000000000d04e      0x80f Drivers/STM32F1xx_HAL_Driver/Src/stm32f1xx_hal_rcc.o
 .debug_info    0x000000000000d85d     0x27ef Drivers/STM32F1xx_HAL_Driver/Src/stm32f1xx_hal_tim.o
 .debug_info    0x000000000001004c     0x136f Drivers/STM32F1xx_HAL_Driver/Src/stm32f1xx_hal_tim_ex.o
 .debug_info    0x00000000000113bb     0x121b Drivers/STM32F1xx_HAL_Driver/Src/stm32f1xx_hal_uart.o

.debug_abbrev   0x0000000000000000     0x2c34
 .debug_abbrev  0x0000000000000000      0x17e Core/McuLib/commonlib/src/mylibs/drv/commDrv/select/Re_commDrv_stm32f1_hal.o
 .debug_abbrev  0x000000000000017e      0x28f Core/Src/as608.o
 .debug_abbrev  0x000000000000040d      0x13d Core/Src/gpio.o
 .debug_abbrev  0x000000000000054a      0x199 Core/Src/i2c.o
 .debug_abbrev  0x00000000000006e3      0x2d9 Core/Src/main.o
 .debug_abbrev  0x00000000000009bc      0x1fa Core/Src/oled.o
 .debug_abbrev  0x0000000000000bb6      0x109 Core/Src/stm32f1xx_hal_msp.o
 .debug_abbrev  0x0000000000000cbf      0x15a Core/Src/stm32f1xx_it.o
 .debug_abbrev  0x0000000000000e19      0x261 Core/Src/syscalls.o
 .debug_abbrev  0x000000000000107a      0x19b Core/Src/sysmem.o
 .debug_abbrev  0x0000000000001215      0x134 Core/Src/system_stm32f1xx.o
 .debug_abbrev  0x0000000000001349      0x1a8 Core/Src/tim.o
 .debug_abbrev  0x00000000000014f1      0x1a2 Core/Src/usart.o
 .debug_abbrev  0x0000000000001693       0x12 Core/Startup/startup_stm32f103c8tx.o
 .debug_abbrev  0x00000000000016a5      0x1c7 Drivers/STM32F1xx_HAL_Driver/Src/stm32f1xx_hal.o
 .debug_abbrev  0x000000000000186c      0x2d5 Drivers/STM32F1xx_HAL_Driver/Src/stm32f1xx_hal_cortex.o
 .debug_abbrev  0x0000000000001b41      0x1fe Drivers/STM32F1xx_HAL_Driver/Src/stm32f1xx_hal_dma.o
 .debug_abbrev  0x0000000000001d3f      0x1c0 Drivers/STM32F1xx_HAL_Driver/Src/stm32f1xx_hal_gpio.o
 .debug_abbrev  0x0000000000001eff      0x258 Drivers/STM32F1xx_HAL_Driver/Src/stm32f1xx_hal_i2c.o
 .debug_abbrev  0x0000000000002157      0x1f2 Drivers/STM32F1xx_HAL_Driver/Src/stm32f1xx_hal_pwr.o
 .debug_abbrev  0x0000000000002349      0x243 Drivers/STM32F1xx_HAL_Driver/Src/stm32f1xx_hal_rcc.o
 .debug_abbrev  0x000000000000258c      0x230 Drivers/STM32F1xx_HAL_Driver/Src/stm32f1xx_hal_tim.o
 .debug_abbrev  0x00000000000027bc      0x236 Drivers/STM32F1xx_HAL_Driver/Src/stm32f1xx_hal_tim_ex.o
 .debug_abbrev  0x00000000000029f2      0x242 Drivers/STM32F1xx_HAL_Driver/Src/stm32f1xx_hal_uart.o

.debug_aranges  0x0000000000000000     0x11c0
 .debug_aranges
                0x0000000000000000       0x40 Core/McuLib/commonlib/src/mylibs/drv/commDrv/select/Re_commDrv_stm32f1_hal.o
 .debug_aranges
                0x0000000000000040       0x98 Core/Src/as608.o
 .debug_aranges
                0x00000000000000d8       0x20 Core/Src/gpio.o
 .debug_aranges
                0x00000000000000f8       0x30 Core/Src/i2c.o
 .debug_aranges
                0x0000000000000128       0x60 Core/Src/main.o
 .debug_aranges
                0x0000000000000188       0x88 Core/Src/oled.o
 .debug_aranges
                0x0000000000000210       0x20 Core/Src/stm32f1xx_hal_msp.o
 .debug_aranges
                0x0000000000000230       0x78 Core/Src/stm32f1xx_it.o
 .debug_aranges
                0x00000000000002a8       0xa8 Core/Src/syscalls.o
 .debug_aranges
                0x0000000000000350       0x20 Core/Src/sysmem.o
 .debug_aranges
                0x0000000000000370       0x28 Core/Src/system_stm32f1xx.o
 .debug_aranges
                0x0000000000000398       0x38 Core/Src/tim.o
 .debug_aranges
                0x00000000000003d0       0x30 Core/Src/usart.o
 .debug_aranges
                0x0000000000000400       0x28 Core/Startup/startup_stm32f103c8tx.o
 .debug_aranges
                0x0000000000000428       0xe0 Drivers/STM32F1xx_HAL_Driver/Src/stm32f1xx_hal.o
 .debug_aranges
                0x0000000000000508      0x100 Drivers/STM32F1xx_HAL_Driver/Src/stm32f1xx_hal_cortex.o
 .debug_aranges
                0x0000000000000608       0x80 Drivers/STM32F1xx_HAL_Driver/Src/stm32f1xx_hal_dma.o
 .debug_aranges
                0x0000000000000688       0x58 Drivers/STM32F1xx_HAL_Driver/Src/stm32f1xx_hal_gpio.o
 .debug_aranges
                0x00000000000006e0      0x2a0 Drivers/STM32F1xx_HAL_Driver/Src/stm32f1xx_hal_i2c.o
 .debug_aranges
                0x0000000000000980       0xa8 Drivers/STM32F1xx_HAL_Driver/Src/stm32f1xx_hal_pwr.o
 .debug_aranges
                0x0000000000000a28       0x90 Drivers/STM32F1xx_HAL_Driver/Src/stm32f1xx_hal_rcc.o
 .debug_aranges
                0x0000000000000ab8      0x3d0 Drivers/STM32F1xx_HAL_Driver/Src/stm32f1xx_hal_tim.o
 .debug_aranges
                0x0000000000000e88      0x168 Drivers/STM32F1xx_HAL_Driver/Src/stm32f1xx_hal_tim_ex.o
 .debug_aranges
                0x0000000000000ff0      0x1d0 Drivers/STM32F1xx_HAL_Driver/Src/stm32f1xx_hal_uart.o

.debug_ranges   0x0000000000000000     0x1070
 .debug_ranges  0x0000000000000000       0x30 Core/McuLib/commonlib/src/mylibs/drv/commDrv/select/Re_commDrv_stm32f1_hal.o
 .debug_ranges  0x0000000000000030       0x88 Core/Src/as608.o
 .debug_ranges  0x00000000000000b8       0x10 Core/Src/gpio.o
 .debug_ranges  0x00000000000000c8       0x20 Core/Src/i2c.o
 .debug_ranges  0x00000000000000e8       0x50 Core/Src/main.o
 .debug_ranges  0x0000000000000138       0x78 Core/Src/oled.o
 .debug_ranges  0x00000000000001b0       0x10 Core/Src/stm32f1xx_hal_msp.o
 .debug_ranges  0x00000000000001c0       0x68 Core/Src/stm32f1xx_it.o
 .debug_ranges  0x0000000000000228       0x98 Core/Src/syscalls.o
 .debug_ranges  0x00000000000002c0       0x10 Core/Src/sysmem.o
 .debug_ranges  0x00000000000002d0       0x18 Core/Src/system_stm32f1xx.o
 .debug_ranges  0x00000000000002e8       0x28 Core/Src/tim.o
 .debug_ranges  0x0000000000000310       0x20 Core/Src/usart.o
 .debug_ranges  0x0000000000000330       0x20 Core/Startup/startup_stm32f103c8tx.o
 .debug_ranges  0x0000000000000350       0xd0 Drivers/STM32F1xx_HAL_Driver/Src/stm32f1xx_hal.o
 .debug_ranges  0x0000000000000420       0xf0 Drivers/STM32F1xx_HAL_Driver/Src/stm32f1xx_hal_cortex.o
 .debug_ranges  0x0000000000000510       0x70 Drivers/STM32F1xx_HAL_Driver/Src/stm32f1xx_hal_dma.o
 .debug_ranges  0x0000000000000580       0x48 Drivers/STM32F1xx_HAL_Driver/Src/stm32f1xx_hal_gpio.o
 .debug_ranges  0x00000000000005c8      0x2b8 Drivers/STM32F1xx_HAL_Driver/Src/stm32f1xx_hal_i2c.o
 .debug_ranges  0x0000000000000880       0x98 Drivers/STM32F1xx_HAL_Driver/Src/stm32f1xx_hal_pwr.o
 .debug_ranges  0x0000000000000918       0x80 Drivers/STM32F1xx_HAL_Driver/Src/stm32f1xx_hal_rcc.o
 .debug_ranges  0x0000000000000998      0x3c0 Drivers/STM32F1xx_HAL_Driver/Src/stm32f1xx_hal_tim.o
 .debug_ranges  0x0000000000000d58      0x158 Drivers/STM32F1xx_HAL_Driver/Src/stm32f1xx_hal_tim_ex.o
 .debug_ranges  0x0000000000000eb0      0x1c0 Drivers/STM32F1xx_HAL_Driver/Src/stm32f1xx_hal_uart.o

.debug_macro    0x0000000000000000    0x19ecf
 .debug_macro   0x0000000000000000      0x1e7 Core/McuLib/commonlib/src/mylibs/drv/commDrv/select/Re_commDrv_stm32f1_hal.o
 .debug_macro   0x00000000000001e7      0xa5a Core/McuLib/commonlib/src/mylibs/drv/commDrv/select/Re_commDrv_stm32f1_hal.o
 .debug_macro   0x0000000000000c41       0x10 Core/McuLib/commonlib/src/mylibs/drv/commDrv/select/Re_commDrv_stm32f1_hal.o
 .debug_macro   0x0000000000000c51       0x10 Core/McuLib/commonlib/src/mylibs/drv/commDrv/select/Re_commDrv_stm32f1_hal.o
 .debug_macro   0x0000000000000c61       0x22 Core/McuLib/commonlib/src/mylibs/drv/commDrv/select/Re_commDrv_stm32f1_hal.o
 .debug_macro   0x0000000000000c83       0x8e Core/McuLib/commonlib/src/mylibs/drv/commDrv/select/Re_commDrv_stm32f1_hal.o
 .debug_macro   0x0000000000000d11       0x51 Core/McuLib/commonlib/src/mylibs/drv/commDrv/select/Re_commDrv_stm32f1_hal.o
 .debug_macro   0x0000000000000d62       0xef Core/McuLib/commonlib/src/mylibs/drv/commDrv/select/Re_commDrv_stm32f1_hal.o
 .debug_macro   0x0000000000000e51       0x6a Core/McuLib/commonlib/src/mylibs/drv/commDrv/select/Re_commDrv_stm32f1_hal.o
 .debug_macro   0x0000000000000ebb      0x1df Core/McuLib/commonlib/src/mylibs/drv/commDrv/select/Re_commDrv_stm32f1_hal.o
 .debug_macro   0x000000000000109a      0x221 Core/McuLib/commonlib/src/mylibs/drv/commDrv/select/Re_commDrv_stm32f1_hal.o
 .debug_macro   0x00000000000012bb       0x2e Core/McuLib/commonlib/src/mylibs/drv/commDrv/select/Re_commDrv_stm32f1_hal.o
 .debug_macro   0x00000000000012e9       0x22 Core/McuLib/commonlib/src/mylibs/drv/commDrv/select/Re_commDrv_stm32f1_hal.o
 .debug_macro   0x000000000000130b       0x1c Core/McuLib/commonlib/src/mylibs/drv/commDrv/select/Re_commDrv_stm32f1_hal.o
 .debug_macro   0x0000000000001327       0x22 Core/McuLib/commonlib/src/mylibs/drv/commDrv/select/Re_commDrv_stm32f1_hal.o
 .debug_macro   0x0000000000001349       0xc3 Core/McuLib/commonlib/src/mylibs/drv/commDrv/select/Re_commDrv_stm32f1_hal.o
 .debug_macro   0x000000000000140c      0xd23 Core/McuLib/commonlib/src/mylibs/drv/commDrv/select/Re_commDrv_stm32f1_hal.o
 .debug_macro   0x000000000000212f     0xe097 Core/McuLib/commonlib/src/mylibs/drv/commDrv/select/Re_commDrv_stm32f1_hal.o
 .debug_macro   0x00000000000101c6       0x43 Core/McuLib/commonlib/src/mylibs/drv/commDrv/select/Re_commDrv_stm32f1_hal.o
 .debug_macro   0x0000000000010209     0x3468 Core/McuLib/commonlib/src/mylibs/drv/commDrv/select/Re_commDrv_stm32f1_hal.o
 .debug_macro   0x0000000000013671      0x174 Core/McuLib/commonlib/src/mylibs/drv/commDrv/select/Re_commDrv_stm32f1_hal.o
 .debug_macro   0x00000000000137e5       0x5c Core/McuLib/commonlib/src/mylibs/drv/commDrv/select/Re_commDrv_stm32f1_hal.o
 .debug_macro   0x0000000000013841      0x5be Core/McuLib/commonlib/src/mylibs/drv/commDrv/select/Re_commDrv_stm32f1_hal.o
 .debug_macro   0x0000000000013dff      0x289 Core/McuLib/commonlib/src/mylibs/drv/commDrv/select/Re_commDrv_stm32f1_hal.o
 .debug_macro   0x0000000000014088      0x1cb Core/McuLib/commonlib/src/mylibs/drv/commDrv/select/Re_commDrv_stm32f1_hal.o
 .debug_macro   0x0000000000014253      0x114 Core/McuLib/commonlib/src/mylibs/drv/commDrv/select/Re_commDrv_stm32f1_hal.o
 .debug_macro   0x0000000000014367      0x1b2 Core/McuLib/commonlib/src/mylibs/drv/commDrv/select/Re_commDrv_stm32f1_hal.o
 .debug_macro   0x0000000000014519       0x27 Core/McuLib/commonlib/src/mylibs/drv/commDrv/select/Re_commDrv_stm32f1_hal.o
 .debug_macro   0x0000000000014540      0x136 Core/McuLib/commonlib/src/mylibs/drv/commDrv/select/Re_commDrv_stm32f1_hal.o
 .debug_macro   0x0000000000014676      0x1bc Core/McuLib/commonlib/src/mylibs/drv/commDrv/select/Re_commDrv_stm32f1_hal.o
 .debug_macro   0x0000000000014832       0x34 Core/McuLib/commonlib/src/mylibs/drv/commDrv/select/Re_commDrv_stm32f1_hal.o
 .debug_macro   0x0000000000014866       0x3c Core/McuLib/commonlib/src/mylibs/drv/commDrv/select/Re_commDrv_stm32f1_hal.o
 .debug_macro   0x00000000000148a2       0x57 Core/McuLib/commonlib/src/mylibs/drv/commDrv/select/Re_commDrv_stm32f1_hal.o
 .debug_macro   0x00000000000148f9       0x88 Core/McuLib/commonlib/src/mylibs/drv/commDrv/select/Re_commDrv_stm32f1_hal.o
 .debug_macro   0x0000000000014981      0x241 Core/McuLib/commonlib/src/mylibs/drv/commDrv/select/Re_commDrv_stm32f1_hal.o
 .debug_macro   0x0000000000014bc2      0x287 Core/McuLib/commonlib/src/mylibs/drv/commDrv/select/Re_commDrv_stm32f1_hal.o
 .debug_macro   0x0000000000014e49      0x141 Core/McuLib/commonlib/src/mylibs/drv/commDrv/select/Re_commDrv_stm32f1_hal.o
 .debug_macro   0x0000000000014f8a      0x8d1 Core/McuLib/commonlib/src/mylibs/drv/commDrv/select/Re_commDrv_stm32f1_hal.o
 .debug_macro   0x000000000001585b      0x26b Core/McuLib/commonlib/src/mylibs/drv/commDrv/select/Re_commDrv_stm32f1_hal.o
 .debug_macro   0x0000000000015ac6       0x83 Core/McuLib/commonlib/src/mylibs/drv/commDrv/select/Re_commDrv_stm32f1_hal.o
 .debug_macro   0x0000000000015b49      0x34f Core/Src/as608.o
 .debug_macro   0x0000000000015e98       0x40 Core/Src/as608.o
 .debug_macro   0x0000000000015ed8       0x18 Core/Src/as608.o
 .debug_macro   0x0000000000015ef0       0x94 Core/Src/as608.o
 .debug_macro   0x0000000000015f84       0x3c Core/Src/as608.o
 .debug_macro   0x0000000000015fc0       0x34 Core/Src/as608.o
 .debug_macro   0x0000000000015ff4       0x57 Core/Src/as608.o
 .debug_macro   0x000000000001604b       0x52 Core/Src/as608.o
 .debug_macro   0x000000000001609d       0x1f Core/Src/as608.o
 .debug_macro   0x00000000000160bc       0x43 Core/Src/as608.o
 .debug_macro   0x00000000000160ff       0x20 Core/Src/as608.o
 .debug_macro   0x000000000001611f      0x1a3 Core/Src/as608.o
 .debug_macro   0x00000000000162c2      0x330 Core/Src/as608.o
 .debug_macro   0x00000000000165f2       0x10 Core/Src/as608.o
 .debug_macro   0x0000000000016602       0x35 Core/Src/as608.o
 .debug_macro   0x0000000000016637       0x20 Core/Src/as608.o
 .debug_macro   0x0000000000016657       0x1c Core/Src/as608.o
 .debug_macro   0x0000000000016673       0x10 Core/Src/as608.o
 .debug_macro   0x0000000000016683       0x10 Core/Src/as608.o
 .debug_macro   0x0000000000016693       0x1c Core/Src/as608.o
 .debug_macro   0x00000000000166af       0x52 Core/Src/as608.o
 .debug_macro   0x0000000000016701       0x40 Core/Src/as608.o
 .debug_macro   0x0000000000016741       0x10 Core/Src/as608.o
 .debug_macro   0x0000000000016751       0x40 Core/Src/as608.o
 .debug_macro   0x0000000000016791       0xd7 Core/Src/as608.o
 .debug_macro   0x0000000000016868       0x1c Core/Src/as608.o
 .debug_macro   0x0000000000016884       0x3d Core/Src/as608.o
 .debug_macro   0x00000000000168c1       0x16 Core/Src/as608.o
 .debug_macro   0x00000000000168d7      0x145 Core/Src/as608.o
 .debug_macro   0x0000000000016a1c       0xbd Core/Src/as608.o
 .debug_macro   0x0000000000016ad9       0x56 Core/Src/as608.o
 .debug_macro   0x0000000000016b2f       0x1c Core/Src/as608.o
 .debug_macro   0x0000000000016b4b       0x2e Core/Src/as608.o
 .debug_macro   0x0000000000016b79      0x1c6 Core/Src/gpio.o
 .debug_macro   0x0000000000016d3f       0x16 Core/Src/gpio.o
 .debug_macro   0x0000000000016d55      0x1c6 Core/Src/i2c.o
 .debug_macro   0x0000000000016f1b      0x3d3 Core/Src/main.o
 .debug_macro   0x00000000000172ee       0x46 Core/Src/main.o
 .debug_macro   0x0000000000017334      0x32a Core/Src/main.o
 .debug_macro   0x000000000001765e      0x1da Core/Src/oled.o
 .debug_macro   0x0000000000017838      0x1bc Core/Src/stm32f1xx_hal_msp.o
 .debug_macro   0x00000000000179f4      0x1c6 Core/Src/stm32f1xx_it.o
 .debug_macro   0x0000000000017bba      0x243 Core/Src/syscalls.o
 .debug_macro   0x0000000000017dfd       0x10 Core/Src/syscalls.o
 .debug_macro   0x0000000000017e0d       0x10 Core/Src/syscalls.o
 .debug_macro   0x0000000000017e1d       0x10 Core/Src/syscalls.o
 .debug_macro   0x0000000000017e2d       0x35 Core/Src/syscalls.o
 .debug_macro   0x0000000000017e62      0x122 Core/Src/syscalls.o
 .debug_macro   0x0000000000017f84       0x16 Core/Src/syscalls.o
 .debug_macro   0x0000000000017f9a       0x16 Core/Src/syscalls.o
 .debug_macro   0x0000000000017fb0       0x29 Core/Src/syscalls.o
 .debug_macro   0x0000000000017fd9       0x10 Core/Src/syscalls.o
 .debug_macro   0x0000000000017fe9      0x241 Core/Src/syscalls.o
 .debug_macro   0x000000000001822a       0x10 Core/Src/syscalls.o
 .debug_macro   0x000000000001823a      0x189 Core/Src/syscalls.o
 .debug_macro   0x00000000000183c3       0x16 Core/Src/syscalls.o
 .debug_macro   0x00000000000183d9       0x88 Core/Src/syscalls.o
 .debug_macro   0x0000000000018461       0xee Core/Src/sysmem.o
 .debug_macro   0x000000000001854f      0x23b Core/Src/sysmem.o
 .debug_macro   0x000000000001878a      0x1ad Core/Src/system_stm32f1xx.o
 .debug_macro   0x0000000000018937      0x1c6 Core/Src/tim.o
 .debug_macro   0x0000000000018afd      0x1c6 Core/Src/usart.o
 .debug_macro   0x0000000000018cc3      0x1d1 Drivers/STM32F1xx_HAL_Driver/Src/stm32f1xx_hal.o
 .debug_macro   0x0000000000018e94      0x1ad Drivers/STM32F1xx_HAL_Driver/Src/stm32f1xx_hal_cortex.o
 .debug_macro   0x0000000000019041      0x1ad Drivers/STM32F1xx_HAL_Driver/Src/stm32f1xx_hal_dma.o
 .debug_macro   0x00000000000191ee      0x218 Drivers/STM32F1xx_HAL_Driver/Src/stm32f1xx_hal_gpio.o
 .debug_macro   0x0000000000019406      0x1f4 Drivers/STM32F1xx_HAL_Driver/Src/stm32f1xx_hal_i2c.o
 .debug_macro   0x00000000000195fa      0x20d Drivers/STM32F1xx_HAL_Driver/Src/stm32f1xx_hal_pwr.o
 .debug_macro   0x0000000000019807      0x1bf Drivers/STM32F1xx_HAL_Driver/Src/stm32f1xx_hal_rcc.o
 .debug_macro   0x00000000000199c6      0x1ae Drivers/STM32F1xx_HAL_Driver/Src/stm32f1xx_hal_tim.o
 .debug_macro   0x0000000000019b74      0x1ad Drivers/STM32F1xx_HAL_Driver/Src/stm32f1xx_hal_tim_ex.o
 .debug_macro   0x0000000000019d21      0x1ae Drivers/STM32F1xx_HAL_Driver/Src/stm32f1xx_hal_uart.o

.debug_line     0x0000000000000000     0xfd53
 .debug_line    0x0000000000000000      0x8b5 Core/McuLib/commonlib/src/mylibs/drv/commDrv/select/Re_commDrv_stm32f1_hal.o
 .debug_line    0x00000000000008b5      0xbb7 Core/Src/as608.o
 .debug_line    0x000000000000146c      0x6ba Core/Src/gpio.o
 .debug_line    0x0000000000001b26      0x6e6 Core/Src/i2c.o
 .debug_line    0x000000000000220c      0xc65 Core/Src/main.o
 .debug_line    0x0000000000002e71      0x8ea Core/Src/oled.o
 .debug_line    0x000000000000375b      0x6b7 Core/Src/stm32f1xx_hal_msp.o
 .debug_line    0x0000000000003e12      0x794 Core/Src/stm32f1xx_it.o
 .debug_line    0x00000000000045a6      0x770 Core/Src/syscalls.o
 .debug_line    0x0000000000004d16      0x4f9 Core/Src/sysmem.o
 .debug_line    0x000000000000520f      0x6de Core/Src/system_stm32f1xx.o
 .debug_line    0x00000000000058ed      0x70a Core/Src/tim.o
 .debug_line    0x0000000000005ff7      0x6ef Core/Src/usart.o
 .debug_line    0x00000000000066e6       0x84 Core/Startup/startup_stm32f103c8tx.o
 .debug_line    0x000000000000676a      0x891 Drivers/STM32F1xx_HAL_Driver/Src/stm32f1xx_hal.o
 .debug_line    0x0000000000006ffb      0x968 Drivers/STM32F1xx_HAL_Driver/Src/stm32f1xx_hal_cortex.o
 .debug_line    0x0000000000007963      0xaf6 Drivers/STM32F1xx_HAL_Driver/Src/stm32f1xx_hal_dma.o
 .debug_line    0x0000000000008459      0x88d Drivers/STM32F1xx_HAL_Driver/Src/stm32f1xx_hal_gpio.o
 .debug_line    0x0000000000008ce6     0x1c37 Drivers/STM32F1xx_HAL_Driver/Src/stm32f1xx_hal_i2c.o
 .debug_line    0x000000000000a91d      0x834 Drivers/STM32F1xx_HAL_Driver/Src/stm32f1xx_hal_pwr.o
 .debug_line    0x000000000000b151      0x951 Drivers/STM32F1xx_HAL_Driver/Src/stm32f1xx_hal_rcc.o
 .debug_line    0x000000000000baa2     0x1fea Drivers/STM32F1xx_HAL_Driver/Src/stm32f1xx_hal_tim.o
 .debug_line    0x000000000000da8c     0x12f8 Drivers/STM32F1xx_HAL_Driver/Src/stm32f1xx_hal_tim_ex.o
 .debug_line    0x000000000000ed84      0xfcf Drivers/STM32F1xx_HAL_Driver/Src/stm32f1xx_hal_uart.o

.debug_str      0x0000000000000000    0x8e1bc
 .debug_str     0x0000000000000000    0x844e9 Core/McuLib/commonlib/src/mylibs/drv/commDrv/select/Re_commDrv_stm32f1_hal.o
                                      0x8483b (size before relaxing)
 .debug_str     0x00000000000844e9     0x4698 Core/Src/as608.o
                                      0x88e80 (size before relaxing)
 .debug_str     0x0000000000088b81      0x308 Core/Src/gpio.o
                                      0x84afd (size before relaxing)
 .debug_str     0x0000000000088e89      0x282 Core/Src/i2c.o
                                      0x84ccf (size before relaxing)
 .debug_str     0x000000000008910b      0x488 Core/Src/main.o
                                      0x8952f (size before relaxing)
 .debug_str     0x0000000000089593       0xf4 Core/Src/oled.o
                                      0x84ce4 (size before relaxing)
 .debug_str     0x0000000000089687       0x5a Core/Src/stm32f1xx_hal_msp.o
                                      0x847fa (size before relaxing)
 .debug_str     0x00000000000896e1       0xf0 Core/Src/stm32f1xx_it.o
                                      0x84ecf (size before relaxing)
 .debug_str     0x00000000000897d1     0x11d9 Core/Src/syscalls.o
                                       0x886c (size before relaxing)
 .debug_str     0x000000000008a9aa       0x6b Core/Src/sysmem.o
                                       0x5f3a (size before relaxing)
 .debug_str     0x000000000008aa15       0x52 Core/Src/system_stm32f1xx.o
                                      0x847a1 (size before relaxing)
 .debug_str     0x000000000008aa67      0x17a Core/Src/tim.o
                                      0x8513d (size before relaxing)
 .debug_str     0x000000000008abe1       0x57 Core/Src/usart.o
                                      0x84ee4 (size before relaxing)
 .debug_str     0x000000000008ac38       0x36 Core/Startup/startup_stm32f103c8tx.o
                                         0x6a (size before relaxing)
 .debug_str     0x000000000008ac6e      0x2d5 Drivers/STM32F1xx_HAL_Driver/Src/stm32f1xx_hal.o
                                      0x84e32 (size before relaxing)
 .debug_str     0x000000000008af43      0x300 Drivers/STM32F1xx_HAL_Driver/Src/stm32f1xx_hal_cortex.o
                                      0x84e3a (size before relaxing)
 .debug_str     0x000000000008b243      0x230 Drivers/STM32F1xx_HAL_Driver/Src/stm32f1xx_hal_dma.o
                                      0x84b7c (size before relaxing)
 .debug_str     0x000000000008b473      0x2fe Drivers/STM32F1xx_HAL_Driver/Src/stm32f1xx_hal_gpio.o
                                      0x84b65 (size before relaxing)
 .debug_str     0x000000000008b771      0xb4c Drivers/STM32F1xx_HAL_Driver/Src/stm32f1xx_hal_i2c.o
                                      0x857dd (size before relaxing)
 .debug_str     0x000000000008c2bd      0x507 Drivers/STM32F1xx_HAL_Driver/Src/stm32f1xx_hal_pwr.o
                                      0x84d04 (size before relaxing)
 .debug_str     0x000000000008c7c4      0x238 Drivers/STM32F1xx_HAL_Driver/Src/stm32f1xx_hal_rcc.o
                                      0x84b9e (size before relaxing)
 .debug_str     0x000000000008c9fc      0xd85 Drivers/STM32F1xx_HAL_Driver/Src/stm32f1xx_hal_tim.o
                                      0x85b70 (size before relaxing)
 .debug_str     0x000000000008d781      0x517 Drivers/STM32F1xx_HAL_Driver/Src/stm32f1xx_hal_tim_ex.o
                                      0x8534a (size before relaxing)
 .debug_str     0x000000000008dc98      0x524 Drivers/STM32F1xx_HAL_Driver/Src/stm32f1xx_hal_uart.o
                                      0x850a4 (size before relaxing)

.comment        0x0000000000000000       0x7b
 .comment       0x0000000000000000       0x7b Core/McuLib/commonlib/src/mylibs/drv/commDrv/select/Re_commDrv_stm32f1_hal.o
                                         0x7c (size before relaxing)
 .comment       0x000000000000007b       0x7c Core/Src/as608.o
 .comment       0x000000000000007b       0x7c Core/Src/gpio.o
 .comment       0x000000000000007b       0x7c Core/Src/i2c.o
 .comment       0x000000000000007b       0x7c Core/Src/main.o
 .comment       0x000000000000007b       0x7c Core/Src/oled.o
 .comment       0x000000000000007b       0x7c Core/Src/stm32f1xx_hal_msp.o
 .comment       0x000000000000007b       0x7c Core/Src/stm32f1xx_it.o
 .comment       0x000000000000007b       0x7c Core/Src/syscalls.o
 .comment       0x000000000000007b       0x7c Core/Src/sysmem.o
 .comment       0x000000000000007b       0x7c Core/Src/system_stm32f1xx.o
 .comment       0x000000000000007b       0x7c Core/Src/tim.o
 .comment       0x000000000000007b       0x7c Core/Src/usart.o
 .comment       0x000000000000007b       0x7c Drivers/STM32F1xx_HAL_Driver/Src/stm32f1xx_hal.o
 .comment       0x000000000000007b       0x7c Drivers/STM32F1xx_HAL_Driver/Src/stm32f1xx_hal_cortex.o
 .comment       0x000000000000007b       0x7c Drivers/STM32F1xx_HAL_Driver/Src/stm32f1xx_hal_dma.o
 .comment       0x000000000000007b       0x7c Drivers/STM32F1xx_HAL_Driver/Src/stm32f1xx_hal_gpio.o
 .comment       0x000000000000007b       0x7c Drivers/STM32F1xx_HAL_Driver/Src/stm32f1xx_hal_i2c.o
 .comment       0x000000000000007b       0x7c Drivers/STM32F1xx_HAL_Driver/Src/stm32f1xx_hal_pwr.o
 .comment       0x000000000000007b       0x7c Drivers/STM32F1xx_HAL_Driver/Src/stm32f1xx_hal_rcc.o
 .comment       0x000000000000007b       0x7c Drivers/STM32F1xx_HAL_Driver/Src/stm32f1xx_hal_tim.o
 .comment       0x000000000000007b       0x7c Drivers/STM32F1xx_HAL_Driver/Src/stm32f1xx_hal_tim_ex.o
 .comment       0x000000000000007b       0x7c Drivers/STM32F1xx_HAL_Driver/Src/stm32f1xx_hal_uart.o

.debug_frame    0x0000000000000000     0x4e98
 .debug_frame   0x0000000000000000       0xc0 Core/McuLib/commonlib/src/mylibs/drv/commDrv/select/Re_commDrv_stm32f1_hal.o
 .debug_frame   0x00000000000000c0      0x258 Core/Src/as608.o
 .debug_frame   0x0000000000000318       0x34 Core/Src/gpio.o
 .debug_frame   0x000000000000034c       0x74 Core/Src/i2c.o
 .debug_frame   0x00000000000003c0      0x134 Core/Src/main.o
 .debug_frame   0x00000000000004f4      0x1fc Core/Src/oled.o
 .debug_frame   0x00000000000006f0       0x38 Core/Src/stm32f1xx_hal_msp.o
 .debug_frame   0x0000000000000728      0x158 Core/Src/stm32f1xx_it.o
 .debug_frame   0x0000000000000880      0x2ac Core/Src/syscalls.o
 .debug_frame   0x0000000000000b2c       0x34 Core/Src/sysmem.o
 .debug_frame   0x0000000000000b60       0x58 Core/Src/system_stm32f1xx.o
 .debug_frame   0x0000000000000bb8       0xa0 Core/Src/tim.o
 .debug_frame   0x0000000000000c58       0x74 Core/Src/usart.o
 .debug_frame   0x0000000000000ccc      0x334 Drivers/STM32F1xx_HAL_Driver/Src/stm32f1xx_hal.o
 .debug_frame   0x0000000000001000      0x428 Drivers/STM32F1xx_HAL_Driver/Src/stm32f1xx_hal_cortex.o
 .debug_frame   0x0000000000001428      0x208 Drivers/STM32F1xx_HAL_Driver/Src/stm32f1xx_hal_dma.o