oled.c:5:13:OLED_Write_Cmd	32	static
oled.c:15:13:OLED_Write_Dat	32	static
oled.c:25:6:OLED_Set_Pos	16	static
oled.c:32:6:OLED_Display_On	8	static
oled.c:39:6:OLED_Display_Off	8	static
oled.c:46:6:OLED_Clear	16	static
oled.c:61:6:OLED_On	16	static
oled.c:76:6:OLED_ShowChar	32	static
oled.c:110:17:oled_pow	24	static
oled.c:117:6:OLED_ShowNum	24	static
oled.c:137:6:OLED_ShowString	24	static
oled.c:148:6:OLED_ShowCHinese	24	static
oled.c:165:6:OLED_DrawBMP	32	static
oled.c:189:6:OLED_Init	8	static
